../src/hw/driver/uart.c:244:7:HAL_UART_MspDeInit.part.0	8	static
../src/hw/driver/uart.c:21:6:uartInit	0	static
../src/hw/driver/uart.c:30:6:uartOpen	24	static
../src/hw/driver/uart.c:83:10:uartAvailable	0	static
../src/hw/driver/uart.c:100:9:uartRead	16	static
../src/hw/driver/uart.c:117:10:uartWrite	8	static
../src/hw/driver/uart.c:137:10:uartPrintf	276	static
../src/hw/driver/uart.c:153:10:uartGetBaud	0	static
../src/hw/driver/uart.c:170:6:HAL_UART_ErrorCallback	0	static
../src/hw/driver/uart.c:180:7:HAL_UART_RxCpltCallback	0	static
../src/hw/driver/uart.c:192:7:HAL_UART_MspInit	40	static
../src/hw/driver/uart.c:244:7:HAL_UART_MspDeInit	0	static
