Archive member included to satisfy reference by file (symbol)

C:/ST/STM32CubeIDE_1.16.0/STM32CubeIDE/plugins/com.st.stm32cube.ide.mcu.externaltools.gnu-tools-for-stm32.12.3.rel1.win32_1.0.200.202406191623/tools/bin/../lib/gcc/arm-none-eabi/12.3.1/../../../../arm-none-eabi/lib/thumb/v7-m/nofp\libc_nano.a(libc_a-exit.o)
                              C:/ST/STM32CubeIDE_1.16.0/STM32CubeIDE/plugins/com.st.stm32cube.ide.mcu.externaltools.gnu-tools-for-stm32.12.3.rel1.win32_1.0.200.202406191623/tools/bin/../lib/gcc/arm-none-eabi/12.3.1/../../../../arm-none-eabi/lib/thumb/v7-m/nofp/crt0.o (exit)
C:/ST/STM32CubeIDE_1.16.0/STM32CubeIDE/plugins/com.st.stm32cube.ide.mcu.externaltools.gnu-tools-for-stm32.12.3.rel1.win32_1.0.200.202406191623/tools/bin/../lib/gcc/arm-none-eabi/12.3.1/../../../../arm-none-eabi/lib/thumb/v7-m/nofp\libc_nano.a(libc_a-findfp.o)
                              C:/ST/STM32CubeIDE_1.16.0/STM32CubeIDE/plugins/com.st.stm32cube.ide.mcu.externaltools.gnu-tools-for-stm32.12.3.rel1.win32_1.0.200.202406191623/tools/bin/../lib/gcc/arm-none-eabi/12.3.1/../../../../arm-none-eabi/lib/thumb/v7-m/nofp\libc_nano.a(libc_a-exit.o) (__stdio_exit_handler)
C:/ST/STM32CubeIDE_1.16.0/STM32CubeIDE/plugins/com.st.stm32cube.ide.mcu.externaltools.gnu-tools-for-stm32.12.3.rel1.win32_1.0.200.202406191623/tools/bin/../lib/gcc/arm-none-eabi/12.3.1/../../../../arm-none-eabi/lib/thumb/v7-m/nofp\libc_nano.a(libc_a-fwalk.o)
                              C:/ST/STM32CubeIDE_1.16.0/STM32CubeIDE/plugins/com.st.stm32cube.ide.mcu.externaltools.gnu-tools-for-stm32.12.3.rel1.win32_1.0.200.202406191623/tools/bin/../lib/gcc/arm-none-eabi/12.3.1/../../../../arm-none-eabi/lib/thumb/v7-m/nofp\libc_nano.a(libc_a-findfp.o) (_fwalk_sglue)
C:/ST/STM32CubeIDE_1.16.0/STM32CubeIDE/plugins/com.st.stm32cube.ide.mcu.externaltools.gnu-tools-for-stm32.12.3.rel1.win32_1.0.200.202406191623/tools/bin/../lib/gcc/arm-none-eabi/12.3.1/../../../../arm-none-eabi/lib/thumb/v7-m/nofp\libc_nano.a(libc_a-stdio.o)
                              C:/ST/STM32CubeIDE_1.16.0/STM32CubeIDE/plugins/com.st.stm32cube.ide.mcu.externaltools.gnu-tools-for-stm32.12.3.rel1.win32_1.0.200.202406191623/tools/bin/../lib/gcc/arm-none-eabi/12.3.1/../../../../arm-none-eabi/lib/thumb/v7-m/nofp\libc_nano.a(libc_a-findfp.o) (__sread)
C:/ST/STM32CubeIDE_1.16.0/STM32CubeIDE/plugins/com.st.stm32cube.ide.mcu.externaltools.gnu-tools-for-stm32.12.3.rel1.win32_1.0.200.202406191623/tools/bin/../lib/gcc/arm-none-eabi/12.3.1/../../../../arm-none-eabi/lib/thumb/v7-m/nofp\libc_nano.a(libc_a-vsnprintf.o)
                              ./src/hw/driver/uart.o (vsnprintf)
C:/ST/STM32CubeIDE_1.16.0/STM32CubeIDE/plugins/com.st.stm32cube.ide.mcu.externaltools.gnu-tools-for-stm32.12.3.rel1.win32_1.0.200.202406191623/tools/bin/../lib/gcc/arm-none-eabi/12.3.1/../../../../arm-none-eabi/lib/thumb/v7-m/nofp\libc_nano.a(libc_a-memset.o)
                              C:/ST/STM32CubeIDE_1.16.0/STM32CubeIDE/plugins/com.st.stm32cube.ide.mcu.externaltools.gnu-tools-for-stm32.12.3.rel1.win32_1.0.200.202406191623/tools/bin/../lib/gcc/arm-none-eabi/12.3.1/../../../../arm-none-eabi/lib/thumb/v7-m/nofp/crt0.o (memset)
C:/ST/STM32CubeIDE_1.16.0/STM32CubeIDE/plugins/com.st.stm32cube.ide.mcu.externaltools.gnu-tools-for-stm32.12.3.rel1.win32_1.0.200.202406191623/tools/bin/../lib/gcc/arm-none-eabi/12.3.1/../../../../arm-none-eabi/lib/thumb/v7-m/nofp\libc_nano.a(libc_a-closer.o)
                              C:/ST/STM32CubeIDE_1.16.0/STM32CubeIDE/plugins/com.st.stm32cube.ide.mcu.externaltools.gnu-tools-for-stm32.12.3.rel1.win32_1.0.200.202406191623/tools/bin/../lib/gcc/arm-none-eabi/12.3.1/../../../../arm-none-eabi/lib/thumb/v7-m/nofp\libc_nano.a(libc_a-stdio.o) (_close_r)
C:/ST/STM32CubeIDE_1.16.0/STM32CubeIDE/plugins/com.st.stm32cube.ide.mcu.externaltools.gnu-tools-for-stm32.12.3.rel1.win32_1.0.200.202406191623/tools/bin/../lib/gcc/arm-none-eabi/12.3.1/../../../../arm-none-eabi/lib/thumb/v7-m/nofp\libc_nano.a(libc_a-reent.o)
                              C:/ST/STM32CubeIDE_1.16.0/STM32CubeIDE/plugins/com.st.stm32cube.ide.mcu.externaltools.gnu-tools-for-stm32.12.3.rel1.win32_1.0.200.202406191623/tools/bin/../lib/gcc/arm-none-eabi/12.3.1/../../../../arm-none-eabi/lib/thumb/v7-m/nofp\libc_nano.a(libc_a-closer.o) (errno)
C:/ST/STM32CubeIDE_1.16.0/STM32CubeIDE/plugins/com.st.stm32cube.ide.mcu.externaltools.gnu-tools-for-stm32.12.3.rel1.win32_1.0.200.202406191623/tools/bin/../lib/gcc/arm-none-eabi/12.3.1/../../../../arm-none-eabi/lib/thumb/v7-m/nofp\libc_nano.a(libc_a-impure.o)
                              C:/ST/STM32CubeIDE_1.16.0/STM32CubeIDE/plugins/com.st.stm32cube.ide.mcu.externaltools.gnu-tools-for-stm32.12.3.rel1.win32_1.0.200.202406191623/tools/bin/../lib/gcc/arm-none-eabi/12.3.1/../../../../arm-none-eabi/lib/thumb/v7-m/nofp\libc_nano.a(libc_a-vsnprintf.o) (_impure_ptr)
[...]
Memory Configuration

Name             Origin             Length             Attributes
RAM              0x20000000         0x00005000         xrw
FLASH            0x08000000         0x00010000         xr
*default*        0x00000000         0xffffffff

Linker script and memory map

LOAD C:/ST/STM32CubeIDE_1.16.0/STM32CubeIDE/plugins/com.st.stm32cube.ide.mcu.externaltools.gnu-tools-for-stm32.12.3.rel1.win32_1.0.200.202406191623/tools/bin/../lib/gcc/arm-none-eabi/12.3.1/thumb/v7-m/nofp/crti.o
LOAD C:/ST/STM32CubeIDE_1.16.0/STM32CubeIDE/plugins/com.st.stm32cube.ide.mcu.externaltools.gnu-tools-for-stm32.12.3.rel1.win32_1.0.200.202406191623/tools/bin/../lib/gcc/arm-none-eabi/12.3.1/thumb/v7-m/nofp/crtbegin.o
LOAD C:/ST/STM32CubeIDE_1.16.0/STM32CubeIDE/plugins/com.st.stm32cube.ide.mcu.externaltools.gnu-tools-for-stm32.12.3.rel1.win32_1.0.200.202406191623/tools/bin/../lib/gcc/arm-none-eabi/12.3.1/../../../../arm-none-eabi/lib/thumb/v7-m/nofp/crt0.o
LOAD ./src/ap/ap.o
LOAD ./src/bsp/bsp.o
LOAD ./src/bsp/stm32f1xx_hal_msp.o
LOAD ./src/bsp/stm32f1xx_it.o
LOAD ./src/bsp/syscalls.o
LOAD ./src/bsp/sysmem.o
LOAD ./src/bsp/system_stm32f1xx.o
LOAD ./src/bsp/startup/startup_stm32f103c8tx.o
LOAD ./src/common/core/qbuffer.o
LOAD ./src/hw/driver/cdc.o
LOAD ./src/hw/driver/led.o
LOAD ./src/hw/driver/reset.o
LOAD ./src/hw/driver/rtc.o
LOAD ./src/hw/driver/uart.o
LOAD ./src/hw/driver/usb.o
LOAD ./src/hw/hw.o
LOAD ./src/lib/cube_f103/Drivers/STM32F1xx_HAL_Driver/Src/stm32f1xx_hal.o
LOAD ./src/lib/cube_f103/Drivers/STM32F1xx_HAL_Driver/Src/stm32f1xx_hal_cortex.o
LOAD ./src/lib/cube_f103/Drivers/STM32F1xx_HAL_Driver/Src/stm32f1xx_hal_dma.o
LOAD ./src/lib/cube_f103/Drivers/STM32F1xx_HAL_Driver/Src/stm32f1xx_hal_exti.o
LOAD ./src/lib/cube_f103/Drivers/STM32F1xx_HAL_Driver/Src/stm32f1xx_hal_flash.o
LOAD ./src/lib/cube_f103/Drivers/STM32F1xx_HAL_Driver/Src/stm32f1xx_hal_flash_ex.o
LOAD ./src/lib/cube_f103/Drivers/STM32F1xx_HAL_Driver/Src/stm32f1xx_hal_gpio.o
LOAD ./src/lib/cube_f103/Drivers/STM32F1xx_HAL_Driver/Src/stm32f1xx_hal_gpio_ex.o
LOAD ./src/lib/cube_f103/Drivers/STM32F1xx_HAL_Driver/Src/stm32f1xx_hal_pcd.o
LOAD ./src/lib/cube_f103/Drivers/STM32F1xx_HAL_Driver/Src/stm32f1xx_hal_pcd_ex.o
LOAD ./src/lib/cube_f103/Drivers/STM32F1xx_HAL_Driver/Src/stm32f1xx_hal_pwr.o
LOAD ./src/lib/cube_f103/Drivers/STM32F1xx_HAL_Driver/Src/stm32f1xx_hal_rcc.o
LOAD ./src/lib/cube_f103/Drivers/STM32F1xx_HAL_Driver/Src/stm32f1xx_hal_rcc_ex.o
LOAD ./src/lib/cube_f103/Drivers/STM32F1xx_HAL_Driver/Src/stm32f1xx_hal_rtc.o
LOAD ./src/lib/cube_f103/Drivers/STM32F1xx_HAL_Driver/Src/stm32f1xx_hal_rtc_ex.o
LOAD ./src/lib/cube_f103/Drivers/STM32F1xx_HAL_Driver/Src/stm32f1xx_hal_tim.o
LOAD ./src/lib/cube_f103/Drivers/STM32F1xx_HAL_Driver/Src/stm32f1xx_hal_tim_ex.o
LOAD ./src/lib/cube_f103/Drivers/STM32F1xx_HAL_Driver/Src/stm32f1xx_hal_uart.o
LOAD ./src/lib/cube_f103/Drivers/STM32F1xx_HAL_Driver/Src/stm32f1xx_ll_usb.o
LOAD ./src/lib/cube_f103/Middlewares/ST/STM32_USB_Device_Library/Class/CDC/Src/usbd_cdc.o
LOAD ./src/lib/cube_f103/Middlewares/ST/STM32_USB_Device_Library/Core/Src/usbd_core.o
LOAD ./src/lib/cube_f103/Middlewares/ST/STM32_USB_Device_Library/Core/Src/usbd_ctlreq.o
LOAD ./src/lib/cube_f103/Middlewares/ST/STM32_USB_Device_Library/Core/Src/usbd_ioreq.o
LOAD ./src/lib/cube_f103/USB_DEVICE/App/usb_device.o
LOAD ./src/lib/cube_f103/USB_DEVICE/App/usbd_cdc_if.o
LOAD ./src/lib/cube_f103/USB_DEVICE/App/usbd_desc.o
LOAD ./src/lib/cube_f103/USB_DEVICE/Target/usbd_conf.o
LOAD ./src/main.o
START GROUP
LOAD C:/ST/STM32CubeIDE_1.16.0/STM32CubeIDE/plugins/com.st.stm32cube.ide.mcu.externaltools.gnu-tools-for-stm32.12.3.rel1.win32_1.0.200.202406191623/tools/bin/../lib/gcc/arm-none-eabi/12.3.1/../../../../arm-none-eabi/lib/thumb/v7-m/nofp\libc_nano.a
LOAD C:/ST/STM32CubeIDE_1.16.0/STM32CubeIDE/plugins/com.st.stm32cube.ide.mcu.externaltools.gnu-tools-for-stm32.12.3.rel1.win32_1.0.200.202406191623/tools/bin/../lib/gcc/arm-none-eabi/12.3.1/../../../../arm-none-eabi/lib/thumb/v7-m/nofp\libm.a
END GROUP
START GROUP
LOAD C:/ST/STM32CubeIDE_1.16.0/STM32CubeIDE/plugins/com.st.stm32cube.ide.mcu.externaltools.gnu-tools-for-stm32.12.3.rel1.win32_1.0.200.202406191623/tools/bin/../lib/gcc/arm-none-eabi/12.3.1/thumb/v7-m/nofp\libgcc.a
LOAD C:/ST/STM32CubeIDE_1.16.0/STM32CubeIDE/plugins/com.st.stm32cube.ide.mcu.externaltools.gnu-tools-for-stm32.12.3.rel1.win32_1.0.200.202406191623/tools/bin/../lib/gcc/arm-none-eabi/12.3.1/../../../../arm-none-eabi/lib/thumb/v7-m/nofp\libc_nano.a
END GROUP
START GROUP
LOAD C:/ST/STM32CubeIDE_1.16.0/STM32CubeIDE/plugins/com.st.stm32cube.ide.mcu.externaltools.gnu-tools-for-stm32.12.3.rel1.win32_1.0.200.202406191623/tools/bin/../lib/gcc/arm-none-eabi/12.3.1/thumb/v7-m/nofp\libgcc.a
LOAD C:/ST/STM32CubeIDE_1.16.0/STM32CubeIDE/plugins/com.st.stm32cube.ide.mcu.externaltools.gnu-tools-for-stm32.12.3.rel1.win32_1.0.200.202406191623/tools/bin/../lib/gcc/arm-none-eabi/12.3.1/../../../../arm-none-eabi/lib/thumb/v7-m/nofp\libc_nano.a
LOAD C:/ST/STM32CubeIDE_1.16.0/STM32CubeIDE/plugins/com.st.stm32cube.ide.mcu.externaltools.gnu-tools-for-stm32.12.3.rel1.win32_1.0.200.202406191623/tools/bin/../lib/gcc/arm-none-eabi/12.3.1/../../../../arm-none-eabi/lib/thumb/v7-m/nofp\libnosys.a
END GROUP
START GROUP
LOAD C:/ST/STM32CubeIDE_1.16.0/STM32CubeIDE/plugins/com.st.stm32cube.ide.mcu.externaltools.gnu-tools-for-stm32.12.3.rel1.win32_1.0.200.202406191623/tools/bin/../lib/gcc/arm-none-eabi/12.3.1/thumb/v7-m/nofp\libgcc.a
LOAD C:/ST/STM32CubeIDE_1.16.0/STM32CubeIDE/plugins/com.st.stm32cube.ide.mcu.externaltools.gnu-tools-for-stm32.12.3.rel1.win32_1.0.200.202406191623/tools/bin/../lib/gcc/arm-none-eabi/12.3.1/../../../../arm-none-eabi/lib/thumb/v7-m/nofp\libc_nano.a
LOAD C:/ST/STM32CubeIDE_1.16.0/STM32CubeIDE/plugins/com.st.stm32cube.ide.mcu.externaltools.gnu-tools-for-stm32.12.3.rel1.win32_1.0.200.202406191623/tools/bin/../lib/gcc/arm-none-eabi/12.3.1/../../../../arm-none-eabi/lib/thumb/v7-m/nofp\libnosys.a
END GROUP
LOAD C:/ST/STM32CubeIDE_1.16.0/STM32CubeIDE/plugins/com.st.stm32cube.ide.mcu.externaltools.gnu-tools-for-stm32.12.3.rel1.win32_1.0.200.202406191623/tools/bin/../lib/gcc/arm-none-eabi/12.3.1/thumb/v7-m/nofp/crtend.o
LOAD C:/ST/STM32CubeIDE_1.16.0/STM32CubeIDE/plugins/com.st.stm32cube.ide.mcu.externaltools.gnu-tools-for-stm32.12.3.rel1.win32_1.0.200.202406191623/tools/bin/../lib/gcc/arm-none-eabi/12.3.1/thumb/v7-m/nofp/crtn.o
                0x20005000                        _estack = (ORIGIN (RAM) + LENGTH (RAM))
                0x00000200                        _Min_Heap_Size = 0x200
                0x00000400                        _Min_Stack_Size = 0x400

.isr_vector     0x08000000      0x10c
                0x08000000                        . = ALIGN (0x4)
 *(.isr_vector)
 .isr_vector    0x08000000      0x10c ./src/bsp/startup/startup_stm32f103c8tx.o
                0x08000000                g_pfnVectors
                0x0800010c                        . = ALIGN (0x4)

.text           0x0800010c     0x44f8
                0x0800010c                        . = ALIGN (0x4)
 *(.text)
 .text          0x0800010c       0x40 C:/ST/STM32CubeIDE_1.16.0/STM32CubeIDE/plugins/com.st.stm32cube.ide.mcu.externaltools.gnu-tools-for-stm32.12.3.rel1.win32_1.0.200.202406191623/tools/bin/../lib/gcc/arm-none-eabi/12.3.1/thumb/v7-m/nofp/crtbegin.o
 .text          0x0800014c       0x10 C:/ST/STM32CubeIDE_1.16.0/STM32CubeIDE/plugins/com.st.stm32cube.ide.mcu.externaltools.gnu-tools-for-stm32.12.3.rel1.win32_1.0.200.202406191623/tools/bin/../lib/gcc/arm-none-eabi/12.3.1/../../../../arm-none-eabi/lib/thumb/v7-m/nofp\libc_nano.a(libc_a-strlen.o)
                0x0800014c                strlen
 *(.text*)
 .text.apInit   0x0800015c       0x1a ./src/ap/ap.o
                0x0800015c                apInit
 .text.apMain   0x08000176       0xa8 ./src/ap/ap.o
                0x08000176                apMain
 .text.delay    0x0800021e        0x4 ./src/bsp/bsp.o
                0x0800021e                delay
 .text.millis   0x08000222        0x4 ./src/bsp/bsp.o
                0x08000222                millis
 .text.SystemClock_Config
                0x08000226       0x86 ./src/bsp/bsp.o
                0x08000226                SystemClock_Config
 .text.bspInit  0x080002ac       0x3c ./src/bsp/bsp.o
                0x080002ac                bspInit
 .text.Error_Handler
                0x080002e8        0x4 ./src/bsp/bsp.o
                0x080002e8                Error_Handler
 .text.HAL_MspInit
                0x080002ec       0x44 ./src/bsp/stm32f1xx_hal_msp.o
                0x080002ec                HAL_MspInit
 .text.NMI_Handler
                0x08000330        0x2 ./src/bsp/stm32f1xx_it.o
                0x08000330                NMI_Handler
 .text.HardFault_Handler
                0x08000332        0x2 ./src/bsp/stm32f1xx_it.o
                0x08000332                HardFault_Handler
 .text.MemManage_Handler
                0x08000334        0x2 ./src/bsp/stm32f1xx_it.o
                0x08000334                MemManage_Handler
 .text.BusFault_Handler
                0x08000336        0x2 ./src/bsp/stm32f1xx_it.o
                0x08000336                BusFault_Handler
 .text.UsageFault_Handler
                0x08000338        0x2 ./src/bsp/stm32f1xx_it.o
                0x08000338                UsageFault_Handler
 .text.SVC_Handler
                0x0800033a        0x2 ./src/bsp/stm32f1xx_it.o
                0x0800033a                SVC_Handler
 .text.DebugMon_Handler
                0x0800033c        0x2 ./src/bsp/stm32f1xx_it.o
                0x0800033c                DebugMon_Handler
 .text.PendSV_Handler
                0x0800033e        0x2 ./src/bsp/stm32f1xx_it.o
                0x0800033e                PendSV_Handler
 .text.SysTick_Handler
                0x08000340        0x4 ./src/bsp/stm32f1xx_it.o
                0x08000340                SysTick_Handler
 .text.DMA1_Channel5_IRQHandler
                0x08000344        0xc ./src/bsp/stm32f1xx_it.o
                0x08000344                DMA1_Channel5_IRQHandler
 .text.USB_LP_CAN1_RX0_IRQHandler
                0x08000350        0xc ./src/bsp/stm32f1xx_it.o
                0x08000350                USB_LP_CAN1_RX0_IRQHandler
 .text.USART1_IRQHandler
                0x0800035c        0xc ./src/bsp/stm32f1xx_it.o
                0x0800035c                USART1_IRQHandler
 .text.SystemInit
                0x08000368        0x2 ./src/bsp/system_stm32f1xx.o
                0x08000368                SystemInit
 *fill*         0x0800036a        0x2 
 .text.Reset_Handler
                0x0800036c       0x48 ./src/bsp/startup/startup_stm32f103c8tx.o
                0x0800036c                Reset_Handler
 .text.Default_Handler
                0x080003b4        0x2 ./src/bsp/startup/startup_stm32f103c8tx.o
                0x080003b4                RTC_Alarm_IRQHandler
                0x080003b4                EXTI2_IRQHandler
                0x080003b4                TIM1_CC_IRQHandler
                0x080003b4                PVD_IRQHandler
                0x080003b4                EXTI3_IRQHandler
                0x080003b4                EXTI0_IRQHandler
                0x080003b4                I2C2_EV_IRQHandler
                0x080003b4                ADC1_2_IRQHandler
                0x080003b4                SPI1_IRQHandler
                0x080003b4                TAMPER_IRQHandler
                0x080003b4                DMA1_Channel4_IRQHandler
                0x080003b4                USART3_IRQHandler
                0x080003b4                RTC_IRQHandler
                0x080003b4                DMA1_Channel7_IRQHandler
                0x080003b4                CAN1_RX1_IRQHandler
                0x080003b4                TIM4_IRQHandler
                0x080003b4                I2C1_EV_IRQHandler
                0x080003b4                DMA1_Channel6_IRQHandler
                0x080003b4                TIM3_IRQHandler
                0x080003b4                RCC_IRQHandler
                0x080003b4                TIM1_TRG_COM_IRQHandler
                0x080003b4                DMA1_Channel1_IRQHandler
                0x080003b4                Default_Handler
                0x080003b4                EXTI15_10_IRQHandler
                0x080003b4                EXTI9_5_IRQHandler
                0x080003b4                SPI2_IRQHandler
                0x080003b4                EXTI4_IRQHandler
                0x080003b4                USB_HP_CAN1_TX_IRQHandler
                0x080003b4                DMA1_Channel3_IRQHandler
                0x080003b4                TIM1_UP_IRQHandler
                0x080003b4                WWDG_IRQHandler
                0x080003b4                TIM2_IRQHandler
                0x080003b4                TIM1_BRK_IRQHandler
                0x080003b4                EXTI1_IRQHandler
                0x080003b4                USART2_IRQHandler
                0x080003b4                I2C2_ER_IRQHandler
                0x080003b4                DMA1_Channel2_IRQHandler
                0x080003b4                CAN1_SCE_IRQHandler
                0x080003b4                FLASH_IRQHandler
                0x080003b4                I2C1_ER_IRQHandler
                0x080003b4                USBWakeUp_IRQHandler
 .text.qbufferCreate
                0x080003b6        0xe ./src/common/core/qbuffer.o
                0x080003b6                qbufferCreate
 .text.qbufferRead
                0x080003c4       0x34 ./src/common/core/qbuffer.o
                0x080003c4                qbufferRead
 .text.qbufferAvailable
                0x080003f8       0x12 ./src/common/core/qbuffer.o
                0x080003f8                qbufferAvailable
 *fill*         0x0800040a        0x2 
 .text.ledOff.part.0
                0x0800040c       0x10 ./src/hw/driver/led.o
 .text.ledInit  0x0800041c       0x60 ./src/hw/driver/led.o
                0x0800041c                ledInit
 .text.ledToggle
                0x0800047c       0x14 ./src/hw/driver/led.o
                0x0800047c                ledToggle
 .text.resetInit
                0x08000490       0x38 ./src/hw/driver/reset.o
                0x08000490                resetInit
 .text.rtcInit  0x080004c8       0x48 ./src/hw/driver/rtc.o
                0x080004c8                rtcInit
 .text.rtcBackupRegRead
                0x08000510        0xc ./src/hw/driver/rtc.o
                0x08000510                rtcBackupRegRead
 .text.rtcBackupRegWrite
                0x0800051c       0x10 ./src/hw/driver/rtc.o
                0x0800051c                rtcBackupRegWrite
 .text.HAL_RTC_MspInit
                0x0800052c       0x3c ./src/hw/driver/rtc.o
                0x0800052c                HAL_RTC_MspInit
 .text.HAL_UART_MspDeInit.part.0
                0x08000568       0x30 ./src/hw/driver/uart.o
 .text.uartInit
                0x08000598        0x4 ./src/hw/driver/uart.o
                0x08000598                uartInit
 .text.uartOpen
                0x0800059c       0xac ./src/hw/driver/uart.o
                0x0800059c                uartOpen
 .text.uartAvailable
                0x08000648       0x2c ./src/hw/driver/uart.o
                0x08000648                uartAvailable
 .text.uartRead
                0x08000674       0x34 ./src/hw/driver/uart.o
                0x08000674                uartRead
 .text.uartWrite
                0x080006a8       0x34 ./src/hw/driver/uart.o
                0x080006a8                uartWrite
 .text.uartGetBaud
                0x080006dc       0x18 ./src/hw/driver/uart.o
                0x080006dc                uartGetBaud
 .text.HAL_UART_ErrorCallback
                0x080006f4        0x2 ./src/hw/driver/uart.o
                0x080006f4                HAL_UART_ErrorCallback
 .text.HAL_UART_RxCpltCallback
                0x080006f6        0x2 ./src/hw/driver/uart.o
                0x080006f6                HAL_UART_RxCpltCallback
 .text.HAL_UART_MspInit
                0x080006f8       0xb8 ./src/hw/driver/uart.o
                0x080006f8                HAL_UART_MspInit
 .text.usbInit  0x080007b0       0x50 ./src/hw/driver/usb.o
                0x080007b0                usbInit
 .text.hwInit   0x08000800       0x1e ./src/hw/hw.o
                0x08000800                hwInit
 *fill*         0x0800081e        0x2 
 .text.HAL_InitTick
                0x08000820       0x48 ./src/lib/cube_f103/Drivers/STM32F1xx_HAL_Driver/Src/stm32f1xx_hal.o
                0x08000820                HAL_InitTick
 .text.HAL_Init
                0x08000868       0x24 ./src/lib/cube_f103/Drivers/STM32F1xx_HAL_Driver/Src/stm32f1xx_hal.o
                0x08000868                HAL_Init
 .text.HAL_IncTick
                0x0800088c       0x18 ./src/lib/cube_f103/Drivers/STM32F1xx_HAL_Driver/Src/stm32f1xx_hal.o
                0x0800088c                HAL_IncTick
 .text.HAL_GetTick
                0x080008a4        0xc ./src/lib/cube_f103/Drivers/STM32F1xx_HAL_Driver/Src/stm32f1xx_hal.o
                0x080008a4                HAL_GetTick
 .text.HAL_Delay
                0x080008b0       0x24 ./src/lib/cube_f103/Drivers/STM32F1xx_HAL_Driver/Src/stm32f1xx_hal.o
                0x080008b0                HAL_Delay
 .text.HAL_NVIC_SetPriorityGrouping
                0x080008d4       0x24 ./src/lib/cube_f103/Drivers/STM32F1xx_HAL_Driver/Src/stm32f1xx_hal_cortex.o
                0x080008d4                HAL_NVIC_SetPriorityGrouping
 .text.HAL_NVIC_SetPriority
                0x080008f8       0x60 ./src/lib/cube_f103/Drivers/STM32F1xx_HAL_Driver/Src/stm32f1xx_hal_cortex.o
                0x080008f8                HAL_NVIC_SetPriority
 .text.HAL_NVIC_EnableIRQ
                0x08000958       0x1c ./src/lib/cube_f103/Drivers/STM32F1xx_HAL_Driver/Src/stm32f1xx_hal_cortex.o
                0x08000958                HAL_NVIC_EnableIRQ
 .text.HAL_NVIC_DisableIRQ
                0x08000974       0x24 ./src/lib/cube_f103/Drivers/STM32F1xx_HAL_Driver/Src/stm32f1xx_hal_cortex.o
                0x08000974                HAL_NVIC_DisableIRQ
 .text.HAL_SYSTICK_Config
                0x08000998       0x28 ./src/lib/cube_f103/Drivers/STM32F1xx_HAL_Driver/Src/stm32f1xx_hal_cortex.o
                0x08000998                HAL_SYSTICK_Config
 .text.HAL_DMA_Init
                0x080009c0       0x64 ./src/lib/cube_f103/Drivers/STM32F1xx_HAL_Driver/Src/stm32f1xx_hal_dma.o
                0x080009c0                HAL_DMA_Init
 .text.HAL_DMA_DeInit
                0x08000a24       0x54 ./src/lib/cube_f103/Drivers/STM32F1xx_HAL_Driver/Src/stm32f1xx_hal_dma.o
                0x08000a24                HAL_DMA_DeInit
 .text.HAL_DMA_Start_IT
                0x08000a78       0x78 ./src/lib/cube_f103/Drivers/STM32F1xx_HAL_Driver/Src/stm32f1xx_hal_dma.o
                0x08000a78                HAL_DMA_Start_IT
 .text.HAL_DMA_Abort
                0x08000af0       0x3e ./src/lib/cube_f103/Drivers/STM32F1xx_HAL_Driver/Src/stm32f1xx_hal_dma.o
                0x08000af0                HAL_DMA_Abort
 *fill*         0x08000b2e        0x2 
 .text.HAL_DMA_Abort_IT
                0x08000b30       0x8c ./src/lib/cube_f103/Drivers/STM32F1xx_HAL_Driver/Src/stm32f1xx_hal_dma.o
                0x08000b30                HAL_DMA_Abort_IT
 .text.HAL_DMA_IRQHandler
                0x08000bbc      0x128 ./src/lib/cube_f103/Drivers/STM32F1xx_HAL_Driver/Src/stm32f1xx_hal_dma.o
                0x08000bbc                HAL_DMA_IRQHandler
 .text.HAL_GPIO_Init
                0x08000ce4      0x1b0 ./src/lib/cube_f103/Drivers/STM32F1xx_HAL_Driver/Src/stm32f1xx_hal_gpio.o
                0x08000ce4                HAL_GPIO_Init
 .text.HAL_GPIO_DeInit
                0x08000e94       0xdc ./src/lib/cube_f103/Drivers/STM32F1xx_HAL_Driver/Src/stm32f1xx_hal_gpio.o
                0x08000e94                HAL_GPIO_DeInit
 .text.HAL_GPIO_WritePin
                0x08000f70        0xa ./src/lib/cube_f103/Drivers/STM32F1xx_HAL_Driver/Src/stm32f1xx_hal_gpio.o
                0x08000f70                HAL_GPIO_WritePin
 .text.HAL_GPIO_TogglePin
                0x08000f7a       0x12 ./src/lib/cube_f103/Drivers/STM32F1xx_HAL_Driver/Src/stm32f1xx_hal_gpio.o
                0x08000f7a                HAL_GPIO_TogglePin
 .text.HAL_PCD_Init
                0x08000f8c       0xc6 ./src/lib/cube_f103/Drivers/STM32F1xx_HAL_Driver/Src/stm32f1xx_hal_pcd.o
                0x08000f8c                HAL_PCD_Init
 .text.HAL_PCD_Start
                0x08001052       0x32 ./src/lib/cube_f103/Drivers/STM32F1xx_HAL_Driver/Src/stm32f1xx_hal_pcd.o
                0x08001052                HAL_PCD_Start
 .text.HAL_PCD_SetAddress
                0x08001084       0x26 ./src/lib/cube_f103/Drivers/STM32F1xx_HAL_Driver/Src/stm32f1xx_hal_pcd.o
                0x08001084                HAL_PCD_SetAddress
 *fill*         0x080010aa        0x2 
 .text.HAL_PCD_IRQHandler
                0x080010ac      0xa08 ./src/lib/cube_f103/Drivers/STM32F1xx_HAL_Driver/Src/stm32f1xx_hal_pcd.o
                0x080010ac                HAL_PCD_IRQHandler
 .text.HAL_PCD_EP_Open
                0x08001ab4       0x60 ./src/lib/cube_f103/Drivers/STM32F1xx_HAL_Driver/Src/stm32f1xx_hal_pcd.o
                0x08001ab4                HAL_PCD_EP_Open
 .text.HAL_PCD_EP_Close
                0x08001b14       0x50 ./src/lib/cube_f103/Drivers/STM32F1xx_HAL_Driver/Src/stm32f1xx_hal_pcd.o
                0x08001b14                HAL_PCD_EP_Close
 .text.HAL_PCD_EP_Receive
                0x08001b64       0x2e ./src/lib/cube_f103/Drivers/STM32F1xx_HAL_Driver/Src/stm32f1xx_hal_pcd.o
                0x08001b64                HAL_PCD_EP_Receive
 .text.HAL_PCD_EP_GetRxCount
                0x08001b92       0x10 ./src/lib/cube_f103/Drivers/STM32F1xx_HAL_Driver/Src/stm32f1xx_hal_pcd.o
                0x08001b92                HAL_PCD_EP_GetRxCount
 .text.HAL_PCD_EP_Transmit
                0x08001ba2       0x30 ./src/lib/cube_f103/Drivers/STM32F1xx_HAL_Driver/Src/stm32f1xx_hal_pcd.o
                0x08001ba2                HAL_PCD_EP_Transmit
 .text.HAL_PCD_EP_SetStall
                0x08001bd2       0x6c ./src/lib/cube_f103/Drivers/STM32F1xx_HAL_Driver/Src/stm32f1xx_hal_pcd.o
                0x08001bd2                HAL_PCD_EP_SetStall
 .text.HAL_PCD_EP_ClrStall
                0x08001c3e       0x64 ./src/lib/cube_f103/Drivers/STM32F1xx_HAL_Driver/Src/stm32f1xx_hal_pcd.o
                0x08001c3e                HAL_PCD_EP_ClrStall
 .text.HAL_PCDEx_PMAConfig
                0x08001ca2       0x32 ./src/lib/cube_f103/Drivers/STM32F1xx_HAL_Driver/Src/stm32f1xx_hal_pcd_ex.o
                0x08001ca2                HAL_PCDEx_PMAConfig
 .text.HAL_PWR_EnableBkUpAccess
                0x08001cd4        0xc ./src/lib/cube_f103/Drivers/STM32F1xx_HAL_Driver/Src/stm32f1xx_hal_pwr.o
                0x08001cd4                HAL_PWR_EnableBkUpAccess
 .text.HAL_RCC_OscConfig
                0x08001ce0      0x338 ./src/lib/cube_f103/Drivers/STM32F1xx_HAL_Driver/Src/stm32f1xx_hal_rcc.o
                0x08001ce0                HAL_RCC_OscConfig
 .text.HAL_RCC_GetSysClockFreq
                0x08002018       0x4c ./src/lib/cube_f103/Drivers/STM32F1xx_HAL_Driver/Src/stm32f1xx_hal_rcc.o
                0x08002018                HAL_RCC_GetSysClockFreq
 .text.HAL_RCC_ClockConfig
                0x08002064      0x138 ./src/lib/cube_f103/Drivers/STM32F1xx_HAL_Driver/Src/stm32f1xx_hal_rcc.o
                0x08002064                HAL_RCC_ClockConfig
 .text.HAL_RCC_GetPCLK1Freq
                0x0800219c       0x20 ./src/lib/cube_f103/Drivers/STM32F1xx_HAL_Driver/Src/stm32f1xx_hal_rcc.o
                0x0800219c                HAL_RCC_GetPCLK1Freq
 .text.HAL_RCC_GetPCLK2Freq
                0x080021bc       0x20 ./src/lib/cube_f103/Drivers/STM32F1xx_HAL_Driver/Src/stm32f1xx_hal_rcc.o
                0x080021bc                HAL_RCC_GetPCLK2Freq
 .text.HAL_RCCEx_PeriphCLKConfig
                0x080021dc       0xf4 ./src/lib/cube_f103/Drivers/STM32F1xx_HAL_Driver/Src/stm32f1xx_hal_rcc_ex.o
                0x080021dc                HAL_RCCEx_PeriphCLKConfig
 .text.HAL_RCCEx_GetPeriphCLKFreq
                0x080022d0       0xbc ./src/lib/cube_f103/Drivers/STM32F1xx_HAL_Driver/Src/stm32f1xx_hal_rcc_ex.o
                0x080022d0                HAL_RCCEx_GetPeriphCLKFreq
 .text.RTC_EnterInitMode
                0x0800238c       0x2e ./src/lib/cube_f103/Drivers/STM32F1xx_HAL_Driver/Src/stm32f1xx_hal_rtc.o
 .text.RTC_ExitInitMode
                0x080023ba       0x30 ./src/lib/cube_f103/Drivers/STM32F1xx_HAL_Driver/Src/stm32f1xx_hal_rtc.o
 .text.HAL_RTC_WaitForSynchro
                0x080023ea       0x36 ./src/lib/cube_f103/Drivers/STM32F1xx_HAL_Driver/Src/stm32f1xx_hal_rtc.o
                0x080023ea                HAL_RTC_WaitForSynchro
 .text.HAL_RTC_Init
                0x08002420       0x8c ./src/lib/cube_f103/Drivers/STM32F1xx_HAL_Driver/Src/stm32f1xx_hal_rtc.o
                0x08002420                HAL_RTC_Init
 .text.HAL_RTCEx_BKUPWrite
                0x080024ac       0x10 ./src/lib/cube_f103/Drivers/STM32F1xx_HAL_Driver/Src/stm32f1xx_hal_rtc_ex.o
                0x080024ac                HAL_RTCEx_BKUPWrite
 .text.HAL_RTCEx_BKUPRead
                0x080024bc       0x10 ./src/lib/cube_f103/Drivers/STM32F1xx_HAL_Driver/Src/stm32f1xx_hal_rtc_ex.o
                0x080024bc                HAL_RTCEx_BKUPRead
 .text.UART_EndRxTransfer
                0x080024cc       0x5c ./src/lib/cube_f103/Drivers/STM32F1xx_HAL_Driver/Src/stm32f1xx_hal_uart.o
 .text.UART_SetConfig
                0x08002528       0x74 ./src/lib/cube_f103/Drivers/STM32F1xx_HAL_Driver/Src/stm32f1xx_hal_uart.o
 .text.UART_WaitOnFlagUntilTimeout.constprop.0
                0x0800259c       0x64 ./src/lib/cube_f103/Drivers/STM32F1xx_HAL_Driver/Src/stm32f1xx_hal_uart.o
 .text.HAL_UART_Init
                0x08002600       0x5e ./src/lib/cube_f103/Drivers/STM32F1xx_HAL_Driver/Src/stm32f1xx_hal_uart.o
                0x08002600                HAL_UART_Init
 .text.HAL_UART_Transmit
                0x0800265e       0x9c ./src/lib/cube_f103/Drivers/STM32F1xx_HAL_Driver/Src/stm32f1xx_hal_uart.o
                0x0800265e                HAL_UART_Transmit
 .text.HAL_UART_TxCpltCallback
                0x080026fa        0x2 ./src/lib/cube_f103/Drivers/STM32F1xx_HAL_Driver/Src/stm32f1xx_hal_uart.o
                0x080026fa                HAL_UART_TxCpltCallback
 .text.HAL_UART_RxHalfCpltCallback
                0x080026fc        0x2 ./src/lib/cube_f103/Drivers/STM32F1xx_HAL_Driver/Src/stm32f1xx_hal_uart.o
                0x080026fc                HAL_UART_RxHalfCpltCallback
 .text.UART_DMAError
                0x080026fe       0x5a ./src/lib/cube_f103/Drivers/STM32F1xx_HAL_Driver/Src/stm32f1xx_hal_uart.o
 .text.UART_DMAAbortOnError
                0x08002758       0x10 ./src/lib/cube_f103/Drivers/STM32F1xx_HAL_Driver/Src/stm32f1xx_hal_uart.o
 .text.HAL_UARTEx_RxEventCallback
                0x08002768        0x2 ./src/lib/cube_f103/Drivers/STM32F1xx_HAL_Driver/Src/stm32f1xx_hal_uart.o
                0x08002768                HAL_UARTEx_RxEventCallback
 .text.UART_DMARxHalfCplt
                0x0800276a       0x1e ./src/lib/cube_f103/Drivers/STM32F1xx_HAL_Driver/Src/stm32f1xx_hal_uart.o
 .text.UART_DMAReceiveCplt
                0x08002788       0x98 ./src/lib/cube_f103/Drivers/STM32F1xx_HAL_Driver/Src/stm32f1xx_hal_uart.o
 .text.UART_Receive_IT.isra.0
                0x08002820       0xb6 ./src/lib/cube_f103/Drivers/STM32F1xx_HAL_Driver/Src/stm32f1xx_hal_uart.o
 *fill*         0x080028d6        0x2 
 .text.HAL_UART_IRQHandler
                0x080028d8      0x294 ./src/lib/cube_f103/Drivers/STM32F1xx_HAL_Driver/Src/stm32f1xx_hal_uart.o
                0x080028d8                HAL_UART_IRQHandler
 .text.UART_Start_Receive_DMA
                0x08002b6c       0x98 ./src/lib/cube_f103/Drivers/STM32F1xx_HAL_Driver/Src/stm32f1xx_hal_uart.o
                0x08002b6c                UART_Start_Receive_DMA
 .text.HAL_UART_Receive_DMA
                0x08002c04       0x22 ./src/lib/cube_f103/Drivers/STM32F1xx_HAL_Driver/Src/stm32f1xx_hal_uart.o
                0x08002c04                HAL_UART_Receive_DMA
 .text.USB_CoreInit
                0x08002c26        0xe ./src/lib/cube_f103/Drivers/STM32F1xx_HAL_Driver/Src/stm32f1xx_ll_usb.o
                0x08002c26                USB_CoreInit
 .text.USB_EnableGlobalInt
                0x08002c34       0x12 ./src/lib/cube_f103/Drivers/STM32F1xx_HAL_Driver/Src/stm32f1xx_ll_usb.o
                0x08002c34                USB_EnableGlobalInt
 .text.USB_DisableGlobalInt
                0x08002c46       0x14 ./src/lib/cube_f103/Drivers/STM32F1xx_HAL_Driver/Src/stm32f1xx_ll_usb.o
                0x08002c46                USB_DisableGlobalInt
 .text.USB_SetCurrentMode
                0x08002c5a        0x4 ./src/lib/cube_f103/Drivers/STM32F1xx_HAL_Driver/Src/stm32f1xx_ll_usb.o
                0x08002c5a                USB_SetCurrentMode
 .text.USB_DevInit
                0x08002c5e       0x22 ./src/lib/cube_f103/Drivers/STM32F1xx_HAL_Driver/Src/stm32f1xx_ll_usb.o
                0x08002c5e                USB_DevInit
 .text.USB_ActivateEndpoint
                0x08002c80      0x2c0 ./src/lib/cube_f103/Drivers/STM32F1xx_HAL_Driver/Src/stm32f1xx_ll_usb.o
                0x08002c80                USB_ActivateEndpoint
 .text.USB_DeactivateEndpoint
                0x08002f40      0x1a6 ./src/lib/cube_f103/Drivers/STM32F1xx_HAL_Driver/Src/stm32f1xx_ll_usb.o
                0x08002f40                USB_DeactivateEndpoint
 .text.USB_EPSetStall
                0x080030e6       0x40 ./src/lib/cube_f103/Drivers/STM32F1xx_HAL_Driver/Src/stm32f1xx_ll_usb.o
                0x080030e6                USB_EPSetStall
 .text.USB_EPClearStall
                0x08003126       0x92 ./src/lib/cube_f103/Drivers/STM32F1xx_HAL_Driver/Src/stm32f1xx_ll_usb.o
                0x08003126                USB_EPClearStall
 .text.USB_SetDevAddress
                0x080031b8        0xc ./src/lib/cube_f103/Drivers/STM32F1xx_HAL_Driver/Src/stm32f1xx_ll_usb.o
                0x080031b8                USB_SetDevAddress
 .text.USB_DevConnect
                0x080031c4        0x4 ./src/lib/cube_f103/Drivers/STM32F1xx_HAL_Driver/Src/stm32f1xx_ll_usb.o
                0x080031c4                USB_DevConnect
 .text.USB_DevDisconnect
                0x080031c8        0x4 ./src/lib/cube_f103/Drivers/STM32F1xx_HAL_Driver/Src/stm32f1xx_ll_usb.o
                0x080031c8                USB_DevDisconnect
 .text.USB_ReadInterrupts
                0x080031cc        0x8 ./src/lib/cube_f103/Drivers/STM32F1xx_HAL_Driver/Src/stm32f1xx_ll_usb.o
                0x080031cc                USB_ReadInterrupts
 .text.USB_EP0_OutStart
                0x080031d4        0x4 ./src/lib/cube_f103/Drivers/STM32F1xx_HAL_Driver/Src/stm32f1xx_ll_usb.o
                0x080031d4                USB_EP0_OutStart
 .text.USB_WritePMA
                0x080031d8       0x20 ./src/lib/cube_f103/Drivers/STM32F1xx_HAL_Driver/Src/stm32f1xx_ll_usb.o
                0x080031d8                USB_WritePMA
 .text.USB_EPStartXfer
                0x080031f8      0x46a ./src/lib/cube_f103/Drivers/STM32F1xx_HAL_Driver/Src/stm32f1xx_ll_usb.o
                0x080031f8                USB_EPStartXfer
 .text.USB_ReadPMA
                0x08003662       0x38 ./src/lib/cube_f103/Drivers/STM32F1xx_HAL_Driver/Src/stm32f1xx_ll_usb.o
                0x08003662                USB_ReadPMA
 .text.USBD_CDC_EP0_RxReady
                0x0800369a       0x28 ./src/lib/cube_f103/Middlewares/ST/STM32_USB_Device_Library/Class/CDC/Src/usbd_cdc.o
 *fill*         0x080036c2        0x2 
 .text.USBD_CDC_GetFSCfgDesc
                0x080036c4        0xc ./src/lib/cube_f103/Middlewares/ST/STM32_USB_Device_Library/Class/CDC/Src/usbd_cdc.o
 .text.USBD_CDC_GetHSCfgDesc
                0x080036d0        0xc ./src/lib/cube_f103/Middlewares/ST/STM32_USB_Device_Library/Class/CDC/Src/usbd_cdc.o
 .text.USBD_CDC_GetOtherSpeedCfgDesc
                0x080036dc        0xc ./src/lib/cube_f103/Middlewares/ST/STM32_USB_Device_Library/Class/CDC/Src/usbd_cdc.o
 .text.USBD_CDC_GetDeviceQualifierDescriptor
                0x080036e8        0xc ./src/lib/cube_f103/Middlewares/ST/STM32_USB_Device_Library/Class/CDC/Src/usbd_cdc.o
                0x080036e8                USBD_CDC_GetDeviceQualifierDescriptor
 .text.USBD_CDC_DataOut
                0x080036f4       0x2e ./src/lib/cube_f103/Middlewares/ST/STM32_USB_Device_Library/Class/CDC/Src/usbd_cdc.o
 .text.USBD_CDC_DataIn
                0x08003722       0x40 ./src/lib/cube_f103/Middlewares/ST/STM32_USB_Device_Library/Class/CDC/Src/usbd_cdc.o
 .text.USBD_CDC_Setup
                0x08003762       0xa2 ./src/lib/cube_f103/Middlewares/ST/STM32_USB_Device_Library/Class/CDC/Src/usbd_cdc.o
 .text.USBD_CDC_DeInit
                0x08003804       0x42 ./src/lib/cube_f103/Middlewares/ST/STM32_USB_Device_Library/Class/CDC/Src/usbd_cdc.o
 .text.USBD_CDC_Init
                0x08003846       0x8c ./src/lib/cube_f103/Middlewares/ST/STM32_USB_Device_Library/Class/CDC/Src/usbd_cdc.o
 .text.USBD_CDC_RegisterInterface
                0x080038d2        0xe ./src/lib/cube_f103/Middlewares/ST/STM32_USB_Device_Library/Class/CDC/Src/usbd_cdc.o
                0x080038d2                USBD_CDC_RegisterInterface
 .text.USBD_CDC_SetTxBuffer
                0x080038e0       0x10 ./src/lib/cube_f103/Middlewares/ST/STM32_USB_Device_Library/Class/CDC/Src/usbd_cdc.o
                0x080038e0                USBD_CDC_SetTxBuffer
 .text.USBD_CDC_SetRxBuffer
                0x080038f0        0xc ./src/lib/cube_f103/Middlewares/ST/STM32_USB_Device_Library/Class/CDC/Src/usbd_cdc.o
                0x080038f0                USBD_CDC_SetRxBuffer
 .text.USBD_CDC_TransmitPacket
                0x080038fc       0x32 ./src/lib/cube_f103/Middlewares/ST/STM32_USB_Device_Library/Class/CDC/Src/usbd_cdc.o
                0x080038fc                USBD_CDC_TransmitPacket
 .text.USBD_CDC_ReceivePacket
                0x0800392e       0x26 ./src/lib/cube_f103/Middlewares/ST/STM32_USB_Device_Library/Class/CDC/Src/usbd_cdc.o
                0x0800392e                USBD_CDC_ReceivePacket
 .text.USBD_Init
                0x08003954       0x2a ./src/lib/cube_f103/Middlewares/ST/STM32_USB_Device_Library/Core/Src/usbd_core.o
                0x08003954                USBD_Init
 .text.USBD_RegisterClass
                0x0800397e        0xe ./src/lib/cube_f103/Middlewares/ST/STM32_USB_Device_Library/Core/Src/usbd_core.o
                0x0800397e                USBD_RegisterClass
 .text.USBD_Start
                0x0800398c        0xa ./src/lib/cube_f103/Middlewares/ST/STM32_USB_Device_Library/Core/Src/usbd_core.o
                0x0800398c                USBD_Start
 .text.USBD_SetClassConfig
                0x08003996       0x1a ./src/lib/cube_f103/Middlewares/ST/STM32_USB_Device_Library/Core/Src/usbd_core.o
                0x08003996                USBD_SetClassConfig
 .text.USBD_ClrClassConfig
                0x080039b0        0xe ./src/lib/cube_f103/Middlewares/ST/STM32_USB_Device_Library/Core/Src/usbd_core.o
                0x080039b0                USBD_ClrClassConfig
 .text.USBD_LL_SetupStage
                0x080039be       0x5a ./src/lib/cube_f103/Middlewares/ST/STM32_USB_Device_Library/Core/Src/usbd_core.o
                0x080039be                USBD_LL_SetupStage
 .text.USBD_LL_DataOutStage
                0x08003a18       0x70 ./src/lib/cube_f103/Middlewares/ST/STM32_USB_Device_Library/Core/Src/usbd_core.o
                0x08003a18                USBD_LL_DataOutStage
 .text.USBD_LL_DataInStage
                0x08003a88       0xb8 ./src/lib/cube_f103/Middlewares/ST/STM32_USB_Device_Library/Core/Src/usbd_core.o
                0x08003a88                USBD_LL_DataInStage
 .text.USBD_LL_Reset
                0x08003b40       0x4e ./src/lib/cube_f103/Middlewares/ST/STM32_USB_Device_Library/Core/Src/usbd_core.o
                0x08003b40                USBD_LL_Reset
 .text.USBD_LL_SetSpeed
                0x08003b8e        0x6 ./src/lib/cube_f103/Middlewares/ST/STM32_USB_Device_Library/Core/Src/usbd_core.o
                0x08003b8e                USBD_LL_SetSpeed
 .text.USBD_LL_Suspend
                0x08003b94       0x12 ./src/lib/cube_f103/Middlewares/ST/STM32_USB_Device_Library/Core/Src/usbd_core.o
                0x08003b94                USBD_LL_Suspend
 .text.USBD_LL_Resume
                0x08003ba6       0x14 ./src/lib/cube_f103/Middlewares/ST/STM32_USB_Device_Library/Core/Src/usbd_core.o
                0x08003ba6                USBD_LL_Resume
 .text.USBD_LL_SOF
                0x08003bba       0x18 ./src/lib/cube_f103/Middlewares/ST/STM32_USB_Device_Library/Core/Src/usbd_core.o
                0x08003bba                USBD_LL_SOF
 .text.USBD_CtlError.constprop.0
                0x08003bd2       0x16 ./src/lib/cube_f103/Middlewares/ST/STM32_USB_Device_Library/Core/Src/usbd_ctlreq.o
 .text.USBD_StdDevReq
                0x08003be8      0x250 ./src/lib/cube_f103/Middlewares/ST/STM32_USB_Device_Library/Core/Src/usbd_ctlreq.o
                0x08003be8                USBD_StdDevReq
 .text.USBD_StdItfReq
                0x08003e38       0x48 ./src/lib/cube_f103/Middlewares/ST/STM32_USB_Device_Library/Core/Src/usbd_ctlreq.o
                0x08003e38                USBD_StdItfReq
 .text.USBD_StdEPReq
                0x08003e80      0x110 ./src/lib/cube_f103/Middlewares/ST/STM32_USB_Device_Library/Core/Src/usbd_ctlreq.o
                0x08003e80                USBD_StdEPReq
 .text.USBD_ParseSetupRequest
                0x08003f90       0x16 ./src/lib/cube_f103/Middlewares/ST/STM32_USB_Device_Library/Core/Src/usbd_ctlreq.o
                0x08003f90                USBD_ParseSetupRequest
 .text.USBD_CtlError
                0x08003fa6       0x16 ./src/lib/cube_f103/Middlewares/ST/STM32_USB_Device_Library/Core/Src/usbd_ctlreq.o
                0x08003fa6                USBD_CtlError
 .text.USBD_GetString
                0x08003fbc       0x38 ./src/lib/cube_f103/Middlewares/ST/STM32_USB_Device_Library/Core/Src/usbd_ctlreq.o
                0x08003fbc                USBD_GetString
 .text.USBD_CtlSendData
                0x08003ff4       0x1a ./src/lib/cube_f103/Middlewares/ST/STM32_USB_Device_Library/Core/Src/usbd_ioreq.o
                0x08003ff4                USBD_CtlSendData
 .text.USBD_CtlContinueSendData
                0x0800400e       0x10 ./src/lib/cube_f103/Middlewares/ST/STM32_USB_Device_Library/Core/Src/usbd_ioreq.o
                0x0800400e                USBD_CtlContinueSendData
 .text.USBD_CtlPrepareRx
                0x0800401e       0x1a ./src/lib/cube_f103/Middlewares/ST/STM32_USB_Device_Library/Core/Src/usbd_ioreq.o
                0x0800401e                USBD_CtlPrepareRx
 .text.USBD_CtlContinueRx
                0x08004038       0x10 ./src/lib/cube_f103/Middlewares/ST/STM32_USB_Device_Library/Core/Src/usbd_ioreq.o
                0x08004038                USBD_CtlContinueRx
 .text.USBD_CtlSendStatus
                0x08004048       0x16 ./src/lib/cube_f103/Middlewares/ST/STM32_USB_Device_Library/Core/Src/usbd_ioreq.o
                0x08004048                USBD_CtlSendStatus
 .text.USBD_CtlReceiveStatus
                0x0800405e       0x16 ./src/lib/cube_f103/Middlewares/ST/STM32_USB_Device_Library/Core/Src/usbd_ioreq.o
                0x0800405e                USBD_CtlReceiveStatus
 .text.MX_USB_DEVICE_Init
                0x08004074       0x50 ./src/lib/cube_f103/USB_DEVICE/App/usb_device.o
                0x08004074                MX_USB_DEVICE_Init
 .text.CDC_DeInit_FS
                0x080040c4        0x4 ./src/lib/cube_f103/USB_DEVICE/App/usbd_cdc_if.o
 .text.CDC_Control_FS
                0x080040c8       0x60 ./src/lib/cube_f103/USB_DEVICE/App/usbd_cdc_if.o
 .text.CDC_Init_FS
                0x08004128       0x28 ./src/lib/cube_f103/USB_DEVICE/App/usbd_cdc_if.o
 .text.cdcAvailable
                0x08004150       0x24 ./src/lib/cube_f103/USB_DEVICE/App/usbd_cdc_if.o
                0x08004150                cdcAvailable
 .text.cdcRead  0x08004174       0x34 ./src/lib/cube_f103/USB_DEVICE/App/usbd_cdc_if.o
                0x08004174                cdcRead
 .text.cdcDataIn
                0x080041a8       0x34 ./src/lib/cube_f103/USB_DEVICE/App/usbd_cdc_if.o
                0x080041a8                cdcDataIn
 .text.CDC_Receive_FS
                0x080041dc       0x30 ./src/lib/cube_f103/USB_DEVICE/App/usbd_cdc_if.o
 .text.cdcGetBaud
                0x0800420c        0xc ./src/lib/cube_f103/USB_DEVICE/App/usbd_cdc_if.o
                0x0800420c                cdcGetBaud
 .text.CDC_Transmit_FS
                0x08004218       0x2c ./src/lib/cube_f103/USB_DEVICE/App/usbd_cdc_if.o
                0x08004218                CDC_Transmit_FS
 .text.cdcWrite
                0x08004244       0x2e ./src/lib/cube_f103/USB_DEVICE/App/usbd_cdc_if.o
                0x08004244                cdcWrite
 *fill*         0x08004272        0x2 
 .text.USBD_FS_DeviceDescriptor
                0x08004274        0xc ./src/lib/cube_f103/USB_DEVICE/App/usbd_desc.o
                0x08004274                USBD_FS_DeviceDescriptor
 .text.USBD_FS_LangIDStrDescriptor
                0x08004280        0xc ./src/lib/cube_f103/USB_DEVICE/App/usbd_desc.o
                0x08004280                USBD_FS_LangIDStrDescriptor
 .text.IntToUnicode
                0x0800428c       0x2a ./src/lib/cube_f103/USB_DEVICE/App/usbd_desc.o
 *fill*         0x080042b6        0x2 
 .text.USBD_FS_SerialStrDescriptor
                0x080042b8       0x3c ./src/lib/cube_f103/USB_DEVICE/App/usbd_desc.o
                0x080042b8                USBD_FS_SerialStrDescriptor
 .text.USBD_FS_ManufacturerStrDescriptor
                0x080042f4       0x1c ./src/lib/cube_f103/USB_DEVICE/App/usbd_desc.o
                0x080042f4                USBD_FS_ManufacturerStrDescriptor
 .text.USBD_FS_ProductStrDescriptor
                0x08004310       0x1c ./src/lib/cube_f103/USB_DEVICE/App/usbd_desc.o
                0x08004310                USBD_FS_ProductStrDescriptor
 .text.USBD_FS_ConfigStrDescriptor
                0x0800432c       0x1c ./src/lib/cube_f103/USB_DEVICE/App/usbd_desc.o
                0x0800432c                USBD_FS_ConfigStrDescriptor
 .text.USBD_FS_InterfaceStrDescriptor
                0x08004348       0x1c ./src/lib/cube_f103/USB_DEVICE/App/usbd_desc.o
                0x08004348                USBD_FS_InterfaceStrDescriptor
 .text.USBD_Get_USB_Status
                0x08004364        0xc ./src/lib/cube_f103/USB_DEVICE/Target/usbd_conf.o
 .text.HAL_PCD_MspInit
                0x08004370       0x40 ./src/lib/cube_f103/USB_DEVICE/Target/usbd_conf.o
                0x08004370                HAL_PCD_MspInit
 .text.HAL_PCD_SetupStageCallback
                0x080043b0        0xc ./src/lib/cube_f103/USB_DEVICE/Target/usbd_conf.o
                0x080043b0                HAL_PCD_SetupStageCallback
 .text.HAL_PCD_DataOutStageCallback
                0x080043bc       0x12 ./src/lib/cube_f103/USB_DEVICE/Target/usbd_conf.o
                0x080043bc                HAL_PCD_DataOutStageCallback
 .text.HAL_PCD_DataInStageCallback
                0x080043ce       0x10 ./src/lib/cube_f103/USB_DEVICE/Target/usbd_conf.o
                0x080043ce                HAL_PCD_DataInStageCallback
 .text.HAL_PCD_SOFCallback
                0x080043de        0x8 ./src/lib/cube_f103/USB_DEVICE/Target/usbd_conf.o
                0x080043de                HAL_PCD_SOFCallback
 .text.HAL_PCD_ResetCallback
                0x080043e6       0x24 ./src/lib/cube_f103/USB_DEVICE/Target/usbd_conf.o
                0x080043e6                HAL_PCD_ResetCallback
 *fill*         0x0800440a        0x2 
 .text.HAL_PCD_SuspendCallback
                0x0800440c       0x20 ./src/lib/cube_f103/USB_DEVICE/Target/usbd_conf.o
                0x0800440c                HAL_PCD_SuspendCallback
 .text.HAL_PCD_ResumeCallback
                0x0800442c        0x8 ./src/lib/cube_f103/USB_DEVICE/Target/usbd_conf.o
                0x0800442c                HAL_PCD_ResumeCallback
 .text.USBD_LL_Init
                0x08004434       0x80 ./src/lib/cube_f103/USB_DEVICE/Target/usbd_conf.o
                0x08004434                USBD_LL_Init
 .text.USBD_LL_Start
                0x080044b4       0x12 ./src/lib/cube_f103/USB_DEVICE/Target/usbd_conf.o
                0x080044b4                USBD_LL_Start
 .text.USBD_LL_OpenEP
                0x080044c6       0x18 ./src/lib/cube_f103/USB_DEVICE/Target/usbd_conf.o
                0x080044c6                USBD_LL_OpenEP
 .text.USBD_LL_CloseEP
                0x080044de       0x12 ./src/lib/cube_f103/USB_DEVICE/Target/usbd_conf.o
                0x080044de                USBD_LL_CloseEP
 .text.USBD_LL_StallEP
                0x080044f0       0x12 ./src/lib/cube_f103/USB_DEVICE/Target/usbd_conf.o
                0x080044f0                USBD_LL_StallEP
 .text.USBD_LL_ClearStallEP
                0x08004502       0x12 ./src/lib/cube_f103/USB_DEVICE/Target/usbd_conf.o
                0x08004502                USBD_LL_ClearStallEP
 .text.USBD_LL_IsStallEP
                0x08004514       0x22 ./src/lib/cube_f103/USB_DEVICE/Target/usbd_conf.o
                0x08004514                USBD_LL_IsStallEP
 .text.USBD_LL_SetUSBAddress
                0x08004536       0x12 ./src/lib/cube_f103/USB_DEVICE/Target/usbd_conf.o
                0x08004536                USBD_LL_SetUSBAddress
 .text.USBD_LL_Transmit
                0x08004548       0x12 ./src/lib/cube_f103/USB_DEVICE/Target/usbd_conf.o
                0x08004548                USBD_LL_Transmit
 .text.USBD_LL_PrepareReceive
                0x0800455a       0x12 ./src/lib/cube_f103/USB_DEVICE/Target/usbd_conf.o
                0x0800455a                USBD_LL_PrepareReceive
 .text.USBD_LL_GetRxDataSize
                0x0800456c        0x8 ./src/lib/cube_f103/USB_DEVICE/Target/usbd_conf.o
                0x0800456c                USBD_LL_GetRxDataSize
 .text.USBD_static_malloc
                0x08004574        0x8 ./src/lib/cube_f103/USB_DEVICE/Target/usbd_conf.o
                0x08004574                USBD_static_malloc
 .text.USBD_static_free
                0x0800457c        0x2 ./src/lib/cube_f103/USB_DEVICE/Target/usbd_conf.o
                0x0800457c                USBD_static_free
 .text.HAL_PCDEx_SetConnectionState
                0x0800457e        0x2 ./src/lib/cube_f103/USB_DEVICE/Target/usbd_conf.o
                0x0800457e                HAL_PCDEx_SetConnectionState
 .text.startup.main
                0x08004580       0x12 ./src/main.o
                0x08004580                main
 .text.memset   0x08004592       0x10 C:/ST/STM32CubeIDE_1.16.0/STM32CubeIDE/plugins/com.st.stm32cube.ide.mcu.externaltools.gnu-tools-for-stm32.12.3.rel1.win32_1.0.200.202406191623/tools/bin/../lib/gcc/arm-none-eabi/12.3.1/../../../../arm-none-eabi/lib/thumb/v7-m/nofp\libc_nano.a(libc_a-memset.o)
                0x08004592                memset
 *fill*         0x080045a2        0x2 
 .text.__libc_init_array
                0x080045a4       0x48 C:/ST/STM32CubeIDE_1.16.0/STM32CubeIDE/plugins/com.st.stm32cube.ide.mcu.externaltools.gnu-tools-for-stm32.12.3.rel1.win32_1.0.200.202406191623/tools/bin/../lib/gcc/arm-none-eabi/12.3.1/../../../../arm-none-eabi/lib/thumb/v7-m/nofp\libc_nano.a(libc_a-init.o)
                0x080045a4                __libc_init_array
 *(.glue_7)
 .glue_7        0x080045ec        0x0 linker stubs
 *(.glue_7t)
 .glue_7t       0x080045ec        0x0 linker stubs
 *(.eh_frame)
 .eh_frame      0x080045ec        0x0 C:/ST/STM32CubeIDE_1.16.0/STM32CubeIDE/plugins/com.st.stm32cube.ide.mcu.externaltools.gnu-tools-for-stm32.12.3.rel1.win32_1.0.200.202406191623/tools/bin/../lib/gcc/arm-none-eabi/12.3.1/thumb/v7-m/nofp/crtbegin.o
 *(.init)
 .init          0x080045ec        0x4 C:/ST/STM32CubeIDE_1.16.0/STM32CubeIDE/plugins/com.st.stm32cube.ide.mcu.externaltools.gnu-tools-for-stm32.12.3.rel1.win32_1.0.200.202406191623/tools/bin/../lib/gcc/arm-none-eabi/12.3.1/thumb/v7-m/nofp/crti.o
                0x080045ec                _init
 .init          0x080045f0        0x8 C:/ST/STM32CubeIDE_1.16.0/STM32CubeIDE/plugins/com.st.stm32cube.ide.mcu.externaltools.gnu-tools-for-stm32.12.3.rel1.win32_1.0.200.202406191623/tools/bin/../lib/gcc/arm-none-eabi/12.3.1/thumb/v7-m/nofp/crtn.o
 *(.fini)
 .fini          0x080045f8        0x4 C:/ST/STM32CubeIDE_1.16.0/STM32CubeIDE/plugins/com.st.stm32cube.ide.mcu.externaltools.gnu-tools-for-stm32.12.3.rel1.win32_1.0.200.202406191623/tools/bin/../lib/gcc/arm-none-eabi/12.3.1/thumb/v7-m/nofp/crti.o
                0x080045f8                _fini
 .fini          0x080045fc        0x8 C:/ST/STM32CubeIDE_1.16.0/STM32CubeIDE/plugins/com.st.stm32cube.ide.mcu.externaltools.gnu-tools-for-stm32.12.3.rel1.win32_1.0.200.202406191623/tools/bin/../lib/gcc/arm-none-eabi/12.3.1/thumb/v7-m/nofp/crtn.o
                0x08004604                        . = ALIGN (0x4)
                0x08004604                        _etext = .

.vfp11_veneer   0x08004604        0x0
 .vfp11_veneer  0x08004604        0x0 linker stubs

.v4_bx          0x08004604        0x0
 .v4_bx         0x08004604        0x0 linker stubs

.iplt           0x08004604        0x0
 .iplt          0x08004604        0x0 C:/ST/STM32CubeIDE_1.16.0/STM32CubeIDE/plugins/com.st.stm32cube.ide.mcu.externaltools.gnu-tools-for-stm32.12.3.rel1.win32_1.0.200.202406191623/tools/bin/../lib/gcc/arm-none-eabi/12.3.1/thumb/v7-m/nofp/crtbegin.o

.rodata         0x08004604       0x80
                0x08004604                        . = ALIGN (0x4)
 *(.rodata)
 *(.rodata*)
 .rodata.APBPrescTable
                0x08004604        0x8 ./src/bsp/system_stm32f1xx.o
                0x08004604                APBPrescTable
 .rodata.AHBPrescTable
                0x0800460c       0x10 ./src/bsp/system_stm32f1xx.o
                0x0800460c                AHBPrescTable
 .rodata.aPredivFactorTable.0
                0x0800461c        0x2 ./src/lib/cube_f103/Drivers/STM32F1xx_HAL_Driver/Src/stm32f1xx_hal_rcc.o
 .rodata.aPLLMULFactorTable.1
                0x0800461e       0x10 ./src/lib/cube_f103/Drivers/STM32F1xx_HAL_Driver/Src/stm32f1xx_hal_rcc.o
 .rodata.aPredivFactorTable.0
                0x0800462e        0x2 ./src/lib/cube_f103/Drivers/STM32F1xx_HAL_Driver/Src/stm32f1xx_hal_rcc_ex.o
 .rodata.aPLLMULFactorTable.1
                0x08004630       0x10 ./src/lib/cube_f103/Drivers/STM32F1xx_HAL_Driver/Src/stm32f1xx_hal_rcc_ex.o
 .rodata.USBD_FS_ManufacturerStrDescriptor.str1.1
                0x08004640       0x13 ./src/lib/cube_f103/USB_DEVICE/App/usbd_desc.o
 .rodata.USBD_FS_ProductStrDescriptor.str1.1
                0x08004653       0x16 ./src/lib/cube_f103/USB_DEVICE/App/usbd_desc.o
 .rodata.USBD_FS_ConfigStrDescriptor.str1.1
                0x08004669        0xb ./src/lib/cube_f103/USB_DEVICE/App/usbd_desc.o
 .rodata.USBD_FS_InterfaceStrDescriptor.str1.1
                0x08004674        0xe ./src/lib/cube_f103/USB_DEVICE/App/usbd_desc.o
                0x08004684                        . = ALIGN (0x4)
 *fill*         0x08004682        0x2 

.ARM.extab      0x08004684        0x0
                0x08004684                        . = ALIGN (0x4)
 *(.ARM.extab* .gnu.linkonce.armextab.*)
                0x08004684                        . = ALIGN (0x4)

.ARM            0x08004684        0x8
                0x08004684                        . = ALIGN (0x4)
                0x08004684                        __exidx_start = .
 *(.ARM.exidx*)
 .ARM.exidx     0x08004684        0x8 C:/ST/STM32CubeIDE_1.16.0/STM32CubeIDE/plugins/com.st.stm32cube.ide.mcu.externaltools.gnu-tools-for-stm32.12.3.rel1.win32_1.0.200.202406191623/tools/bin/../lib/gcc/arm-none-eabi/12.3.1/../../../../arm-none-eabi/lib/thumb/v7-m/nofp\libc_nano.a(libc_a-strlen.o)
                0x0800468c                        __exidx_end = .
                0x0800468c                        . = ALIGN (0x4)

.preinit_array  0x0800468c        0x0
                0x0800468c                        . = ALIGN (0x4)
                0x0800468c                        PROVIDE (__preinit_array_start = .)
 *(.preinit_array*)
                0x0800468c                        PROVIDE (__preinit_array_end = .)
                0x0800468c                        . = ALIGN (0x4)

.init_array     0x0800468c        0x4
                0x0800468c                        . = ALIGN (0x4)
                0x0800468c                        PROVIDE (__init_array_start = .)
 *(SORT_BY_NAME(.init_array.*))
 *(.init_array*)
 .init_array    0x0800468c        0x4 C:/ST/STM32CubeIDE_1.16.0/STM32CubeIDE/plugins/com.st.stm32cube.ide.mcu.externaltools.gnu-tools-for-stm32.12.3.rel1.win32_1.0.200.202406191623/tools/bin/../lib/gcc/arm-none-eabi/12.3.1/thumb/v7-m/nofp/crtbegin.o
                0x08004690                        PROVIDE (__init_array_end = .)
                0x08004690                        . = ALIGN (0x4)

.fini_array     0x08004690        0x4
                0x08004690                        . = ALIGN (0x4)
                [!provide]                        PROVIDE (__fini_array_start = .)
 *(SORT_BY_NAME(.fini_array.*))
 *(.fini_array*)
 .fini_array    0x08004690        0x4 C:/ST/STM32CubeIDE_1.16.0/STM32CubeIDE/plugins/com.st.stm32cube.ide.mcu.externaltools.gnu-tools-for-stm32.12.3.rel1.win32_1.0.200.202406191623/tools/bin/../lib/gcc/arm-none-eabi/12.3.1/thumb/v7-m/nofp/crtbegin.o
                [!provide]                        PROVIDE (__fini_array_end = .)
                0x08004694                        . = ALIGN (0x4)
                0x08004694                        _sidata = LOADADDR (.data)

.rel.dyn        0x08004694        0x0
 .rel.iplt      0x08004694        0x0 C:/ST/STM32CubeIDE_1.16.0/STM32CubeIDE/plugins/com.st.stm32cube.ide.mcu.externaltools.gnu-tools-for-stm32.12.3.rel1.win32_1.0.200.202406191623/tools/bin/../lib/gcc/arm-none-eabi/12.3.1/thumb/v7-m/nofp/crtbegin.o

.data           0x20000000      0x190 load address 0x08004694
                0x20000000                        . = ALIGN (0x4)
                0x20000000                        _sdata = .
 *(.data)
 *(.data*)
 .data.SystemCoreClock
                0x20000000        0x4 ./src/bsp/system_stm32f1xx.o
                0x20000000                SystemCoreClock
 .data.led_tbl  0x20000004        0x8 ./src/hw/driver/led.o
                0x20000004                led_tbl
 .data.uwTickFreq
                0x2000000c        0x1 ./src/lib/cube_f103/Drivers/STM32F1xx_HAL_Driver/Src/stm32f1xx_hal.o
                0x2000000c                uwTickFreq
 *fill*         0x2000000d        0x3 
 .data.uwTickPrio
                0x20000010        0x4 ./src/lib/cube_f103/Drivers/STM32F1xx_HAL_Driver/Src/stm32f1xx_hal.o
                0x20000010                uwTickPrio
 .data.USBD_CDC_OtherSpeedCfgDesc
                0x20000014       0x43 ./src/lib/cube_f103/Middlewares/ST/STM32_USB_Device_Library/Class/CDC/Src/usbd_cdc.o
                0x20000014                USBD_CDC_OtherSpeedCfgDesc
 *fill*         0x20000057        0x1 
 .data.USBD_CDC_CfgFSDesc
                0x20000058       0x43 ./src/lib/cube_f103/Middlewares/ST/STM32_USB_Device_Library/Class/CDC/Src/usbd_cdc.o
                0x20000058                USBD_CDC_CfgFSDesc
 *fill*         0x2000009b        0x1 
 .data.USBD_CDC_CfgHSDesc
                0x2000009c       0x43 ./src/lib/cube_f103/Middlewares/ST/STM32_USB_Device_Library/Class/CDC/Src/usbd_cdc.o
                0x2000009c                USBD_CDC_CfgHSDesc
 *fill*         0x200000df        0x1 
 .data.USBD_CDC
                0x200000e0       0x38 ./src/lib/cube_f103/Middlewares/ST/STM32_USB_Device_Library/Class/CDC/Src/usbd_cdc.o
                0x200000e0                USBD_CDC
 .data.USBD_CDC_DeviceQualifierDesc
                0x20000118        0xa ./src/lib/cube_f103/Middlewares/ST/STM32_USB_Device_Library/Class/CDC/Src/usbd_cdc.o
 *fill*         0x20000122        0x2 
 .data.USBD_Interface_fops_FS
                0x20000124       0x10 ./src/lib/cube_f103/USB_DEVICE/App/usbd_cdc_if.o
                0x20000124                USBD_Interface_fops_FS
 .data.rx_len   0x20000134        0x4 ./src/lib/cube_f103/USB_DEVICE/App/usbd_cdc_if.o
                0x20000134                rx_len
 .data.LineCoding
                0x20000138        0x8 ./src/lib/cube_f103/USB_DEVICE/App/usbd_cdc_if.o
                0x20000138                LineCoding
 .data.USBD_StringSerial
                0x20000140       0x1a ./src/lib/cube_f103/USB_DEVICE/App/usbd_desc.o
                0x20000140                USBD_StringSerial
 *fill*         0x2000015a        0x2 
 .data.USBD_LangIDDesc
                0x2000015c        0x4 ./src/lib/cube_f103/USB_DEVICE/App/usbd_desc.o
                0x2000015c                USBD_LangIDDesc
 .data.USBD_FS_DeviceDesc
                0x20000160       0x12 ./src/lib/cube_f103/USB_DEVICE/App/usbd_desc.o
                0x20000160                USBD_FS_DeviceDesc
 *fill*         0x20000172        0x2 
 .data.FS_Desc  0x20000174       0x1c ./src/lib/cube_f103/USB_DEVICE/App/usbd_desc.o
                0x20000174                FS_Desc
 *(.RamFunc)
 *(.RamFunc*)
                0x20000190                        . = ALIGN (0x4)
                0x20000190                        _edata = .

.igot.plt       0x20000190        0x0 load address 0x08004824
 .igot.plt      0x20000190        0x0 C:/ST/STM32CubeIDE_1.16.0/STM32CubeIDE/plugins/com.st.stm32cube.ide.mcu.externaltools.gnu-tools-for-stm32.12.3.rel1.win32_1.0.200.202406191623/tools/bin/../lib/gcc/arm-none-eabi/12.3.1/thumb/v7-m/nofp/crtbegin.o
                0x20000190                        . = ALIGN (0x4)

.bss            0x20000190     0x11a8 load address 0x08004824
                0x20000190                        _sbss = .
                0x20000190                        __bss_start__ = _sbss
 *(.bss)
 .bss           0x20000190       0x1c C:/ST/STM32CubeIDE_1.16.0/STM32CubeIDE/plugins/com.st.stm32cube.ide.mcu.externaltools.gnu-tools-for-stm32.12.3.rel1.win32_1.0.200.202406191623/tools/bin/../lib/gcc/arm-none-eabi/12.3.1/thumb/v7-m/nofp/crtbegin.o
 *(.bss*)
 .bss.hrtc      0x200001ac       0x14 ./src/hw/driver/rtc.o
 .bss.hdma_usart1_rx
                0x200001c0       0x44 ./src/hw/driver/uart.o
                0x200001c0                hdma_usart1_rx
 .bss.huart1    0x20000204       0x48 ./src/hw/driver/uart.o
                0x20000204                huart1
 .bss.rx_buf    0x2000024c      0x100 ./src/hw/driver/uart.o
 .bss.qbuffer   0x2000034c       0x20 ./src/hw/driver/uart.o
 .bss.uwTick    0x2000036c        0x4 ./src/lib/cube_f103/Drivers/STM32F1xx_HAL_Driver/Src/stm32f1xx_hal.o
                0x2000036c                uwTick
 .bss.cfgidx.0  0x20000370        0x1 ./src/lib/cube_f103/Middlewares/ST/STM32_USB_Device_Library/Core/Src/usbd_ctlreq.o
 *fill*         0x20000371        0x3 
 .bss.hUsbDeviceFS
                0x20000374      0x2c4 ./src/lib/cube_f103/USB_DEVICE/App/usb_device.o
                0x20000374                hUsbDeviceFS
 .bss.UserTxBufferFS
                0x20000638      0x200 ./src/lib/cube_f103/USB_DEVICE/App/usbd_cdc_if.o
                0x20000638                UserTxBufferFS
 .bss.UserRxBufferFS
                0x20000838      0x200 ./src/lib/cube_f103/USB_DEVICE/App/usbd_cdc_if.o
                0x20000838                UserRxBufferFS
 .bss.rx_buf    0x20000a38      0x200 ./src/lib/cube_f103/USB_DEVICE/App/usbd_cdc_if.o
                0x20000a38                rx_buf
 .bss.rx_out    0x20000c38        0x4 ./src/lib/cube_f103/USB_DEVICE/App/usbd_cdc_if.o
                0x20000c38                rx_out
 .bss.rx_in     0x20000c3c        0x4 ./src/lib/cube_f103/USB_DEVICE/App/usbd_cdc_if.o
                0x20000c3c                rx_in
 .bss.USBD_StrDesc
                0x20000c40      0x200 ./src/lib/cube_f103/USB_DEVICE/App/usbd_desc.o
                0x20000c40                USBD_StrDesc
 .bss.mem.0     0x20000e40      0x220 ./src/lib/cube_f103/USB_DEVICE/Target/usbd_conf.o
 .bss.hpcd_USB_FS
                0x20001060      0x2d8 ./src/lib/cube_f103/USB_DEVICE/Target/usbd_conf.o
                0x20001060                hpcd_USB_FS
 *(COMMON)
                0x20001338                        . = ALIGN (0x4)
                0x20001338                        _ebss = .
                0x20001338                        __bss_end__ = _ebss

._user_heap_stack
                0x20001338      0x600 load address 0x08004824
                0x20001338                        . = ALIGN (0x8)
                [!provide]                        PROVIDE (end = .)
                0x20001338                        PROVIDE (_end = .)
                0x20001538                        . = (. + _Min_Heap_Size)
 *fill*         0x20001338      0x200 
                0x20001938                        . = (. + _Min_Stack_Size)
 *fill*         0x20001538      0x400 
                0x20001938                        . = ALIGN (0x8)

/DISCARD/
 libc.a(*)
 libm.a(*)
 libgcc.a(*)

.ARM.attributes
                0x00000000       0x29
 *(.ARM.attributes)
 .ARM.attributes
                0x00000000       0x1d C:/ST/STM32CubeIDE_1.16.0/STM32CubeIDE/plugins/com.st.stm32cube.ide.mcu.externaltools.gnu-tools-for-stm32.12.3.rel1.win32_1.0.200.202406191623/tools/bin/../lib/gcc/arm-none-eabi/12.3.1/thumb/v7-m/nofp/crti.o
 .ARM.attributes
                0x0000001d       0x2d C:/ST/STM32CubeIDE_1.16.0/STM32CubeIDE/plugins/com.st.stm32cube.ide.mcu.externaltools.gnu-tools-for-stm32.12.3.rel1.win32_1.0.200.202406191623/tools/bin/../lib/gcc/arm-none-eabi/12.3.1/thumb/v7-m/nofp/crtbegin.o
 .ARM.attributes
                0x0000004a       0x2d ./src/ap/ap.o
 .ARM.attributes
                0x00000077       0x2d ./src/bsp/bsp.o
 .ARM.attributes
                0x000000a4       0x2d ./src/bsp/stm32f1xx_hal_msp.o
 .ARM.attributes
                0x000000d1       0x2d ./src/bsp/stm32f1xx_it.o
 .ARM.attributes
                0x000000fe       0x2d ./src/bsp/system_stm32f1xx.o
 .ARM.attributes
                0x0000012b       0x21 ./src/bsp/startup/startup_stm32f103c8tx.o
 .ARM.attributes
                0x0000014c       0x2d ./src/common/core/qbuffer.o
 .ARM.attributes
                0x00000179       0x2d ./src/hw/driver/led.o
 .ARM.attributes
                0x000001a6       0x2d ./src/hw/driver/reset.o
 .ARM.attributes
                0x000001d3       0x2d ./src/hw/driver/rtc.o
 .ARM.attributes
                0x00000200       0x2d ./src/hw/driver/uart.o
 .ARM.attributes
                0x0000022d       0x2d ./src/hw/driver/usb.o
 .ARM.attributes
                0x0000025a       0x2d ./src/hw/hw.o
 .ARM.attributes
                0x00000287       0x2d ./src/lib/cube_f103/Drivers/STM32F1xx_HAL_Driver/Src/stm32f1xx_hal.o
 .ARM.attributes
                0x000002b4       0x2d ./src/lib/cube_f103/Drivers/STM32F1xx_HAL_Driver/Src/stm32f1xx_hal_cortex.o
 .ARM.attributes
                0x000002e1       0x2d ./src/lib/cube_f103/Drivers/STM32F1xx_HAL_Driver/Src/stm32f1xx_hal_dma.o
 .ARM.attributes
                0x0000030e       0x2d ./src/lib/cube_f103/Drivers/STM32F1xx_HAL_Driver/Src/stm32f1xx_hal_gpio.o
 .ARM.attributes
                0x0000033b       0x2d ./src/lib/cube_f103/Drivers/STM32F1xx_HAL_Driver/Src/stm32f1xx_hal_pcd.o
 .ARM.attributes
                0x00000368       0x2d ./src/lib/cube_f103/Drivers/STM32F1xx_HAL_Driver/Src/stm32f1xx_hal_pcd_ex.o
 .ARM.attributes
                0x00000395       0x2d ./src/lib/cube_f103/Drivers/STM32F1xx_HAL_Driver/Src/stm32f1xx_hal_pwr.o
 .ARM.attributes
                0x000003c2       0x2d ./src/lib/cube_f103/Drivers/STM32F1xx_HAL_Driver/Src/stm32f1xx_hal_rcc.o
 .ARM.attributes
                0x000003ef       0x2d ./src/lib/cube_f103/Drivers/STM32F1xx_HAL_Driver/Src/stm32f1xx_hal_rcc_ex.o
 .ARM.attributes
                0x0000041c       0x2d ./src/lib/cube_f103/Drivers/STM32F1xx_HAL_Driver/Src/stm32f1xx_hal_rtc.o
 .ARM.attributes
                0x00000449       0x2d ./src/lib/cube_f103/Drivers/STM32F1xx_HAL_Driver/Src/stm32f1xx_hal_rtc_ex.o
 .ARM.attributes
                0x00000476       0x2d ./src/lib/cube_f103/Drivers/STM32F1xx_HAL_Driver/Src/stm32f1xx_hal_uart.o
 .ARM.attributes
                0x000004a3       0x2d ./src/lib/cube_f103/Drivers/STM32F1xx_HAL_Driver/Src/stm32f1xx_ll_usb.o
 .ARM.attributes
                0x000004d0       0x2d ./src/lib/cube_f103/Middlewares/ST/STM32_USB_Device_Library/Class/CDC/Src/usbd_cdc.o
 .ARM.attributes
                0x000004fd       0x2d ./src/lib/cube_f103/Middlewares/ST/STM32_USB_Device_Library/Core/Src/usbd_core.o
 .ARM.attributes
                0x0000052a       0x2d ./src/lib/cube_f103/Middlewares/ST/STM32_USB_Device_Library/Core/Src/usbd_ctlreq.o
 .ARM.attributes
                0x00000557       0x2d ./src/lib/cube_f103/Middlewares/ST/STM32_USB_Device_Library/Core/Src/usbd_ioreq.o
 .ARM.attributes
                0x00000584       0x2d ./src/lib/cube_f103/USB_DEVICE/App/usb_device.o
 .ARM.attributes
                0x000005b1       0x2d ./src/lib/cube_f103/USB_DEVICE/App/usbd_cdc_if.o
 .ARM.attributes
                0x000005de       0x2d ./src/lib/cube_f103/USB_DEVICE/App/usbd_desc.o
 .ARM.attributes
                0x0000060b       0x2d ./src/lib/cube_f103/USB_DEVICE/Target/usbd_conf.o
 .ARM.attributes
                0x00000638       0x2d ./src/main.o
 .ARM.attributes
                0x00000665       0x2d C:/ST/STM32CubeIDE_1.16.0/STM32CubeIDE/plugins/com.st.stm32cube.ide.mcu.externaltools.gnu-tools-for-stm32.12.3.rel1.win32_1.0.200.202406191623/tools/bin/../lib/gcc/arm-none-eabi/12.3.1/../../../../arm-none-eabi/lib/thumb/v7-m/nofp\libc_nano.a(libc_a-memset.o)
 .ARM.attributes
                0x00000692       0x2d C:/ST/STM32CubeIDE_1.16.0/STM32CubeIDE/plugins/com.st.stm32cube.ide.mcu.externaltools.gnu-tools-for-stm32.12.3.rel1.win32_1.0.200.202406191623/tools/bin/../lib/gcc/arm-none-eabi/12.3.1/../../../../arm-none-eabi/lib/thumb/v7-m/nofp\libc_nano.a(libc_a-init.o)
 .ARM.attributes
                0x000006bf       0x17 C:/ST/STM32CubeIDE_1.16.0/STM32CubeIDE/plugins/com.st.stm32cube.ide.mcu.externaltools.gnu-tools-for-stm32.12.3.rel1.win32_1.0.200.202406191623/tools/bin/../lib/gcc/arm-none-eabi/12.3.1/../../../../arm-none-eabi/lib/thumb/v7-m/nofp\libc_nano.a(libc_a-strlen.o)
 .ARM.attributes
                0x000006d6       0x1d C:/ST/STM32CubeIDE_1.16.0/STM32CubeIDE/plugins/com.st.stm32cube.ide.mcu.externaltools.gnu-tools-for-stm32.12.3.rel1.win32_1.0.200.202406191623/tools/bin/../lib/gcc/arm-none-eabi/12.3.1/thumb/v7-m/nofp/crtn.o
OUTPUT(stm32f103_fw.elf elf32-littlearm)
LOAD linker stubs
LOAD C:/ST/STM32CubeIDE_1.16.0/STM32CubeIDE/plugins/com.st.stm32cube.ide.mcu.externaltools.gnu-tools-for-stm32.12.3.rel1.win32_1.0.200.202406191623/tools/bin/../lib/gcc/arm-none-eabi/12.3.1/../../../../arm-none-eabi/lib/thumb/v7-m/nofp\libc.a
LOAD C:/ST/STM32CubeIDE_1.16.0/STM32CubeIDE/plugins/com.st.stm32cube.ide.mcu.externaltools.gnu-tools-for-stm32.12.3.rel1.win32_1.0.200.202406191623/tools/bin/../lib/gcc/arm-none-eabi/12.3.1/../../../../arm-none-eabi/lib/thumb/v7-m/nofp\libm.a
LOAD C:/ST/STM32CubeIDE_1.16.0/STM32CubeIDE/plugins/com.st.stm32cube.ide.mcu.externaltools.gnu-tools-for-stm32.12.3.rel1.win32_1.0.200.202406191623/tools/bin/../lib/gcc/arm-none-eabi/12.3.1/thumb/v7-m/nofp\libgcc.a

.debug_info     0x00000000    0x172ea
 .debug_info    0x00000000      0x322 ./src/ap/ap.o
 .debug_info    0x00000322      0x58f ./src/bsp/bsp.o
 .debug_info    0x000008b1      0x1ef ./src/bsp/stm32f1xx_hal_msp.o
 .debug_info    0x00000aa0      0xab5 ./src/bsp/stm32f1xx_it.o
 .debug_info    0x00001555      0x226 ./src/bsp/system_stm32f1xx.o
 .debug_info    0x0000177b       0x30 ./src/bsp/startup/startup_stm32f103c8tx.o
 .debug_info    0x000017ab      0x2d7 ./src/common/core/qbuffer.o
 .debug_info    0x00001a82      0x4c2 ./src/hw/driver/led.o
 .debug_info    0x00001f44      0x217 ./src/hw/driver/reset.o
 .debug_info    0x0000215b      0x51b ./src/hw/driver/rtc.o
 .debug_info    0x00002676     0x106e ./src/hw/driver/uart.o
 .debug_info    0x000036e4      0x2ac ./src/hw/driver/usb.o
 .debug_info    0x00003990      0x111 ./src/hw/hw.o
 .debug_info    0x00003aa1      0x7d8 ./src/lib/cube_f103/Drivers/STM32F1xx_HAL_Driver/Src/stm32f1xx_hal.o
 .debug_info    0x00004279      0xce9 ./src/lib/cube_f103/Drivers/STM32F1xx_HAL_Driver/Src/stm32f1xx_hal_cortex.o
 .debug_info    0x00004f62      0x7de ./src/lib/cube_f103/Drivers/STM32F1xx_HAL_Driver/Src/stm32f1xx_hal_dma.o
 .debug_info    0x00005740      0x600 ./src/lib/cube_f103/Drivers/STM32F1xx_HAL_Driver/Src/stm32f1xx_hal_gpio.o
 .debug_info    0x00005d40     0x1d90 ./src/lib/cube_f103/Drivers/STM32F1xx_HAL_Driver/Src/stm32f1xx_hal_pcd.o
 .debug_info    0x00007ad0      0x6c4 ./src/lib/cube_f103/Drivers/STM32F1xx_HAL_Driver/Src/stm32f1xx_hal_pcd_ex.o
 .debug_info    0x00008194      0x669 ./src/lib/cube_f103/Drivers/STM32F1xx_HAL_Driver/Src/stm32f1xx_hal_pwr.o
 .debug_info    0x000087fd      0x9f7 ./src/lib/cube_f103/Drivers/STM32F1xx_HAL_Driver/Src/stm32f1xx_hal_rcc.o
 .debug_info    0x000091f4      0x41c ./src/lib/cube_f103/Drivers/STM32F1xx_HAL_Driver/Src/stm32f1xx_hal_rcc_ex.o
 .debug_info    0x00009610     0x129e ./src/lib/cube_f103/Drivers/STM32F1xx_HAL_Driver/Src/stm32f1xx_hal_rtc.o
 .debug_info    0x0000a8ae      0x748 ./src/lib/cube_f103/Drivers/STM32F1xx_HAL_Driver/Src/stm32f1xx_hal_rtc_ex.o
 .debug_info    0x0000aff6     0x4018 ./src/lib/cube_f103/Drivers/STM32F1xx_HAL_Driver/Src/stm32f1xx_hal_uart.o
 .debug_info    0x0000f00e     0x1952 ./src/lib/cube_f103/Drivers/STM32F1xx_HAL_Driver/Src/stm32f1xx_ll_usb.o
 .debug_info    0x00010960     0x129f ./src/lib/cube_f103/Middlewares/ST/STM32_USB_Device_Library/Class/CDC/Src/usbd_cdc.o
 .debug_info    0x00011bff      0xd72 ./src/lib/cube_f103/Middlewares/ST/STM32_USB_Device_Library/Core/Src/usbd_core.o
 .debug_info    0x00012971      0xd4c ./src/lib/cube_f103/Middlewares/ST/STM32_USB_Device_Library/Core/Src/usbd_ctlreq.o
 .debug_info    0x000136bd      0x7b1 ./src/lib/cube_f103/Middlewares/ST/STM32_USB_Device_Library/Core/Src/usbd_ioreq.o
 .debug_info    0x00013e6e      0x6bf ./src/lib/cube_f103/USB_DEVICE/App/usb_device.o
 .debug_info    0x0001452d      0xaef ./src/lib/cube_f103/USB_DEVICE/App/usbd_cdc_if.o
 .debug_info    0x0001501c      0x626 ./src/lib/cube_f103/USB_DEVICE/App/usbd_desc.o
 .debug_info    0x00015642     0x1be6 ./src/lib/cube_f103/USB_DEVICE/Target/usbd_conf.o
 .debug_info    0x00017228       0xc2 ./src/main.o

.debug_abbrev   0x00000000     0x4e6d
 .debug_abbrev  0x00000000      0x14a ./src/ap/ap.o
 .debug_abbrev  0x0000014a      0x24a ./src/bsp/bsp.o
 .debug_abbrev  0x00000394       0xe9 ./src/bsp/stm32f1xx_hal_msp.o
 .debug_abbrev  0x0000047d      0x1fc ./src/bsp/stm32f1xx_it.o
 .debug_abbrev  0x00000679      0x143 ./src/bsp/system_stm32f1xx.o
 .debug_abbrev  0x000007bc       0x24 ./src/bsp/startup/startup_stm32f103c8tx.o
 .debug_abbrev  0x000007e0      0x130 ./src/common/core/qbuffer.o
 .debug_abbrev  0x00000910      0x265 ./src/hw/driver/led.o
 .debug_abbrev  0x00000b75      0x12d ./src/hw/driver/reset.o
 .debug_abbrev  0x00000ca2      0x1e5 ./src/hw/driver/rtc.o
 .debug_abbrev  0x00000e87      0x3c3 ./src/hw/driver/uart.o
 .debug_abbrev  0x0000124a      0x168 ./src/hw/driver/usb.o
 .debug_abbrev  0x000013b2       0x9b ./src/hw/hw.o
 .debug_abbrev  0x0000144d      0x270 ./src/lib/cube_f103/Drivers/STM32F1xx_HAL_Driver/Src/stm32f1xx_hal.o
 .debug_abbrev  0x000016bd      0x369 ./src/lib/cube_f103/Drivers/STM32F1xx_HAL_Driver/Src/stm32f1xx_hal_cortex.o
 .debug_abbrev  0x00001a26      0x25e ./src/lib/cube_f103/Drivers/STM32F1xx_HAL_Driver/Src/stm32f1xx_hal_dma.o
 .debug_abbrev  0x00001c84      0x1f5 ./src/lib/cube_f103/Drivers/STM32F1xx_HAL_Driver/Src/stm32f1xx_hal_gpio.o
 .debug_abbrev  0x00001e79      0x40b ./src/lib/cube_f103/Drivers/STM32F1xx_HAL_Driver/Src/stm32f1xx_hal_pcd.o
 .debug_abbrev  0x00002284      0x1d1 ./src/lib/cube_f103/Drivers/STM32F1xx_HAL_Driver/Src/stm32f1xx_hal_pcd_ex.o
 .debug_abbrev  0x00002455      0x1e9 ./src/lib/cube_f103/Drivers/STM32F1xx_HAL_Driver/Src/stm32f1xx_hal_pwr.o
 .debug_abbrev  0x0000263e      0x2fd ./src/lib/cube_f103/Drivers/STM32F1xx_HAL_Driver/Src/stm32f1xx_hal_rcc.o
 .debug_abbrev  0x0000293b      0x1d6 ./src/lib/cube_f103/Drivers/STM32F1xx_HAL_Driver/Src/stm32f1xx_hal_rcc_ex.o
 .debug_abbrev  0x00002b11      0x314 ./src/lib/cube_f103/Drivers/STM32F1xx_HAL_Driver/Src/stm32f1xx_hal_rtc.o
 .debug_abbrev  0x00002e25      0x260 ./src/lib/cube_f103/Drivers/STM32F1xx_HAL_Driver/Src/stm32f1xx_hal_rtc_ex.o
 .debug_abbrev  0x00003085      0x3f5 ./src/lib/cube_f103/Drivers/STM32F1xx_HAL_Driver/Src/stm32f1xx_hal_uart.o
 .debug_abbrev  0x0000347a      0x29a ./src/lib/cube_f103/Drivers/STM32F1xx_HAL_Driver/Src/stm32f1xx_ll_usb.o
 .debug_abbrev  0x00003714      0x333 ./src/lib/cube_f103/Middlewares/ST/STM32_USB_Device_Library/Class/CDC/Src/usbd_cdc.o
 .debug_abbrev  0x00003a47      0x2f2 ./src/lib/cube_f103/Middlewares/ST/STM32_USB_Device_Library/Core/Src/usbd_core.o
 .debug_abbrev  0x00003d39      0x3a6 ./src/lib/cube_f103/Middlewares/ST/STM32_USB_Device_Library/Core/Src/usbd_ctlreq.o
 .debug_abbrev  0x000040df      0x1b4 ./src/lib/cube_f103/Middlewares/ST/STM32_USB_Device_Library/Core/Src/usbd_ioreq.o
 .debug_abbrev  0x00004293      0x1b4 ./src/lib/cube_f103/USB_DEVICE/App/usb_device.o
 .debug_abbrev  0x00004447      0x39b ./src/lib/cube_f103/USB_DEVICE/App/usbd_cdc_if.o
 .debug_abbrev  0x000047e2      0x2d1 ./src/lib/cube_f103/USB_DEVICE/App/usbd_desc.o
 .debug_abbrev  0x00004ab3      0x358 ./src/lib/cube_f103/USB_DEVICE/Target/usbd_conf.o
 .debug_abbrev  0x00004e0b       0x62 ./src/main.o

.debug_loclists
                0x00000000     0x882a
 .debug_loclists
                0x00000000       0xbe ./src/ap/ap.o
 .debug_loclists
                0x000000be       0x23 ./src/bsp/bsp.o
 .debug_loclists
                0x000000e1       0x17 ./src/bsp/stm32f1xx_hal_msp.o
 .debug_loclists
                0x000000f8       0xac ./src/bsp/system_stm32f1xx.o
 .debug_loclists
                0x000001a4      0x1e0 ./src/common/core/qbuffer.o
 .debug_loclists
                0x00000384       0x98 ./src/hw/driver/led.o
 .debug_loclists
                0x0000041c       0x7d ./src/hw/driver/rtc.o
 .debug_loclists
                0x00000499      0x2a5 ./src/hw/driver/uart.o
 .debug_loclists
                0x0000073e       0xba ./src/lib/cube_f103/Drivers/STM32F1xx_HAL_Driver/Src/stm32f1xx_hal.o
 .debug_loclists
                0x000007f8      0x347 ./src/lib/cube_f103/Drivers/STM32F1xx_HAL_Driver/Src/stm32f1xx_hal_cortex.o
 .debug_loclists
                0x00000b3f      0x485 ./src/lib/cube_f103/Drivers/STM32F1xx_HAL_Driver/Src/stm32f1xx_hal_dma.o
 .debug_loclists
                0x00000fc4      0x2bb ./src/lib/cube_f103/Drivers/STM32F1xx_HAL_Driver/Src/stm32f1xx_hal_gpio.o
 .debug_loclists
                0x0000127f      0xc39 ./src/lib/cube_f103/Drivers/STM32F1xx_HAL_Driver/Src/stm32f1xx_hal_pcd.o
 .debug_loclists
                0x00001eb8       0x76 ./src/lib/cube_f103/Drivers/STM32F1xx_HAL_Driver/Src/stm32f1xx_hal_pcd_ex.o
 .debug_loclists
                0x00001f2e       0x97 ./src/lib/cube_f103/Drivers/STM32F1xx_HAL_Driver/Src/stm32f1xx_hal_pwr.o
 .debug_loclists
                0x00001fc5      0x3e1 ./src/lib/cube_f103/Drivers/STM32F1xx_HAL_Driver/Src/stm32f1xx_hal_rcc.o
 .debug_loclists
                0x000023a6      0x24c ./src/lib/cube_f103/Drivers/STM32F1xx_HAL_Driver/Src/stm32f1xx_hal_rcc_ex.o
 .debug_loclists
                0x000025f2      0xb44 ./src/lib/cube_f103/Drivers/STM32F1xx_HAL_Driver/Src/stm32f1xx_hal_rtc.o
 .debug_loclists
                0x00003136      0x302 ./src/lib/cube_f103/Drivers/STM32F1xx_HAL_Driver/Src/stm32f1xx_hal_rtc_ex.o
 .debug_loclists
                0x00003438     0x272b ./src/lib/cube_f103/Drivers/STM32F1xx_HAL_Driver/Src/stm32f1xx_hal_uart.o
 .debug_loclists
                0x00005b63     0x10f8 ./src/lib/cube_f103/Drivers/STM32F1xx_HAL_Driver/Src/stm32f1xx_ll_usb.o
 .debug_loclists
                0x00006c5b      0x411 ./src/lib/cube_f103/Middlewares/ST/STM32_USB_Device_Library/Class/CDC/Src/usbd_cdc.o
 .debug_loclists
                0x0000706c      0x4dd ./src/lib/cube_f103/Middlewares/ST/STM32_USB_Device_Library/Core/Src/usbd_core.o
 .debug_loclists
                0x00007549      0x692 ./src/lib/cube_f103/Middlewares/ST/STM32_USB_Device_Library/Core/Src/usbd_ctlreq.o
 .debug_loclists
                0x00007bdb      0x198 ./src/lib/cube_f103/Middlewares/ST/STM32_USB_Device_Library/Core/Src/usbd_ioreq.o
 .debug_loclists
                0x00007d73      0x2b7 ./src/lib/cube_f103/USB_DEVICE/App/usbd_cdc_if.o
 .debug_loclists
                0x0000802a      0x22a ./src/lib/cube_f103/USB_DEVICE/App/usbd_desc.o
 .debug_loclists
                0x00008254      0x5d6 ./src/lib/cube_f103/USB_DEVICE/Target/usbd_conf.o

.debug_aranges  0x00000000     0x1050
 .debug_aranges
                0x00000000       0x28 ./src/ap/ap.o
 .debug_aranges
                0x00000028       0x40 ./src/bsp/bsp.o
 .debug_aranges
                0x00000068       0x20 ./src/bsp/stm32f1xx_hal_msp.o
 .debug_aranges
                0x00000088       0x78 ./src/bsp/stm32f1xx_it.o
 .debug_aranges
                0x00000100       0x28 ./src/bsp/system_stm32f1xx.o
 .debug_aranges
                0x00000128       0x28 ./src/bsp/startup/startup_stm32f103c8tx.o
 .debug_aranges
                0x00000150       0x48 ./src/common/core/qbuffer.o
 .debug_aranges
                0x00000198       0x40 ./src/hw/driver/led.o
 .debug_aranges
                0x000001d8       0x28 ./src/hw/driver/reset.o
 .debug_aranges
                0x00000200       0x40 ./src/hw/driver/rtc.o
 .debug_aranges
                0x00000240       0x78 ./src/hw/driver/uart.o
 .debug_aranges
                0x000002b8       0x20 ./src/hw/driver/usb.o
 .debug_aranges
                0x000002d8       0x20 ./src/hw/hw.o
 .debug_aranges
                0x000002f8       0xe0 ./src/lib/cube_f103/Drivers/STM32F1xx_HAL_Driver/Src/stm32f1xx_hal.o
 .debug_aranges
                0x000003d8       0x90 ./src/lib/cube_f103/Drivers/STM32F1xx_HAL_Driver/Src/stm32f1xx_hal_cortex.o
 .debug_aranges
                0x00000468       0x78 ./src/lib/cube_f103/Drivers/STM32F1xx_HAL_Driver/Src/stm32f1xx_hal_dma.o
 .debug_aranges
                0x000004e0       0x58 ./src/lib/cube_f103/Drivers/STM32F1xx_HAL_Driver/Src/stm32f1xx_hal_gpio.o
 .debug_aranges
                0x00000538      0x128 ./src/lib/cube_f103/Drivers/STM32F1xx_HAL_Driver/Src/stm32f1xx_hal_pcd.o
 .debug_aranges
                0x00000660       0x38 ./src/lib/cube_f103/Drivers/STM32F1xx_HAL_Driver/Src/stm32f1xx_hal_pcd_ex.o
 .debug_aranges
                0x00000698       0xa8 ./src/lib/cube_f103/Drivers/STM32F1xx_HAL_Driver/Src/stm32f1xx_hal_pwr.o
 .debug_aranges
                0x00000740       0x88 ./src/lib/cube_f103/Drivers/STM32F1xx_HAL_Driver/Src/stm32f1xx_hal_rcc.o
 .debug_aranges
                0x000007c8       0x30 ./src/lib/cube_f103/Drivers/STM32F1xx_HAL_Driver/Src/stm32f1xx_hal_rcc_ex.o
 .debug_aranges
                0x000007f8       0xe8 ./src/lib/cube_f103/Drivers/STM32F1xx_HAL_Driver/Src/stm32f1xx_hal_rtc.o
 .debug_aranges
                0x000008e0       0x88 ./src/lib/cube_f103/Drivers/STM32F1xx_HAL_Driver/Src/stm32f1xx_hal_rtc_ex.o
 .debug_aranges
                0x00000968      0x1f0 ./src/lib/cube_f103/Drivers/STM32F1xx_HAL_Driver/Src/stm32f1xx_hal_uart.o
 .debug_aranges
                0x00000b58       0xf8 ./src/lib/cube_f103/Drivers/STM32F1xx_HAL_Driver/Src/stm32f1xx_ll_usb.o
 .debug_aranges
                0x00000c50       0x90 ./src/lib/cube_f103/Middlewares/ST/STM32_USB_Device_Library/Class/CDC/Src/usbd_cdc.o
 .debug_aranges
                0x00000ce0       0xb8 ./src/lib/cube_f103/Middlewares/ST/STM32_USB_Device_Library/Core/Src/usbd_core.o
 .debug_aranges
                0x00000d98       0x50 ./src/lib/cube_f103/Middlewares/ST/STM32_USB_Device_Library/Core/Src/usbd_ctlreq.o
 .debug_aranges
                0x00000de8       0x50 ./src/lib/cube_f103/Middlewares/ST/STM32_USB_Device_Library/Core/Src/usbd_ioreq.o
 .debug_aranges
                0x00000e38       0x20 ./src/lib/cube_f103/USB_DEVICE/App/usb_device.o
 .debug_aranges
                0x00000e58       0x68 ./src/lib/cube_f103/USB_DEVICE/App/usbd_cdc_if.o
 .debug_aranges
                0x00000ec0       0x58 ./src/lib/cube_f103/USB_DEVICE/App/usbd_desc.o
 .debug_aranges
                0x00000f18      0x118 ./src/lib/cube_f103/USB_DEVICE/Target/usbd_conf.o
 .debug_aranges
                0x00001030       0x20 ./src/main.o

.debug_rnglists
                0x00000000     0x1159
 .debug_rnglists
                0x00000000       0x1a ./src/ap/ap.o
 .debug_rnglists
                0x0000001a       0x2c ./src/bsp/bsp.o
 .debug_rnglists
                0x00000046       0x37 ./src/bsp/stm32f1xx_hal_msp.o
 .debug_rnglists
                0x0000007d       0x55 ./src/bsp/stm32f1xx_it.o
 .debug_rnglists
                0x000000d2       0x19 ./src/bsp/system_stm32f1xx.o
 .debug_rnglists
                0x000000eb       0x19 ./src/bsp/startup/startup_stm32f103c8tx.o
 .debug_rnglists
                0x00000104       0x4f ./src/common/core/qbuffer.o
 .debug_rnglists
                0x00000153       0x40 ./src/hw/driver/led.o
 .debug_rnglists
                0x00000193       0x19 ./src/hw/driver/reset.o
 .debug_rnglists
                0x000001ac       0x49 ./src/hw/driver/rtc.o
 .debug_rnglists
                0x000001f5       0x93 ./src/hw/driver/uart.o
 .debug_rnglists
                0x00000288       0x13 ./src/hw/driver/usb.o
 .debug_rnglists
                0x0000029b       0x13 ./src/hw/hw.o
 .debug_rnglists
                0x000002ae       0xa3 ./src/lib/cube_f103/Drivers/STM32F1xx_HAL_Driver/Src/stm32f1xx_hal.o
 .debug_rnglists
                0x00000351       0xd3 ./src/lib/cube_f103/Drivers/STM32F1xx_HAL_Driver/Src/stm32f1xx_hal_cortex.o
 .debug_rnglists
                0x00000424       0x70 ./src/lib/cube_f103/Drivers/STM32F1xx_HAL_Driver/Src/stm32f1xx_hal_dma.o
 .debug_rnglists
                0x00000494       0x52 ./src/lib/cube_f103/Drivers/STM32F1xx_HAL_Driver/Src/stm32f1xx_hal_gpio.o
 .debug_rnglists
                0x000004e6      0x1c2 ./src/lib/cube_f103/Drivers/STM32F1xx_HAL_Driver/Src/stm32f1xx_hal_pcd.o
 .debug_rnglists
                0x000006a8       0x25 ./src/lib/cube_f103/Drivers/STM32F1xx_HAL_Driver/Src/stm32f1xx_hal_pcd_ex.o
 .debug_rnglists
                0x000006cd       0x79 ./src/lib/cube_f103/Drivers/STM32F1xx_HAL_Driver/Src/stm32f1xx_hal_pwr.o
 .debug_rnglists
                0x00000746       0x85 ./src/lib/cube_f103/Drivers/STM32F1xx_HAL_Driver/Src/stm32f1xx_hal_rcc.o
 .debug_rnglists
                0x000007cb       0x3f ./src/lib/cube_f103/Drivers/STM32F1xx_HAL_Driver/Src/stm32f1xx_hal_rcc_ex.o
 .debug_rnglists
                0x0000080a       0xd7 ./src/lib/cube_f103/Drivers/STM32F1xx_HAL_Driver/Src/stm32f1xx_hal_rtc.o
 .debug_rnglists
                0x000008e1       0x61 ./src/lib/cube_f103/Drivers/STM32F1xx_HAL_Driver/Src/stm32f1xx_hal_rtc_ex.o
 .debug_rnglists
                0x00000942      0x1bd ./src/lib/cube_f103/Drivers/STM32F1xx_HAL_Driver/Src/stm32f1xx_hal_uart.o
 .debug_rnglists
                0x00000aff      0x2ee ./src/lib/cube_f103/Drivers/STM32F1xx_HAL_Driver/Src/stm32f1xx_ll_usb.o
 .debug_rnglists
                0x00000ded       0x69 ./src/lib/cube_f103/Middlewares/ST/STM32_USB_Device_Library/Class/CDC/Src/usbd_cdc.o
 .debug_rnglists
                0x00000e56       0x86 ./src/lib/cube_f103/Middlewares/ST/STM32_USB_Device_Library/Core/Src/usbd_core.o
 .debug_rnglists
                0x00000edc       0x7e ./src/lib/cube_f103/Middlewares/ST/STM32_USB_Device_Library/Core/Src/usbd_ctlreq.o
 .debug_rnglists
                0x00000f5a       0x37 ./src/lib/cube_f103/Middlewares/ST/STM32_USB_Device_Library/Core/Src/usbd_ioreq.o
 .debug_rnglists
                0x00000f91       0x13 ./src/lib/cube_f103/USB_DEVICE/App/usb_device.o
 .debug_rnglists
                0x00000fa4       0x61 ./src/lib/cube_f103/USB_DEVICE/App/usbd_cdc_if.o
 .debug_rnglists
                0x00001005       0x61 ./src/lib/cube_f103/USB_DEVICE/App/usbd_desc.o
 .debug_rnglists
                0x00001066       0xe0 ./src/lib/cube_f103/USB_DEVICE/Target/usbd_conf.o
 .debug_rnglists
                0x00001146       0x13 ./src/main.o

.debug_line     0x00000000    0x12f1f
 .debug_line    0x00000000      0x387 ./src/ap/ap.o
 .debug_line    0x00000387      0x50a ./src/bsp/bsp.o
 .debug_line    0x00000891      0x2bf ./src/bsp/stm32f1xx_hal_msp.o
 .debug_line    0x00000b50      0x495 ./src/bsp/stm32f1xx_it.o
 .debug_line    0x00000fe5      0x353 ./src/bsp/system_stm32f1xx.o
 .debug_line    0x00001338       0x78 ./src/bsp/startup/startup_stm32f103c8tx.o
 .debug_line    0x000013b0      0x390 ./src/common/core/qbuffer.o
 .debug_line    0x00001740      0x3dd ./src/hw/driver/led.o
 .debug_line    0x00001b1d      0x32b ./src/hw/driver/reset.o
 .debug_line    0x00001e48      0x434 ./src/hw/driver/rtc.o
 .debug_line    0x0000227c      0x919 ./src/hw/driver/uart.o
 .debug_line    0x00002b95      0x396 ./src/hw/driver/usb.o
 .debug_line    0x00002f2b       0xda ./src/hw/hw.o
 .debug_line    0x00003005      0x6e5 ./src/lib/cube_f103/Drivers/STM32F1xx_HAL_Driver/Src/stm32f1xx_hal.o
 .debug_line    0x000036ea      0x7ea ./src/lib/cube_f103/Drivers/STM32F1xx_HAL_Driver/Src/stm32f1xx_hal_cortex.o
 .debug_line    0x00003ed4      0xbe7 ./src/lib/cube_f103/Drivers/STM32F1xx_HAL_Driver/Src/stm32f1xx_hal_dma.o
 .debug_line    0x00004abb      0x6fa ./src/lib/cube_f103/Drivers/STM32F1xx_HAL_Driver/Src/stm32f1xx_hal_gpio.o
 .debug_line    0x000051b5     0x1539 ./src/lib/cube_f103/Drivers/STM32F1xx_HAL_Driver/Src/stm32f1xx_hal_pcd.o
 .debug_line    0x000066ee      0x3eb ./src/lib/cube_f103/Drivers/STM32F1xx_HAL_Driver/Src/stm32f1xx_hal_pcd_ex.o
 .debug_line    0x00006ad9      0x60a ./src/lib/cube_f103/Drivers/STM32F1xx_HAL_Driver/Src/stm32f1xx_hal_pwr.o
 .debug_line    0x000070e3      0xd52 ./src/lib/cube_f103/Drivers/STM32F1xx_HAL_Driver/Src/stm32f1xx_hal_rcc.o
 .debug_line    0x00007e35      0x611 ./src/lib/cube_f103/Drivers/STM32F1xx_HAL_Driver/Src/stm32f1xx_hal_rcc_ex.o
 .debug_line    0x00008446     0x11e3 ./src/lib/cube_f103/Drivers/STM32F1xx_HAL_Driver/Src/stm32f1xx_hal_rtc.o
 .debug_line    0x00009629      0x8d0 ./src/lib/cube_f103/Drivers/STM32F1xx_HAL_Driver/Src/stm32f1xx_hal_rtc_ex.o
 .debug_line    0x00009ef9     0x425e ./src/lib/cube_f103/Drivers/STM32F1xx_HAL_Driver/Src/stm32f1xx_hal_uart.o
 .debug_line    0x0000e157     0x1815 ./src/lib/cube_f103/Drivers/STM32F1xx_HAL_Driver/Src/stm32f1xx_ll_usb.o
 .debug_line    0x0000f96c      0x960 ./src/lib/cube_f103/Middlewares/ST/STM32_USB_Device_Library/Class/CDC/Src/usbd_cdc.o
 .debug_line    0x000102cc      0x7de ./src/lib/cube_f103/Middlewares/ST/STM32_USB_Device_Library/Core/Src/usbd_core.o
 .debug_line    0x00010aaa      0x8f3 ./src/lib/cube_f103/Middlewares/ST/STM32_USB_Device_Library/Core/Src/usbd_ctlreq.o
 .debug_line    0x0001139d      0x3dc ./src/lib/cube_f103/Middlewares/ST/STM32_USB_Device_Library/Core/Src/usbd_ioreq.o
 .debug_line    0x00011779      0x3b8 ./src/lib/cube_f103/USB_DEVICE/App/usb_device.o
 .debug_line    0x00011b31      0x5f0 ./src/lib/cube_f103/USB_DEVICE/App/usbd_cdc_if.o
 .debug_line    0x00012121      0x491 ./src/lib/cube_f103/USB_DEVICE/App/usbd_desc.o
 .debug_line    0x000125b2      0x8d2 ./src/lib/cube_f103/USB_DEVICE/Target/usbd_conf.o
 .debug_line    0x00012e84       0x9b ./src/main.o

.debug_str      0x00000000     0x45d0
 .debug_str     0x00000000      0x1ba ./src/ap/ap.o
                                0x204 (size before relaxing)
 .debug_str     0x000001ba      0x2b8 ./src/bsp/bsp.o
                                0x43d (size before relaxing)
 .debug_str     0x00000472       0x59 ./src/bsp/stm32f1xx_hal_msp.o
                                0x210 (size before relaxing)
 .debug_str     0x000004cb      0x7dd ./src/bsp/stm32f1xx_it.o
                                0x9ce (size before relaxing)
 .debug_str     0x00000ca8       0x7d ./src/bsp/system_stm32f1xx.o
                                0x234 (size before relaxing)
 .debug_str     0x00000d25       0x47 ./src/bsp/startup/startup_stm32f103c8tx.o
                                 0x63 (size before relaxing)
 .debug_str     0x00000d6c       0x94 ./src/common/core/qbuffer.o
                                0x224 (size before relaxing)
 .debug_str     0x00000e00       0xf0 ./src/hw/driver/led.o
                                0x300 (size before relaxing)
 .debug_str     0x00000ef0       0x60 ./src/hw/driver/reset.o
                                0x21c (size before relaxing)
 .debug_str     0x00000f50      0x1b4 ./src/hw/driver/rtc.o
                                0x448 (size before relaxing)
 .debug_str     0x00001104      0x47e ./src/hw/driver/uart.o
                                0xb8f (size before relaxing)
 .debug_str     0x00001582       0x32 ./src/hw/driver/usb.o
                                0x255 (size before relaxing)
 .debug_str     0x000015b4       0x16 ./src/hw/hw.o
                                0x1ac (size before relaxing)
 .debug_str     0x000015ca      0x2f8 ./src/lib/cube_f103/Drivers/STM32F1xx_HAL_Driver/Src/stm32f1xx_hal.o
                                0x82d (size before relaxing)
 .debug_str     0x000018c2      0x37e ./src/lib/cube_f103/Drivers/STM32F1xx_HAL_Driver/Src/stm32f1xx_hal_cortex.o
                                0x8d2 (size before relaxing)
 .debug_str     0x00001c40      0x227 ./src/lib/cube_f103/Drivers/STM32F1xx_HAL_Driver/Src/stm32f1xx_hal_dma.o
                                0x5fc (size before relaxing)
 .debug_str     0x00001e67      0x106 ./src/lib/cube_f103/Drivers/STM32F1xx_HAL_Driver/Src/stm32f1xx_hal_gpio.o
                                0x3ff (size before relaxing)
 .debug_str     0x00001f6d      0x5bd ./src/lib/cube_f103/Drivers/STM32F1xx_HAL_Driver/Src/stm32f1xx_hal_pcd.o
                                0xb22 (size before relaxing)
 .debug_str     0x0000252a      0x182 ./src/lib/cube_f103/Drivers/STM32F1xx_HAL_Driver/Src/stm32f1xx_hal_pcd_ex.o
                                0x6d2 (size before relaxing)
 .debug_str     0x000026ac      0x229 ./src/lib/cube_f103/Drivers/STM32F1xx_HAL_Driver/Src/stm32f1xx_hal_pwr.o
                                0x49a (size before relaxing)
 .debug_str     0x000028d5      0x1eb ./src/lib/cube_f103/Drivers/STM32F1xx_HAL_Driver/Src/stm32f1xx_hal_rcc.o
                                0x62a (size before relaxing)
 .debug_str     0x00002ac0       0xb1 ./src/lib/cube_f103/Drivers/STM32F1xx_HAL_Driver/Src/stm32f1xx_hal_rcc_ex.o
                                0x3d2 (size before relaxing)
 .debug_str     0x00002b71      0x325 ./src/lib/cube_f103/Drivers/STM32F1xx_HAL_Driver/Src/stm32f1xx_hal_rtc.o
                                0x70e (size before relaxing)
 .debug_str     0x00002e96      0x214 ./src/lib/cube_f103/Drivers/STM32F1xx_HAL_Driver/Src/stm32f1xx_hal_rtc_ex.o
                                0x5a0 (size before relaxing)
 .debug_str     0x000030aa      0x5b9 ./src/lib/cube_f103/Drivers/STM32F1xx_HAL_Driver/Src/stm32f1xx_hal_uart.o
                                0xcf3 (size before relaxing)
 .debug_str     0x00003663      0x13b ./src/lib/cube_f103/Drivers/STM32F1xx_HAL_Driver/Src/stm32f1xx_ll_usb.o
                                0x724 (size before relaxing)
 .debug_str     0x0000379e      0x674 ./src/lib/cube_f103/Middlewares/ST/STM32_USB_Device_Library/Class/CDC/Src/usbd_cdc.o
                                0xc23 (size before relaxing)
 .debug_str     0x00003e12      0x29f ./src/lib/cube_f103/Middlewares/ST/STM32_USB_Device_Library/Core/Src/usbd_core.o
                                0x830 (size before relaxing)
 .debug_str     0x000040b1      0x143 ./src/lib/cube_f103/Middlewares/ST/STM32_USB_Device_Library/Core/Src/usbd_ctlreq.o
                                0x762 (size before relaxing)
 .debug_str     0x000041f4       0x63 ./src/lib/cube_f103/Middlewares/ST/STM32_USB_Device_Library/Core/Src/usbd_ioreq.o
                                0x677 (size before relaxing)
 .debug_str     0x00004257       0x5d ./src/lib/cube_f103/USB_DEVICE/App/usb_device.o
                                0x658 (size before relaxing)
 .debug_str     0x000042b4       0xfd ./src/lib/cube_f103/USB_DEVICE/App/usbd_cdc_if.o
                                0x7cd (size before relaxing)
 .debug_str     0x000043b1      0x182 ./src/lib/cube_f103/USB_DEVICE/App/usbd_desc.o
                                0x450 (size before relaxing)
 .debug_str     0x00004533       0x8a ./src/lib/cube_f103/USB_DEVICE/Target/usbd_conf.o
                               0x11b0 (size before relaxing)
 .debug_str     0x000045bd       0x13 ./src/main.o
                                0x185 (size before relaxing)

.comment        0x00000000       0x43
 .comment       0x00000000       0x43 ./src/ap/ap.o
                                 0x44 (size before relaxing)
 .comment       0x00000043       0x44 ./src/bsp/bsp.o
 .comment       0x00000043       0x44 ./src/bsp/stm32f1xx_hal_msp.o
 .comment       0x00000043       0x44 ./src/bsp/stm32f1xx_it.o
 .comment       0x00000043       0x44 ./src/bsp/system_stm32f1xx.o
 .comment       0x00000043       0x44 ./src/common/core/qbuffer.o
 .comment       0x00000043       0x44 ./src/hw/driver/led.o
 .comment       0x00000043       0x44 ./src/hw/driver/reset.o
 .comment       0x00000043       0x44 ./src/hw/driver/rtc.o
 .comment       0x00000043       0x44 ./src/hw/driver/uart.o
 .comment       0x00000043       0x44 ./src/hw/driver/usb.o
 .comment       0x00000043       0x44 ./src/hw/hw.o
 .comment       0x00000043       0x44 ./src/lib/cube_f103/Drivers/STM32F1xx_HAL_Driver/Src/stm32f1xx_hal.o
 .comment       0x00000043       0x44 ./src/lib/cube_f103/Drivers/STM32F1xx_HAL_Driver/Src/stm32f1xx_hal_cortex.o
 .comment       0x00000043       0x44 ./src/lib/cube_f103/Drivers/STM32F1xx_HAL_Driver/Src/stm32f1xx_hal_dma.o
 .comment       0x00000043       0x44 ./src/lib/cube_f103/Drivers/STM32F1xx_HAL_Driver/Src/stm32f1xx_hal_gpio.o
 .comment       0x00000043       0x44 ./src/lib/cube_f103/Drivers/STM32F1xx_HAL_Driver/Src/stm32f1xx_hal_pcd.o
 .comment       0x00000043       0x44 ./src/lib/cube_f103/Drivers/STM32F1xx_HAL_Driver/Src/stm32f1xx_hal_pcd_ex.o
 .comment       0x00000043       0x44 ./src/lib/cube_f103/Drivers/STM32F1xx_HAL_Driver/Src/stm32f1xx_hal_pwr.o
 .comment       0x00000043       0x44 ./src/lib/cube_f103/Drivers/STM32F1xx_HAL_Driver/Src/stm32f1xx_hal_rcc.o
 .comment       0x00000043       0x44 ./src/lib/cube_f103/Drivers/STM32F1xx_HAL_Driver/Src/stm32f1xx_hal_rcc_ex.o
 .comment       0x00000043       0x44 ./src/lib/cube_f103/Drivers/STM32F1xx_HAL_Driver/Src/stm32f1xx_hal_rtc.o
 .comment       0x00000043       0x44 ./src/lib/cube_f103/Drivers/STM32F1xx_HAL_Driver/Src/stm32f1xx_hal_rtc_ex.o