Archive member included to satisfy reference by file (symbol)

C:/ST/STM32CubeIDE_1.16.0/STM32CubeIDE/plugins/com.st.stm32cube.ide.mcu.externaltools.gnu-tools-for-stm32.12.3.rel1.win32_1.0.200.202406191623/tools/bin/../lib/gcc/arm-none-eabi/12.3.1/../../../../arm-none-eabi/lib/thumb/v7-m/nofp\libc_nano.a(libc_a-exit.o)
                              C:/ST/STM32CubeIDE_1.16.0/STM32CubeIDE/plugins/com.st.stm32cube.ide.mcu.externaltools.gnu-tools-for-stm32.12.3.rel1.win32_1.0.200.202406191623/tools/bin/../lib/gcc/arm-none-eabi/12.3.1/../../../../arm-none-eabi/lib/thumb/v7-m/nofp/crt0.o (exit)
C:/ST/STM32CubeIDE_1.16.0/STM32CubeIDE/plugins/com.st.stm32cube.ide.mcu.externaltools.gnu-tools-for-stm32.12.3.rel1.win32_1.0.200.202406191623/tools/bin/../lib/gcc/arm-none-eabi/12.3.1/../../../../arm-none-eabi/lib/thumb/v7-m/nofp\libc_nano.a(libc_a-findfp.o)
                              C:/ST/STM32CubeIDE_1.16.0/STM32CubeIDE/plugins/com.st.stm32cube.ide.mcu.externaltools.gnu-tools-for-stm32.12.3.rel1.win32_1.0.200.202406191623/tools/bin/../lib/gcc/arm-none-eabi/12.3.1/../../../../arm-none-eabi/lib/thumb/v7-m/nofp\libc_nano.a(libc_a-exit.o) (__stdio_exit_handler)
C:/ST/STM32CubeIDE_1.16.0/STM32CubeIDE/plugins/com.st.stm32cube.ide.mcu.externaltools.gnu-tools-for-stm32.12.3.rel1.win32_1.0.200.202406191623/tools/bin/../lib/gcc/arm-none-eabi/12.3.1/../../../../arm-none-eabi/lib/thumb/v7-m/nofp\libc_nano.a(libc_a-fwalk.o)
                              C:/ST/STM32CubeIDE_1.16.0/STM32CubeIDE/plugins/com.st.stm32cube.ide.mcu.externaltools.gnu-tools-for-stm32.12.3.rel1.win32_1.0.200.202406191623/tools/bin/../lib/gcc/arm-none-eabi/12.3.1/../../../../arm-none-eabi/lib/thumb/v7-m/nofp\libc_nano.a(libc_a-findfp.o) (_fwalk_sglue)
C:/ST/STM32CubeIDE_1.16.0/STM32CubeIDE/plugins/com.st.stm32cube.ide.mcu.externaltools.gnu-tools-for-stm32.12.3.rel1.win32_1.0.200.202406191623/tools/bin/../lib/gcc/arm-none-eabi/12.3.1/../../../../arm-none-eabi/lib/thumb/v7-m/nofp\libc_nano.a(libc_a-stdio.o)
                              C:/ST/STM32CubeIDE_1.16.0/STM32CubeIDE/plugins/com.st.stm32cube.ide.mcu.externaltools.gnu-tools-for-stm32.12.3.rel1.win32_1.0.200.202406191623/tools/bin/../lib/gcc/arm-none-eabi/12.3.1/../../../../arm-none-eabi/lib/thumb/v7-m/nofp\libc_nano.a(libc_a-findfp.o) (__sread)
C:/ST/STM32CubeIDE_1.16.0/STM32CubeIDE/plugins/com.st.stm32cube.ide.mcu.externaltools.gnu-tools-for-stm32.12.3.rel1.win32_1.0.200.202406191623/tools/bin/../lib/gcc/arm-none-eabi/12.3.1/../../../../arm-none-eabi/lib/thumb/v7-m/nofp\libc_nano.a(libc_a-vsnprintf.o)
                              ./src/hw/driver/uart.o (vsnprintf)
C:/ST/STM32CubeIDE_1.16.0/STM32CubeIDE/plugins/com.st.stm32cube.ide.mcu.externaltools.gnu-tools-for-stm32.12.3.rel1.win32_1.0.200.202406191623/tools/bin/../lib/gcc/arm-none-eabi/12.3.1/../../../../arm-none-eabi/lib/thumb/v7-m/nofp\libc_nano.a(libc_a-memset.o)
                              C:/ST/STM32CubeIDE_1.16.0/STM32CubeIDE/plugins/com.st.stm32cube.ide.mcu.externaltools.gnu-tools-for-stm32.12.3.rel1.win32_1.0.200.202406191623/tools/bin/../lib/gcc/arm-none-eabi/12.3.1/../../../../arm-none-eabi/lib/thumb/v7-m/nofp/crt0.o (memset)
C:/ST/STM32CubeIDE_1.16.0/STM32CubeIDE/plugins/com.st.stm32cube.ide.mcu.externaltools.gnu-tools-for-stm32.12.3.rel1.win32_1.0.200.202406191623/tools/bin/../lib/gcc/arm-none-eabi/12.3.1/../../../../arm-none-eabi/lib/thumb/v7-m/nofp\libc_nano.a(libc_a-closer.o)
                              C:/ST/STM32CubeIDE_1.16.0/STM32CubeIDE/plugins/com.st.stm32cube.ide.mcu.externaltools.gnu-tools-for-stm32.12.3.rel1.win32_1.0.200.202406191623/tools/bin/../lib/gcc/arm-none-eabi/12.3.1/../../../../arm-none-eabi/lib/thumb/v7-m/nofp\libc_nano.a(libc_a-stdio.o) (_close_r)
C:/ST/STM32CubeIDE_1.16.0/STM32CubeIDE/plugins/com.st.stm32cube.ide.mcu.externaltools.gnu-tools-for-stm32.12.3.rel1.win32_1.0.200.202406191623/tools/bin/../lib/gcc/arm-none-eabi/12.3.1/../../../../arm-none-eabi/lib/thumb/v7-m/nofp\libc_nano.a(libc_a-reent.o)
                              C:/ST/STM32CubeIDE_1.16.0/STM32CubeIDE/plugins/com.st.stm32cube.ide.mcu.externaltools.gnu-tools-for-stm32.12.3.rel1.win32_1.0.200.202406191623/tools/bin/../lib/gcc/arm-none-eabi/12.3.1/../../../../arm-none-eabi/lib/thumb/v7-m/nofp\libc_nano.a(libc_a-closer.o) (errno)
C:/ST/STM32CubeIDE_1.16.0/STM32CubeIDE/plugins/com.st.stm32cube.ide.mcu.externaltools.gnu-tools-for-stm32.12.3.rel1.win32_1.0.200.202406191623/tools/bin/../lib/gcc/arm-none-eabi/12.3.1/../../../../arm-none-eabi/lib/thumb/v7-m/nofp\libc_nano.a(libc_a-impure.o)
                              C:/ST/STM32CubeIDE_1.16.0/STM32CubeIDE/plugins/com.st.stm32cube.ide.mcu.externaltools.gnu-tools-for-stm32.12.3.rel1.win32_1.0.200.202406191623/tools/bin/../lib/gcc/arm-none-eabi/12.3.1/../../../../arm-none-eabi/lib/thumb/v7-m/nofp\libc_nano.a(libc_a-vsnprintf.o) (_impure_ptr)
[...]
Memory Configuration

Name             Origin             Length             Attributes
RAM              0x20000000         0x00005000         xrw
ROM              0x08005000         0x0000b000         xr
*default*        0x00000000         0xffffffff

Linker script and memory map

LOAD C:/ST/STM32CubeIDE_1.16.0/STM32CubeIDE/plugins/com.st.stm32cube.ide.mcu.externaltools.gnu-tools-for-stm32.12.3.rel1.win32_1.0.200.202406191623/tools/bin/../lib/gcc/arm-none-eabi/12.3.1/thumb/v7-m/nofp/crti.o
LOAD C:/ST/STM32CubeIDE_1.16.0/STM32CubeIDE/plugins/com.st.stm32cube.ide.mcu.externaltools.gnu-tools-for-stm32.12.3.rel1.win32_1.0.200.202406191623/tools/bin/../lib/gcc/arm-none-eabi/12.3.1/thumb/v7-m/nofp/crtbegin.o
LOAD C:/ST/STM32CubeIDE_1.16.0/STM32CubeIDE/plugins/com.st.stm32cube.ide.mcu.externaltools.gnu-tools-for-stm32.12.3.rel1.win32_1.0.200.202406191623/tools/bin/../lib/gcc/arm-none-eabi/12.3.1/../../../../arm-none-eabi/lib/thumb/v7-m/nofp/crt0.o
LOAD ./src/ap/ap.o
LOAD ./src/bsp/bsp.o
LOAD ./src/bsp/stm32f1xx_hal_msp.o
LOAD ./src/bsp/stm32f1xx_it.o
LOAD ./src/bsp/syscalls.o
LOAD ./src/bsp/sysmem.o
LOAD ./src/bsp/system_stm32f1xx.o
LOAD ./src/bsp/startup/startup_stm32f103c8tx.o
LOAD ./src/common/core/qbuffer.o
LOAD ./src/hw/driver/cdc.o
LOAD ./src/hw/driver/flash.o
LOAD ./src/hw/driver/led.o
LOAD ./src/hw/driver/reset.o
LOAD ./src/hw/driver/rtc.o
LOAD ./src/hw/driver/uart.o
LOAD ./src/hw/driver/usb.o
LOAD ./src/hw/hw.o
LOAD ./src/lib/cube_f103/Drivers/STM32F1xx_HAL_Driver/Src/stm32f1xx_hal.o
LOAD ./src/lib/cube_f103/Drivers/STM32F1xx_HAL_Driver/Src/stm32f1xx_hal_cortex.o
LOAD ./src/lib/cube_f103/Drivers/STM32F1xx_HAL_Driver/Src/stm32f1xx_hal_dma.o
LOAD ./src/lib/cube_f103/Drivers/STM32F1xx_HAL_Driver/Src/stm32f1xx_hal_exti.o
LOAD ./src/lib/cube_f103/Drivers/STM32F1xx_HAL_Driver/Src/stm32f1xx_hal_flash.o
LOAD ./src/lib/cube_f103/Drivers/STM32F1xx_HAL_Driver/Src/stm32f1xx_hal_flash_ex.o
LOAD ./src/lib/cube_f103/Drivers/STM32F1xx_HAL_Driver/Src/stm32f1xx_hal_gpio.o
LOAD ./src/lib/cube_f103/Drivers/STM32F1xx_HAL_Driver/Src/stm32f1xx_hal_gpio_ex.o
LOAD ./src/lib/cube_f103/Drivers/STM32F1xx_HAL_Driver/Src/stm32f1xx_hal_pcd.o
LOAD ./src/lib/cube_f103/Drivers/STM32F1xx_HAL_Driver/Src/stm32f1xx_hal_pcd_ex.o
LOAD ./src/lib/cube_f103/Drivers/STM32F1xx_HAL_Driver/Src/stm32f1xx_hal_pwr.o
LOAD ./src/lib/cube_f103/Drivers/STM32F1xx_HAL_Driver/Src/stm32f1xx_hal_rcc.o
LOAD ./src/lib/cube_f103/Drivers/STM32F1xx_HAL_Driver/Src/stm32f1xx_hal_rcc_ex.o
LOAD ./src/lib/cube_f103/Drivers/STM32F1xx_HAL_Driver/Src/stm32f1xx_hal_rtc.o
LOAD ./src/lib/cube_f103/Drivers/STM32F1xx_HAL_Driver/Src/stm32f1xx_hal_rtc_ex.o
LOAD ./src/lib/cube_f103/Drivers/STM32F1xx_HAL_Driver/Src/stm32f1xx_hal_tim.o
LOAD ./src/lib/cube_f103/Drivers/STM32F1xx_HAL_Driver/Src/stm32f1xx_hal_tim_ex.o
LOAD ./src/lib/cube_f103/Drivers/STM32F1xx_HAL_Driver/Src/stm32f1xx_hal_uart.o
LOAD ./src/lib/cube_f103/Drivers/STM32F1xx_HAL_Driver/Src/stm32f1xx_ll_usb.o
LOAD ./src/lib/cube_f103/Middlewares/ST/STM32_USB_Device_Library/Class/CDC/Src/usbd_cdc.o
LOAD ./src/lib/cube_f103/Middlewares/ST/STM32_USB_Device_Library/Core/Src/usbd_core.o
LOAD ./src/lib/cube_f103/Middlewares/ST/STM32_USB_Device_Library/Core/Src/usbd_ctlreq.o
LOAD ./src/lib/cube_f103/Middlewares/ST/STM32_USB_Device_Library/Core/Src/usbd_ioreq.o
LOAD ./src/lib/cube_f103/USB_DEVICE/App/usb_device.o
LOAD ./src/lib/cube_f103/USB_DEVICE/App/usbd_cdc_if.o
LOAD ./src/lib/cube_f103/USB_DEVICE/App/usbd_desc.o
LOAD ./src/lib/cube_f103/USB_DEVICE/Target/usbd_conf.o
LOAD ./src/main.o
START GROUP
LOAD C:/ST/STM32CubeIDE_1.16.0/STM32CubeIDE/plugins/com.st.stm32cube.ide.mcu.externaltools.gnu-tools-for-stm32.12.3.rel1.win32_1.0.200.202406191623/tools/bin/../lib/gcc/arm-none-eabi/12.3.1/../../../../arm-none-eabi/lib/thumb/v7-m/nofp\libc_nano.a
LOAD C:/ST/STM32CubeIDE_1.16.0/STM32CubeIDE/plugins/com.st.stm32cube.ide.mcu.externaltools.gnu-tools-for-stm32.12.3.rel1.win32_1.0.200.202406191623/tools/bin/../lib/gcc/arm-none-eabi/12.3.1/../../../../arm-none-eabi/lib/thumb/v7-m/nofp\libm.a
END GROUP
START GROUP
LOAD C:/ST/STM32CubeIDE_1.16.0/STM32CubeIDE/plugins/com.st.stm32cube.ide.mcu.externaltools.gnu-tools-for-stm32.12.3.rel1.win32_1.0.200.202406191623/tools/bin/../lib/gcc/arm-none-eabi/12.3.1/thumb/v7-m/nofp\libgcc.a
LOAD C:/ST/STM32CubeIDE_1.16.0/STM32CubeIDE/plugins/com.st.stm32cube.ide.mcu.externaltools.gnu-tools-for-stm32.12.3.rel1.win32_1.0.200.202406191623/tools/bin/../lib/gcc/arm-none-eabi/12.3.1/../../../../arm-none-eabi/lib/thumb/v7-m/nofp\libc_nano.a
END GROUP
START GROUP
LOAD C:/ST/STM32CubeIDE_1.16.0/STM32CubeIDE/plugins/com.st.stm32cube.ide.mcu.externaltools.gnu-tools-for-stm32.12.3.rel1.win32_1.0.200.202406191623/tools/bin/../lib/gcc/arm-none-eabi/12.3.1/thumb/v7-m/nofp\libgcc.a
LOAD C:/ST/STM32CubeIDE_1.16.0/STM32CubeIDE/plugins/com.st.stm32cube.ide.mcu.externaltools.gnu-tools-for-stm32.12.3.rel1.win32_1.0.200.202406191623/tools/bin/../lib/gcc/arm-none-eabi/12.3.1/../../../../arm-none-eabi/lib/thumb/v7-m/nofp\libc_nano.a
LOAD C:/ST/STM32CubeIDE_1.16.0/STM32CubeIDE/plugins/com.st.stm32cube.ide.mcu.externaltools.gnu-tools-for-stm32.12.3.rel1.win32_1.0.200.202406191623/tools/bin/../lib/gcc/arm-none-eabi/12.3.1/../../../../arm-none-eabi/lib/thumb/v7-m/nofp\libnosys.a
END GROUP
START GROUP
LOAD C:/ST/STM32CubeIDE_1.16.0/STM32CubeIDE/plugins/com.st.stm32cube.ide.mcu.externaltools.gnu-tools-for-stm32.12.3.rel1.win32_1.0.200.202406191623/tools/bin/../lib/gcc/arm-none-eabi/12.3.1/thumb/v7-m/nofp\libgcc.a
LOAD C:/ST/STM32CubeIDE_1.16.0/STM32CubeIDE/plugins/com.st.stm32cube.ide.mcu.externaltools.gnu-tools-for-stm32.12.3.rel1.win32_1.0.200.202406191623/tools/bin/../lib/gcc/arm-none-eabi/12.3.1/../../../../arm-none-eabi/lib/thumb/v7-m/nofp\libc_nano.a
LOAD C:/ST/STM32CubeIDE_1.16.0/STM32CubeIDE/plugins/com.st.stm32cube.ide.mcu.externaltools.gnu-tools-for-stm32.12.3.rel1.win32_1.0.200.202406191623/tools/bin/../lib/gcc/arm-none-eabi/12.3.1/../../../../arm-none-eabi/lib/thumb/v7-m/nofp\libnosys.a
END GROUP
LOAD C:/ST/STM32CubeIDE_1.16.0/STM32CubeIDE/plugins/com.st.stm32cube.ide.mcu.externaltools.gnu-tools-for-stm32.12.3.rel1.win32_1.0.200.202406191623/tools/bin/../lib/gcc/arm-none-eabi/12.3.1/thumb/v7-m/nofp/crtend.o
LOAD C:/ST/STM32CubeIDE_1.16.0/STM32CubeIDE/plugins/com.st.stm32cube.ide.mcu.externaltools.gnu-tools-for-stm32.12.3.rel1.win32_1.0.200.202406191623/tools/bin/../lib/gcc/arm-none-eabi/12.3.1/thumb/v7-m/nofp/crtn.o
                0x20005000                        _estack = (ORIGIN (RAM) + LENGTH (RAM))
                0x00000200                        _Min_Heap_Size = 0x200
                0x00000400                        _Min_Stack_Size = 0x400

.isr_vector     0x08005000      0x10c
                0x08005000                        . = ALIGN (0x4)
 *(.isr_vector)
 .isr_vector    0x08005000      0x10c ./src/bsp/startup/startup_stm32f103c8tx.o
                0x08005000                g_pfnVectors
                0x0800510c                        . = ALIGN (0x4)

.text           0x0800510c     0x4258
                0x0800510c                        . = ALIGN (0x4)
 *(.text)
 .text          0x0800510c       0x40 C:/ST/STM32CubeIDE_1.16.0/STM32CubeIDE/plugins/com.st.stm32cube.ide.mcu.externaltools.gnu-tools-for-stm32.12.3.rel1.win32_1.0.200.202406191623/tools/bin/../lib/gcc/arm-none-eabi/12.3.1/thumb/v7-m/nofp/crtbegin.o
 .text          0x0800514c       0x10 C:/ST/STM32CubeIDE_1.16.0/STM32CubeIDE/plugins/com.st.stm32cube.ide.mcu.externaltools.gnu-tools-for-stm32.12.3.rel1.win32_1.0.200.202406191623/tools/bin/../lib/gcc/arm-none-eabi/12.3.1/../../../../arm-none-eabi/lib/thumb/v7-m/nofp\libc_nano.a(libc_a-strlen.o)
                0x0800514c                strlen
 *(.text*)
 .text.apInit   0x0800515c       0x1a ./src/ap/ap.o
                0x0800515c                apInit
 .text.apMain   0x08005176       0x22 ./src/ap/ap.o
                0x08005176                apMain
 .text.delay    0x08005198        0x4 ./src/bsp/bsp.o
                0x08005198                delay
 .text.millis   0x0800519c        0x4 ./src/bsp/bsp.o
                0x0800519c                millis
 .text.SystemClock_Config
                0x080051a0       0x78 ./src/bsp/bsp.o
                0x080051a0                SystemClock_Config
 .text.bspInit  0x08005218       0x64 ./src/bsp/bsp.o
                0x08005218                bspInit
 .text.Error_Handler
                0x0800527c        0x2 ./src/bsp/bsp.o
                0x0800527c                Error_Handler
 *fill*         0x0800527e        0x2 
 .text.HAL_MspInit
                0x08005280       0x44 ./src/bsp/stm32f1xx_hal_msp.o
                0x08005280                HAL_MspInit
 .text.NMI_Handler
                0x080052c4        0x2 ./src/bsp/stm32f1xx_it.o
                0x080052c4                NMI_Handler
 .text.HardFault_Handler
                0x080052c6        0x2 ./src/bsp/stm32f1xx_it.o
                0x080052c6                HardFault_Handler
 .text.MemManage_Handler
                0x080052c8        0x2 ./src/bsp/stm32f1xx_it.o
                0x080052c8                MemManage_Handler
 .text.BusFault_Handler
                0x080052ca        0x2 ./src/bsp/stm32f1xx_it.o
                0x080052ca                BusFault_Handler
 .text.UsageFault_Handler
                0x080052cc        0x2 ./src/bsp/stm32f1xx_it.o
                0x080052cc                UsageFault_Handler
 .text.SVC_Handler
                0x080052ce        0x2 ./src/bsp/stm32f1xx_it.o
                0x080052ce                SVC_Handler
 .text.DebugMon_Handler
                0x080052d0        0x2 ./src/bsp/stm32f1xx_it.o
                0x080052d0                DebugMon_Handler
 .text.PendSV_Handler
                0x080052d2        0x2 ./src/bsp/stm32f1xx_it.o
                0x080052d2                PendSV_Handler
 .text.SysTick_Handler
                0x080052d4        0x4 ./src/bsp/stm32f1xx_it.o
                0x080052d4                SysTick_Handler
 .text.DMA1_Channel5_IRQHandler
                0x080052d8        0xc ./src/bsp/stm32f1xx_it.o
                0x080052d8                DMA1_Channel5_IRQHandler
 .text.USB_LP_CAN1_RX0_IRQHandler
                0x080052e4        0xc ./src/bsp/stm32f1xx_it.o
                0x080052e4                USB_LP_CAN1_RX0_IRQHandler
 .text.USART1_IRQHandler
                0x080052f0        0xc ./src/bsp/stm32f1xx_it.o
                0x080052f0                USART1_IRQHandler
 .text.SystemInit
                0x080052fc       0x10 ./src/bsp/system_stm32f1xx.o
                0x080052fc                SystemInit
 .text.Reset_Handler
                0x0800530c       0x48 ./src/bsp/startup/startup_stm32f103c8tx.o
                0x0800530c                Reset_Handler
 .text.Default_Handler
                0x08005354        0x2 ./src/bsp/startup/startup_stm32f103c8tx.o
                0x08005354                RTC_Alarm_IRQHandler
                0x08005354                EXTI2_IRQHandler
                0x08005354                TIM1_CC_IRQHandler
                0x08005354                PVD_IRQHandler
                0x08005354                EXTI3_IRQHandler
                0x08005354                EXTI0_IRQHandler
                0x08005354                I2C2_EV_IRQHandler
                0x08005354                ADC1_2_IRQHandler
                0x08005354                SPI1_IRQHandler
                0x08005354                TAMPER_IRQHandler
                0x08005354                DMA1_Channel4_IRQHandler
                0x08005354                USART3_IRQHandler
                0x08005354                RTC_IRQHandler
                0x08005354                DMA1_Channel7_IRQHandler
                0x08005354                CAN1_RX1_IRQHandler
                0x08005354                TIM4_IRQHandler
                0x08005354                I2C1_EV_IRQHandler
                0x08005354                DMA1_Channel6_IRQHandler
                0x08005354                TIM3_IRQHandler
                0x08005354                RCC_IRQHandler
                0x08005354                TIM1_TRG_COM_IRQHandler
                0x08005354                DMA1_Channel1_IRQHandler
                0x08005354                Default_Handler
                0x08005354                EXTI15_10_IRQHandler
                0x08005354                EXTI9_5_IRQHandler
                0x08005354                SPI2_IRQHandler
                0x08005354                EXTI4_IRQHandler
                0x08005354                USB_HP_CAN1_TX_IRQHandler
                0x08005354                DMA1_Channel3_IRQHandler
                0x08005354                TIM1_UP_IRQHandler
                0x08005354                WWDG_IRQHandler
                0x08005354                TIM2_IRQHandler
                0x08005354                TIM1_BRK_IRQHandler
                0x08005354                EXTI1_IRQHandler
                0x08005354                USART2_IRQHandler
                0x08005354                I2C2_ER_IRQHandler
                0x08005354                DMA1_Channel2_IRQHandler
                0x08005354                CAN1_SCE_IRQHandler
                0x08005354                FLASH_IRQHandler
                0x08005354                I2C1_ER_IRQHandler
                0x08005354                USBWakeUp_IRQHandler
 .text.qbufferCreate
                0x08005356        0xe ./src/common/core/qbuffer.o
                0x08005356                qbufferCreate
 .text.flashInit
                0x08005364       0x28 ./src/hw/driver/flash.o
                0x08005364                flashInit
 .text.ledOff.part.0
                0x0800538c       0x10 ./src/hw/driver/led.o
 .text.ledInit  0x0800539c       0x48 ./src/hw/driver/led.o
                0x0800539c                ledInit
 .text.ledToggle
                0x080053e4       0x14 ./src/hw/driver/led.o
                0x080053e4                ledToggle
 .text.resetInit
                0x080053f8       0x40 ./src/hw/driver/reset.o
                0x080053f8                resetInit
 .text.rtcInit  0x08005438       0x48 ./src/hw/driver/rtc.o
                0x08005438                rtcInit
 .text.rtcBackupRegRead
                0x08005480        0xc ./src/hw/driver/rtc.o
                0x08005480                rtcBackupRegRead
 .text.rtcBackupRegWrite
                0x0800548c       0x10 ./src/hw/driver/rtc.o
                0x0800548c                rtcBackupRegWrite
 .text.HAL_RTC_MspInit
                0x0800549c       0x3c ./src/hw/driver/rtc.o
                0x0800549c                HAL_RTC_MspInit
 .text.uartInit
                0x080054d8        0x4 ./src/hw/driver/uart.o
                0x080054d8                uartInit
 .text.uartOpen
                0x080054dc       0xac ./src/hw/driver/uart.o
                0x080054dc                uartOpen
 .text.HAL_UART_ErrorCallback
                0x08005588        0x2 ./src/hw/driver/uart.o
                0x08005588                HAL_UART_ErrorCallback
 .text.HAL_UART_RxCpltCallback
                0x0800558a        0x2 ./src/hw/driver/uart.o
                0x0800558a                HAL_UART_RxCpltCallback
 .text.HAL_UART_MspInit
                0x0800558c       0xb8 ./src/hw/driver/uart.o
                0x0800558c                HAL_UART_MspInit
 .text.HAL_UART_MspDeInit
                0x08005644       0x40 ./src/hw/driver/uart.o
                0x08005644                HAL_UART_MspDeInit
 .text.usbInit  0x08005684       0x50 ./src/hw/driver/usb.o
                0x08005684                usbInit
 .text.hwInit   0x080056d4       0x22 ./src/hw/hw.o
                0x080056d4                hwInit
 *fill*         0x080056f6        0x2 
 .text.HAL_InitTick
                0x080056f8       0x48 ./src/lib/cube_f103/Drivers/STM32F1xx_HAL_Driver/Src/stm32f1xx_hal.o
                0x080056f8                HAL_InitTick
 .text.HAL_Init
                0x08005740       0x24 ./src/lib/cube_f103/Drivers/STM32F1xx_HAL_Driver/Src/stm32f1xx_hal.o
                0x08005740                HAL_Init
 .text.HAL_IncTick
                0x08005764       0x18 ./src/lib/cube_f103/Drivers/STM32F1xx_HAL_Driver/Src/stm32f1xx_hal.o
                0x08005764                HAL_IncTick
 .text.HAL_GetTick
                0x0800577c        0xc ./src/lib/cube_f103/Drivers/STM32F1xx_HAL_Driver/Src/stm32f1xx_hal.o
                0x0800577c                HAL_GetTick
 .text.HAL_Delay
                0x08005788       0x24 ./src/lib/cube_f103/Drivers/STM32F1xx_HAL_Driver/Src/stm32f1xx_hal.o
                0x08005788                HAL_Delay
 .text.HAL_NVIC_SetPriorityGrouping
                0x080057ac       0x24 ./src/lib/cube_f103/Drivers/STM32F1xx_HAL_Driver/Src/stm32f1xx_hal_cortex.o
                0x080057ac                HAL_NVIC_SetPriorityGrouping
 .text.HAL_NVIC_SetPriority
                0x080057d0       0x60 ./src/lib/cube_f103/Drivers/STM32F1xx_HAL_Driver/Src/stm32f1xx_hal_cortex.o
                0x080057d0                HAL_NVIC_SetPriority
 .text.HAL_NVIC_EnableIRQ
                0x08005830       0x1c ./src/lib/cube_f103/Drivers/STM32F1xx_HAL_Driver/Src/stm32f1xx_hal_cortex.o
                0x08005830                HAL_NVIC_EnableIRQ
 .text.HAL_NVIC_DisableIRQ
                0x0800584c       0x24 ./src/lib/cube_f103/Drivers/STM32F1xx_HAL_Driver/Src/stm32f1xx_hal_cortex.o
                0x0800584c                HAL_NVIC_DisableIRQ
 .text.HAL_SYSTICK_Config
                0x08005870       0x28 ./src/lib/cube_f103/Drivers/STM32F1xx_HAL_Driver/Src/stm32f1xx_hal_cortex.o
                0x08005870                HAL_SYSTICK_Config
 .text.HAL_DMA_Init
                0x08005898       0x64 ./src/lib/cube_f103/Drivers/STM32F1xx_HAL_Driver/Src/stm32f1xx_hal_dma.o
                0x08005898                HAL_DMA_Init
 .text.HAL_DMA_DeInit
                0x080058fc       0x54 ./src/lib/cube_f103/Drivers/STM32F1xx_HAL_Driver/Src/stm32f1xx_hal_dma.o
                0x080058fc                HAL_DMA_DeInit
 .text.HAL_DMA_Start_IT
                0x08005950       0x78 ./src/lib/cube_f103/Drivers/STM32F1xx_HAL_Driver/Src/stm32f1xx_hal_dma.o
                0x08005950                HAL_DMA_Start_IT
 .text.HAL_DMA_Abort
                0x080059c8       0x3e ./src/lib/cube_f103/Drivers/STM32F1xx_HAL_Driver/Src/stm32f1xx_hal_dma.o
                0x080059c8                HAL_DMA_Abort
 *fill*         0x08005a06        0x2 
 .text.HAL_DMA_Abort_IT
                0x08005a08       0x8c ./src/lib/cube_f103/Drivers/STM32F1xx_HAL_Driver/Src/stm32f1xx_hal_dma.o
                0x08005a08                HAL_DMA_Abort_IT
 .text.HAL_DMA_IRQHandler
                0x08005a94      0x128 ./src/lib/cube_f103/Drivers/STM32F1xx_HAL_Driver/Src/stm32f1xx_hal_dma.o
                0x08005a94                HAL_DMA_IRQHandler
 .text.HAL_GPIO_Init
                0x08005bbc      0x1b0 ./src/lib/cube_f103/Drivers/STM32F1xx_HAL_Driver/Src/stm32f1xx_hal_gpio.o
                0x08005bbc                HAL_GPIO_Init
 .text.HAL_GPIO_DeInit
                0x08005d6c       0xdc ./src/lib/cube_f103/Drivers/STM32F1xx_HAL_Driver/Src/stm32f1xx_hal_gpio.o
                0x08005d6c                HAL_GPIO_DeInit
 .text.HAL_GPIO_WritePin
                0x08005e48        0xa ./src/lib/cube_f103/Drivers/STM32F1xx_HAL_Driver/Src/stm32f1xx_hal_gpio.o
                0x08005e48                HAL_GPIO_WritePin
 .text.HAL_GPIO_TogglePin
                0x08005e52       0x12 ./src/lib/cube_f103/Drivers/STM32F1xx_HAL_Driver/Src/stm32f1xx_hal_gpio.o
                0x08005e52                HAL_GPIO_TogglePin
 .text.HAL_PCD_Init
                0x08005e64       0xc6 ./src/lib/cube_f103/Drivers/STM32F1xx_HAL_Driver/Src/stm32f1xx_hal_pcd.o
                0x08005e64                HAL_PCD_Init
 .text.HAL_PCD_Start
                0x08005f2a       0x32 ./src/lib/cube_f103/Drivers/STM32F1xx_HAL_Driver/Src/stm32f1xx_hal_pcd.o
                0x08005f2a                HAL_PCD_Start
 .text.HAL_PCD_SetAddress
                0x08005f5c       0x26 ./src/lib/cube_f103/Drivers/STM32F1xx_HAL_Driver/Src/stm32f1xx_hal_pcd.o
                0x08005f5c                HAL_PCD_SetAddress
 *fill*         0x08005f82        0x2 
 .text.HAL_PCD_IRQHandler
                0x08005f84      0xa08 ./src/lib/cube_f103/Drivers/STM32F1xx_HAL_Driver/Src/stm32f1xx_hal_pcd.o
                0x08005f84                HAL_PCD_IRQHandler
 .text.HAL_PCD_EP_Open
                0x0800698c       0x60 ./src/lib/cube_f103/Drivers/STM32F1xx_HAL_Driver/Src/stm32f1xx_hal_pcd.o
                0x0800698c                HAL_PCD_EP_Open
 .text.HAL_PCD_EP_Close
                0x080069ec       0x50 ./src/lib/cube_f103/Drivers/STM32F1xx_HAL_Driver/Src/stm32f1xx_hal_pcd.o
                0x080069ec                HAL_PCD_EP_Close
 .text.HAL_PCD_EP_Receive
                0x08006a3c       0x2e ./src/lib/cube_f103/Drivers/STM32F1xx_HAL_Driver/Src/stm32f1xx_hal_pcd.o
                0x08006a3c                HAL_PCD_EP_Receive
 .text.HAL_PCD_EP_GetRxCount
                0x08006a6a       0x10 ./src/lib/cube_f103/Drivers/STM32F1xx_HAL_Driver/Src/stm32f1xx_hal_pcd.o
                0x08006a6a                HAL_PCD_EP_GetRxCount
 .text.HAL_PCD_EP_Transmit
                0x08006a7a       0x30 ./src/lib/cube_f103/Drivers/STM32F1xx_HAL_Driver/Src/stm32f1xx_hal_pcd.o
                0x08006a7a                HAL_PCD_EP_Transmit
 .text.HAL_PCD_EP_SetStall
                0x08006aaa       0x6c ./src/lib/cube_f103/Drivers/STM32F1xx_HAL_Driver/Src/stm32f1xx_hal_pcd.o
                0x08006aaa                HAL_PCD_EP_SetStall
 .text.HAL_PCD_EP_ClrStall
                0x08006b16       0x64 ./src/lib/cube_f103/Drivers/STM32F1xx_HAL_Driver/Src/stm32f1xx_hal_pcd.o
                0x08006b16                HAL_PCD_EP_ClrStall
 .text.HAL_PCDEx_PMAConfig
                0x08006b7a       0x32 ./src/lib/cube_f103/Drivers/STM32F1xx_HAL_Driver/Src/stm32f1xx_hal_pcd_ex.o
                0x08006b7a                HAL_PCDEx_PMAConfig
 .text.HAL_PWR_EnableBkUpAccess
                0x08006bac        0xc ./src/lib/cube_f103/Drivers/STM32F1xx_HAL_Driver/Src/stm32f1xx_hal_pwr.o
                0x08006bac                HAL_PWR_EnableBkUpAccess
 .text.HAL_RCC_OscConfig
                0x08006bb8      0x338 ./src/lib/cube_f103/Drivers/STM32F1xx_HAL_Driver/Src/stm32f1xx_hal_rcc.o
                0x08006bb8                HAL_RCC_OscConfig
 .text.HAL_RCC_GetSysClockFreq
                0x08006ef0       0x4c ./src/lib/cube_f103/Drivers/STM32F1xx_HAL_Driver/Src/stm32f1xx_hal_rcc.o
                0x08006ef0                HAL_RCC_GetSysClockFreq
 .text.HAL_RCC_ClockConfig
                0x08006f3c      0x138 ./src/lib/cube_f103/Drivers/STM32F1xx_HAL_Driver/Src/stm32f1xx_hal_rcc.o
                0x08006f3c                HAL_RCC_ClockConfig
 .text.HAL_RCC_GetPCLK1Freq
                0x08007074       0x20 ./src/lib/cube_f103/Drivers/STM32F1xx_HAL_Driver/Src/stm32f1xx_hal_rcc.o
                0x08007074                HAL_RCC_GetPCLK1Freq
 .text.HAL_RCC_GetPCLK2Freq
                0x08007094       0x20 ./src/lib/cube_f103/Drivers/STM32F1xx_HAL_Driver/Src/stm32f1xx_hal_rcc.o
                0x08007094                HAL_RCC_GetPCLK2Freq
 .text.HAL_RCCEx_PeriphCLKConfig
                0x080070b4       0xf4 ./src/lib/cube_f103/Drivers/STM32F1xx_HAL_Driver/Src/stm32f1xx_hal_rcc_ex.o
                0x080070b4                HAL_RCCEx_PeriphCLKConfig
 .text.HAL_RCCEx_GetPeriphCLKFreq
                0x080071a8       0xbc ./src/lib/cube_f103/Drivers/STM32F1xx_HAL_Driver/Src/stm32f1xx_hal_rcc_ex.o
                0x080071a8                HAL_RCCEx_GetPeriphCLKFreq
 .text.RTC_EnterInitMode
                0x08007264       0x2e ./src/lib/cube_f103/Drivers/STM32F1xx_HAL_Driver/Src/stm32f1xx_hal_rtc.o
 .text.RTC_ExitInitMode
                0x08007292       0x30 ./src/lib/cube_f103/Drivers/STM32F1xx_HAL_Driver/Src/stm32f1xx_hal_rtc.o
 .text.HAL_RTC_WaitForSynchro
                0x080072c2       0x36 ./src/lib/cube_f103/Drivers/STM32F1xx_HAL_Driver/Src/stm32f1xx_hal_rtc.o
                0x080072c2                HAL_RTC_WaitForSynchro
 .text.HAL_RTC_Init
                0x080072f8       0x8c ./src/lib/cube_f103/Drivers/STM32F1xx_HAL_Driver/Src/stm32f1xx_hal_rtc.o
                0x080072f8                HAL_RTC_Init
 .text.HAL_RTCEx_BKUPWrite
                0x08007384       0x10 ./src/lib/cube_f103/Drivers/STM32F1xx_HAL_Driver/Src/stm32f1xx_hal_rtc_ex.o
                0x08007384                HAL_RTCEx_BKUPWrite
 .text.HAL_RTCEx_BKUPRead
                0x08007394       0x10 ./src/lib/cube_f103/Drivers/STM32F1xx_HAL_Driver/Src/stm32f1xx_hal_rtc_ex.o
                0x08007394                HAL_RTCEx_BKUPRead
 .text.UART_EndRxTransfer
                0x080073a4       0x5c ./src/lib/cube_f103/Drivers/STM32F1xx_HAL_Driver/Src/stm32f1xx_hal_uart.o
 .text.UART_SetConfig
                0x08007400       0x74 ./src/lib/cube_f103/Drivers/STM32F1xx_HAL_Driver/Src/stm32f1xx_hal_uart.o
 .text.HAL_UART_Init
                0x08007474       0x5e ./src/lib/cube_f103/Drivers/STM32F1xx_HAL_Driver/Src/stm32f1xx_hal_uart.o
                0x08007474                HAL_UART_Init
 .text.HAL_UART_DeInit
                0x080074d2       0x34 ./src/lib/cube_f103/Drivers/STM32F1xx_HAL_Driver/Src/stm32f1xx_hal_uart.o
                0x080074d2                HAL_UART_DeInit
 .text.HAL_UART_TxCpltCallback
                0x08007506        0x2 ./src/lib/cube_f103/Drivers/STM32F1xx_HAL_Driver/Src/stm32f1xx_hal_uart.o
                0x08007506                HAL_UART_TxCpltCallback
 .text.HAL_UART_RxHalfCpltCallback
                0x08007508        0x2 ./src/lib/cube_f103/Drivers/STM32F1xx_HAL_Driver/Src/stm32f1xx_hal_uart.o
                0x08007508                HAL_UART_RxHalfCpltCallback
 .text.UART_DMAError
                0x0800750a       0x5a ./src/lib/cube_f103/Drivers/STM32F1xx_HAL_Driver/Src/stm32f1xx_hal_uart.o
 .text.UART_DMAAbortOnError
                0x08007564       0x10 ./src/lib/cube_f103/Drivers/STM32F1xx_HAL_Driver/Src/stm32f1xx_hal_uart.o
 .text.HAL_UARTEx_RxEventCallback
                0x08007574        0x2 ./src/lib/cube_f103/Drivers/STM32F1xx_HAL_Driver/Src/stm32f1xx_hal_uart.o
                0x08007574                HAL_UARTEx_RxEventCallback
 .text.UART_DMARxHalfCplt
                0x08007576       0x1e ./src/lib/cube_f103/Drivers/STM32F1xx_HAL_Driver/Src/stm32f1xx_hal_uart.o
 .text.UART_DMAReceiveCplt
                0x08007594       0x98 ./src/lib/cube_f103/Drivers/STM32F1xx_HAL_Driver/Src/stm32f1xx_hal_uart.o
 .text.UART_Receive_IT.isra.0
                0x0800762c       0xb6 ./src/lib/cube_f103/Drivers/STM32F1xx_HAL_Driver/Src/stm32f1xx_hal_uart.o
 *fill*         0x080076e2        0x2 
 .text.HAL_UART_IRQHandler
                0x080076e4      0x294 ./src/lib/cube_f103/Drivers/STM32F1xx_HAL_Driver/Src/stm32f1xx_hal_uart.o
                0x080076e4                HAL_UART_IRQHandler
 .text.UART_Start_Receive_DMA
                0x08007978       0x98 ./src/lib/cube_f103/Drivers/STM32F1xx_HAL_Driver/Src/stm32f1xx_hal_uart.o
                0x08007978                UART_Start_Receive_DMA
 .text.HAL_UART_Receive_DMA
                0x08007a10       0x22 ./src/lib/cube_f103/Drivers/STM32F1xx_HAL_Driver/Src/stm32f1xx_hal_uart.o
                0x08007a10                HAL_UART_Receive_DMA
 .text.USB_CoreInit
                0x08007a32        0xe ./src/lib/cube_f103/Drivers/STM32F1xx_HAL_Driver/Src/stm32f1xx_ll_usb.o
                0x08007a32                USB_CoreInit
 .text.USB_EnableGlobalInt
                0x08007a40       0x12 ./src/lib/cube_f103/Drivers/STM32F1xx_HAL_Driver/Src/stm32f1xx_ll_usb.o
                0x08007a40                USB_EnableGlobalInt
 .text.USB_DisableGlobalInt
                0x08007a52       0x14 ./src/lib/cube_f103/Drivers/STM32F1xx_HAL_Driver/Src/stm32f1xx_ll_usb.o
                0x08007a52                USB_DisableGlobalInt
 .text.USB_SetCurrentMode
                0x08007a66        0x4 ./src/lib/cube_f103/Drivers/STM32F1xx_HAL_Driver/Src/stm32f1xx_ll_usb.o
                0x08007a66                USB_SetCurrentMode
 .text.USB_DevInit
                0x08007a6a       0x22 ./src/lib/cube_f103/Drivers/STM32F1xx_HAL_Driver/Src/stm32f1xx_ll_usb.o
                0x08007a6a                USB_DevInit
 .text.USB_ActivateEndpoint
                0x08007a8c      0x2c0 ./src/lib/cube_f103/Drivers/STM32F1xx_HAL_Driver/Src/stm32f1xx_ll_usb.o
                0x08007a8c                USB_ActivateEndpoint
 .text.USB_DeactivateEndpoint
                0x08007d4c      0x1a6 ./src/lib/cube_f103/Drivers/STM32F1xx_HAL_Driver/Src/stm32f1xx_ll_usb.o
                0x08007d4c                USB_DeactivateEndpoint
 .text.USB_EPSetStall
                0x08007ef2       0x40 ./src/lib/cube_f103/Drivers/STM32F1xx_HAL_Driver/Src/stm32f1xx_ll_usb.o
                0x08007ef2                USB_EPSetStall
 .text.USB_EPClearStall
                0x08007f32       0x92 ./src/lib/cube_f103/Drivers/STM32F1xx_HAL_Driver/Src/stm32f1xx_ll_usb.o
                0x08007f32                USB_EPClearStall
 .text.USB_SetDevAddress
                0x08007fc4        0xc ./src/lib/cube_f103/Drivers/STM32F1xx_HAL_Driver/Src/stm32f1xx_ll_usb.o
                0x08007fc4                USB_SetDevAddress
 .text.USB_DevConnect
                0x08007fd0        0x4 ./src/lib/cube_f103/Drivers/STM32F1xx_HAL_Driver/Src/stm32f1xx_ll_usb.o
                0x08007fd0                USB_DevConnect
 .text.USB_DevDisconnect
                0x08007fd4        0x4 ./src/lib/cube_f103/Drivers/STM32F1xx_HAL_Driver/Src/stm32f1xx_ll_usb.o
                0x08007fd4                USB_DevDisconnect
 .text.USB_ReadInterrupts
                0x08007fd8        0x8 ./src/lib/cube_f103/Drivers/STM32F1xx_HAL_Driver/Src/stm32f1xx_ll_usb.o
                0x08007fd8                USB_ReadInterrupts
 .text.USB_EP0_OutStart
                0x08007fe0        0x4 ./src/lib/cube_f103/Drivers/STM32F1xx_HAL_Driver/Src/stm32f1xx_ll_usb.o
                0x08007fe0                USB_EP0_OutStart
 .text.USB_WritePMA
                0x08007fe4       0x20 ./src/lib/cube_f103/Drivers/STM32F1xx_HAL_Driver/Src/stm32f1xx_ll_usb.o
                0x08007fe4                USB_WritePMA
 .text.USB_EPStartXfer
                0x08008004      0x46a ./src/lib/cube_f103/Drivers/STM32F1xx_HAL_Driver/Src/stm32f1xx_ll_usb.o
                0x08008004                USB_EPStartXfer
 .text.USB_ReadPMA
                0x0800846e       0x38 ./src/lib/cube_f103/Drivers/STM32F1xx_HAL_Driver/Src/stm32f1xx_ll_usb.o
                0x0800846e                USB_ReadPMA
 .text.USBD_CDC_EP0_RxReady
                0x080084a6       0x28 ./src/lib/cube_f103/Middlewares/ST/STM32_USB_Device_Library/Class/CDC/Src/usbd_cdc.o
 *fill*         0x080084ce        0x2 
 .text.USBD_CDC_GetFSCfgDesc
                0x080084d0        0xc ./src/lib/cube_f103/Middlewares/ST/STM32_USB_Device_Library/Class/CDC/Src/usbd_cdc.o
 .text.USBD_CDC_GetHSCfgDesc
                0x080084dc        0xc ./src/lib/cube_f103/Middlewares/ST/STM32_USB_Device_Library/Class/CDC/Src/usbd_cdc.o
 .text.USBD_CDC_GetOtherSpeedCfgDesc
                0x080084e8        0xc ./src/lib/cube_f103/Middlewares/ST/STM32_USB_Device_Library/Class/CDC/Src/usbd_cdc.o
 .text.USBD_CDC_GetDeviceQualifierDescriptor
                0x080084f4        0xc ./src/lib/cube_f103/Middlewares/ST/STM32_USB_Device_Library/Class/CDC/Src/usbd_cdc.o
                0x080084f4                USBD_CDC_GetDeviceQualifierDescriptor
 .text.USBD_CDC_DataOut
                0x08008500       0x2e ./src/lib/cube_f103/Middlewares/ST/STM32_USB_Device_Library/Class/CDC/Src/usbd_cdc.o
 .text.USBD_CDC_DataIn
                0x0800852e       0x40 ./src/lib/cube_f103/Middlewares/ST/STM32_USB_Device_Library/Class/CDC/Src/usbd_cdc.o
 .text.USBD_CDC_Setup
                0x0800856e       0xa2 ./src/lib/cube_f103/Middlewares/ST/STM32_USB_Device_Library/Class/CDC/Src/usbd_cdc.o
 .text.USBD_CDC_DeInit
                0x08008610       0x42 ./src/lib/cube_f103/Middlewares/ST/STM32_USB_Device_Library/Class/CDC/Src/usbd_cdc.o
 .text.USBD_CDC_Init
                0x08008652       0x8c ./src/lib/cube_f103/Middlewares/ST/STM32_USB_Device_Library/Class/CDC/Src/usbd_cdc.o
 .text.USBD_CDC_RegisterInterface
                0x080086de        0xe ./src/lib/cube_f103/Middlewares/ST/STM32_USB_Device_Library/Class/CDC/Src/usbd_cdc.o
                0x080086de                USBD_CDC_RegisterInterface
 .text.USBD_CDC_SetTxBuffer
                0x080086ec       0x10 ./src/lib/cube_f103/Middlewares/ST/STM32_USB_Device_Library/Class/CDC/Src/usbd_cdc.o
                0x080086ec                USBD_CDC_SetTxBuffer
 .text.USBD_CDC_SetRxBuffer
                0x080086fc        0xc ./src/lib/cube_f103/Middlewares/ST/STM32_USB_Device_Library/Class/CDC/Src/usbd_cdc.o
                0x080086fc                USBD_CDC_SetRxBuffer
 .text.USBD_CDC_ReceivePacket
                0x08008708       0x26 ./src/lib/cube_f103/Middlewares/ST/STM32_USB_Device_Library/Class/CDC/Src/usbd_cdc.o
                0x08008708                USBD_CDC_ReceivePacket
 .text.USBD_Init
                0x0800872e       0x2a ./src/lib/cube_f103/Middlewares/ST/STM32_USB_Device_Library/Core/Src/usbd_core.o
                0x0800872e                USBD_Init
 .text.USBD_RegisterClass
                0x08008758        0xe ./src/lib/cube_f103/Middlewares/ST/STM32_USB_Device_Library/Core/Src/usbd_core.o
                0x08008758                USBD_RegisterClass
 .text.USBD_Start
                0x08008766        0xa ./src/lib/cube_f103/Middlewares/ST/STM32_USB_Device_Library/Core/Src/usbd_core.o
                0x08008766                USBD_Start
 .text.USBD_SetClassConfig
                0x08008770       0x1a ./src/lib/cube_f103/Middlewares/ST/STM32_USB_Device_Library/Core/Src/usbd_core.o
                0x08008770                USBD_SetClassConfig
 .text.USBD_ClrClassConfig
                0x0800878a        0xe ./src/lib/cube_f103/Middlewares/ST/STM32_USB_Device_Library/Core/Src/usbd_core.o
                0x0800878a                USBD_ClrClassConfig
 .text.USBD_LL_SetupStage
                0x08008798       0x5a ./src/lib/cube_f103/Middlewares/ST/STM32_USB_Device_Library/Core/Src/usbd_core.o
                0x08008798                USBD_LL_SetupStage
 .text.USBD_LL_DataOutStage
                0x080087f2       0x70 ./src/lib/cube_f103/Middlewares/ST/STM32_USB_Device_Library/Core/Src/usbd_core.o
                0x080087f2                USBD_LL_DataOutStage
 .text.USBD_LL_DataInStage
                0x08008862       0xb8 ./src/lib/cube_f103/Middlewares/ST/STM32_USB_Device_Library/Core/Src/usbd_core.o
                0x08008862                USBD_LL_DataInStage
 .text.USBD_LL_Reset
                0x0800891a       0x4e ./src/lib/cube_f103/Middlewares/ST/STM32_USB_Device_Library/Core/Src/usbd_core.o
                0x0800891a                USBD_LL_Reset
 .text.USBD_LL_SetSpeed
                0x08008968        0x6 ./src/lib/cube_f103/Middlewares/ST/STM32_USB_Device_Library/Core/Src/usbd_core.o
                0x08008968                USBD_LL_SetSpeed
 .text.USBD_LL_Suspend
                0x0800896e       0x12 ./src/lib/cube_f103/Middlewares/ST/STM32_USB_Device_Library/Core/Src/usbd_core.o
                0x0800896e                USBD_LL_Suspend
 .text.USBD_LL_Resume
                0x08008980       0x14 ./src/lib/cube_f103/Middlewares/ST/STM32_USB_Device_Library/Core/Src/usbd_core.o
                0x08008980                USBD_LL_Resume
 .text.USBD_LL_SOF
                0x08008994       0x18 ./src/lib/cube_f103/Middlewares/ST/STM32_USB_Device_Library/Core/Src/usbd_core.o
                0x08008994                USBD_LL_SOF
 .text.USBD_CtlError.constprop.0
                0x080089ac       0x16 ./src/lib/cube_f103/Middlewares/ST/STM32_USB_Device_Library/Core/Src/usbd_ctlreq.o
 *fill*         0x080089c2        0x2 
 .text.USBD_StdDevReq
                0x080089c4      0x250 ./src/lib/cube_f103/Middlewares/ST/STM32_USB_Device_Library/Core/Src/usbd_ctlreq.o
                0x080089c4                USBD_StdDevReq
 .text.USBD_StdItfReq
                0x08008c14       0x48 ./src/lib/cube_f103/Middlewares/ST/STM32_USB_Device_Library/Core/Src/usbd_ctlreq.o
                0x08008c14                USBD_StdItfReq
 .text.USBD_StdEPReq
                0x08008c5c      0x110 ./src/lib/cube_f103/Middlewares/ST/STM32_USB_Device_Library/Core/Src/usbd_ctlreq.o
                0x08008c5c                USBD_StdEPReq
 .text.USBD_ParseSetupRequest
                0x08008d6c       0x16 ./src/lib/cube_f103/Middlewares/ST/STM32_USB_Device_Library/Core/Src/usbd_ctlreq.o
                0x08008d6c                USBD_ParseSetupRequest
 .text.USBD_CtlError
                0x08008d82       0x16 ./src/lib/cube_f103/Middlewares/ST/STM32_USB_Device_Library/Core/Src/usbd_ctlreq.o
                0x08008d82                USBD_CtlError
 .text.USBD_GetString
                0x08008d98       0x38 ./src/lib/cube_f103/Middlewares/ST/STM32_USB_Device_Library/Core/Src/usbd_ctlreq.o
                0x08008d98                USBD_GetString
 .text.USBD_CtlSendData
                0x08008dd0       0x1a ./src/lib/cube_f103/Middlewares/ST/STM32_USB_Device_Library/Core/Src/usbd_ioreq.o
                0x08008dd0                USBD_CtlSendData
 .text.USBD_CtlContinueSendData
                0x08008dea       0x10 ./src/lib/cube_f103/Middlewares/ST/STM32_USB_Device_Library/Core/Src/usbd_ioreq.o
                0x08008dea                USBD_CtlContinueSendData
 .text.USBD_CtlPrepareRx
                0x08008dfa       0x1a ./src/lib/cube_f103/Middlewares/ST/STM32_USB_Device_Library/Core/Src/usbd_ioreq.o
                0x08008dfa                USBD_CtlPrepareRx
 .text.USBD_CtlContinueRx
                0x08008e14       0x10 ./src/lib/cube_f103/Middlewares/ST/STM32_USB_Device_Library/Core/Src/usbd_ioreq.o
                0x08008e14                USBD_CtlContinueRx
 .text.USBD_CtlSendStatus
                0x08008e24       0x16 ./src/lib/cube_f103/Middlewares/ST/STM32_USB_Device_Library/Core/Src/usbd_ioreq.o
                0x08008e24                USBD_CtlSendStatus
 .text.USBD_CtlReceiveStatus
                0x08008e3a       0x16 ./src/lib/cube_f103/Middlewares/ST/STM32_USB_Device_Library/Core/Src/usbd_ioreq.o
                0x08008e3a                USBD_CtlReceiveStatus
 .text.MX_USB_DEVICE_Init
                0x08008e50       0x50 ./src/lib/cube_f103/USB_DEVICE/App/usb_device.o
                0x08008e50                MX_USB_DEVICE_Init
 .text.CDC_DeInit_FS
                0x08008ea0        0x4 ./src/lib/cube_f103/USB_DEVICE/App/usbd_cdc_if.o
 .text.CDC_Control_FS
                0x08008ea4       0x60 ./src/lib/cube_f103/USB_DEVICE/App/usbd_cdc_if.o
 .text.CDC_Init_FS
                0x08008f04       0x28 ./src/lib/cube_f103/USB_DEVICE/App/usbd_cdc_if.o
 .text.cdcAvailable
                0x08008f2c       0x24 ./src/lib/cube_f103/USB_DEVICE/App/usbd_cdc_if.o
                0x08008f2c                cdcAvailable
 .text.cdcDataIn
                0x08008f50       0x34 ./src/lib/cube_f103/USB_DEVICE/App/usbd_cdc_if.o
                0x08008f50                cdcDataIn
 .text.CDC_Receive_FS
                0x08008f84       0x50 ./src/lib/cube_f103/USB_DEVICE/App/usbd_cdc_if.o
 .text.USBD_FS_DeviceDescriptor
                0x08008fd4        0xc ./src/lib/cube_f103/USB_DEVICE/App/usbd_desc.o
                0x08008fd4                USBD_FS_DeviceDescriptor
 .text.USBD_FS_LangIDStrDescriptor
                0x08008fe0        0xc ./src/lib/cube_f103/USB_DEVICE/App/usbd_desc.o
                0x08008fe0                USBD_FS_LangIDStrDescriptor
 .text.IntToUnicode
                0x08008fec       0x2a ./src/lib/cube_f103/USB_DEVICE/App/usbd_desc.o
 *fill*         0x08009016        0x2 
 .text.USBD_FS_SerialStrDescriptor
                0x08009018       0x3c ./src/lib/cube_f103/USB_DEVICE/App/usbd_desc.o
                0x08009018                USBD_FS_SerialStrDescriptor
 .text.USBD_FS_ManufacturerStrDescriptor
                0x08009054       0x1c ./src/lib/cube_f103/USB_DEVICE/App/usbd_desc.o
                0x08009054                USBD_FS_ManufacturerStrDescriptor
 .text.USBD_FS_ProductStrDescriptor
                0x08009070       0x1c ./src/lib/cube_f103/USB_DEVICE/App/usbd_desc.o
                0x08009070                USBD_FS_ProductStrDescriptor
 .text.USBD_FS_ConfigStrDescriptor
                0x0800908c       0x1c ./src/lib/cube_f103/USB_DEVICE/App/usbd_desc.o
                0x0800908c                USBD_FS_ConfigStrDescriptor
 .text.USBD_FS_InterfaceStrDescriptor
                0x080090a8       0x1c ./src/lib/cube_f103/USB_DEVICE/App/usbd_desc.o
                0x080090a8                USBD_FS_InterfaceStrDescriptor
 .text.USBD_Get_USB_Status
                0x080090c4        0xc ./src/lib/cube_f103/USB_DEVICE/Target/usbd_conf.o
 .text.HAL_PCD_MspInit
                0x080090d0       0x40 ./src/lib/cube_f103/USB_DEVICE/Target/usbd_conf.o
                0x080090d0                HAL_PCD_MspInit
 .text.HAL_PCD_SetupStageCallback
                0x08009110        0xc ./src/lib/cube_f103/USB_DEVICE/Target/usbd_conf.o
                0x08009110                HAL_PCD_SetupStageCallback
 .text.HAL_PCD_DataOutStageCallback
                0x0800911c       0x12 ./src/lib/cube_f103/USB_DEVICE/Target/usbd_conf.o
                0x0800911c                HAL_PCD_DataOutStageCallback
 .text.HAL_PCD_DataInStageCallback
                0x0800912e       0x10 ./src/lib/cube_f103/USB_DEVICE/Target/usbd_conf.o
                0x0800912e                HAL_PCD_DataInStageCallback
 .text.HAL_PCD_SOFCallback
                0x0800913e        0x8 ./src/lib/cube_f103/USB_DEVICE/Target/usbd_conf.o
                0x0800913e                HAL_PCD_SOFCallback
 .text.HAL_PCD_ResetCallback
                0x08009146       0x24 ./src/lib/cube_f103/USB_DEVICE/Target/usbd_conf.o
                0x08009146                HAL_PCD_ResetCallback
 *fill*         0x0800916a        0x2 
 .text.HAL_PCD_SuspendCallback
                0x0800916c       0x20 ./src/lib/cube_f103/USB_DEVICE/Target/usbd_conf.o
                0x0800916c                HAL_PCD_SuspendCallback
 .text.HAL_PCD_ResumeCallback
                0x0800918c        0x8 ./src/lib/cube_f103/USB_DEVICE/Target/usbd_conf.o
                0x0800918c                HAL_PCD_ResumeCallback
 .text.USBD_LL_Init
                0x08009194       0x80 ./src/lib/cube_f103/USB_DEVICE/Target/usbd_conf.o
                0x08009194                USBD_LL_Init
 .text.USBD_LL_Start
                0x08009214       0x12 ./src/lib/cube_f103/USB_DEVICE/Target/usbd_conf.o
                0x08009214                USBD_LL_Start
 .text.USBD_LL_OpenEP
                0x08009226       0x18 ./src/lib/cube_f103/USB_DEVICE/Target/usbd_conf.o
                0x08009226                USBD_LL_OpenEP
 .text.USBD_LL_CloseEP
                0x0800923e       0x12 ./src/lib/cube_f103/USB_DEVICE/Target/usbd_conf.o
                0x0800923e                USBD_LL_CloseEP
 .text.USBD_LL_StallEP
                0x08009250       0x12 ./src/lib/cube_f103/USB_DEVICE/Target/usbd_conf.o
                0x08009250                USBD_LL_StallEP
 .text.USBD_LL_ClearStallEP
                0x08009262       0x12 ./src/lib/cube_f103/USB_DEVICE/Target/usbd_conf.o
                0x08009262                USBD_LL_ClearStallEP
 .text.USBD_LL_IsStallEP
                0x08009274       0x22 ./src/lib/cube_f103/USB_DEVICE/Target/usbd_conf.o
                0x08009274                USBD_LL_IsStallEP
 .text.USBD_LL_SetUSBAddress
                0x08009296       0x12 ./src/lib/cube_f103/USB_DEVICE/Target/usbd_conf.o
                0x08009296                USBD_LL_SetUSBAddress
 .text.USBD_LL_Transmit
                0x080092a8       0x12 ./src/lib/cube_f103/USB_DEVICE/Target/usbd_conf.o
                0x080092a8                USBD_LL_Transmit
 .text.USBD_LL_PrepareReceive
                0x080092ba       0x12 ./src/lib/cube_f103/USB_DEVICE/Target/usbd_conf.o
                0x080092ba                USBD_LL_PrepareReceive
 .text.USBD_LL_GetRxDataSize
                0x080092cc        0x8 ./src/lib/cube_f103/USB_DEVICE/Target/usbd_conf.o
                0x080092cc                USBD_LL_GetRxDataSize
 .text.USBD_static_malloc
                0x080092d4        0x8 ./src/lib/cube_f103/USB_DEVICE/Target/usbd_conf.o
                0x080092d4                USBD_static_malloc
 .text.USBD_static_free
                0x080092dc        0x2 ./src/lib/cube_f103/USB_DEVICE/Target/usbd_conf.o
                0x080092dc                USBD_static_free
 .text.HAL_PCDEx_SetConnectionState
                0x080092de        0x2 ./src/lib/cube_f103/USB_DEVICE/Target/usbd_conf.o
                0x080092de                HAL_PCDEx_SetConnectionState
 .text.startup.main
                0x080092e0       0x12 ./src/main.o
                0x080092e0                main
 .text.memset   0x080092f2       0x10 C:/ST/STM32CubeIDE_1.16.0/STM32CubeIDE/plugins/com.st.stm32cube.ide.mcu.externaltools.gnu-tools-for-stm32.12.3.rel1.win32_1.0.200.202406191623/tools/bin/../lib/gcc/arm-none-eabi/12.3.1/../../../../arm-none-eabi/lib/thumb/v7-m/nofp\libc_nano.a(libc_a-memset.o)
                0x080092f2                memset
 *fill*         0x08009302        0x2 
 .text.__libc_init_array
                0x08009304       0x48 C:/ST/STM32CubeIDE_1.16.0/STM32CubeIDE/plugins/com.st.stm32cube.ide.mcu.externaltools.gnu-tools-for-stm32.12.3.rel1.win32_1.0.200.202406191623/tools/bin/../lib/gcc/arm-none-eabi/12.3.1/../../../../arm-none-eabi/lib/thumb/v7-m/nofp\libc_nano.a(libc_a-init.o)
                0x08009304                __libc_init_array
 *(.glue_7)
 .glue_7        0x0800934c        0x0 linker stubs
 *(.glue_7t)
 .glue_7t       0x0800934c        0x0 linker stubs
 *(.eh_frame)
 .eh_frame      0x0800934c        0x0 C:/ST/STM32CubeIDE_1.16.0/STM32CubeIDE/plugins/com.st.stm32cube.ide.mcu.externaltools.gnu-tools-for-stm32.12.3.rel1.win32_1.0.200.202406191623/tools/bin/../lib/gcc/arm-none-eabi/12.3.1/thumb/v7-m/nofp/crtbegin.o
 *(.init)
 .init          0x0800934c        0x4 C:/ST/STM32CubeIDE_1.16.0/STM32CubeIDE/plugins/com.st.stm32cube.ide.mcu.externaltools.gnu-tools-for-stm32.12.3.rel1.win32_1.0.200.202406191623/tools/bin/../lib/gcc/arm-none-eabi/12.3.1/thumb/v7-m/nofp/crti.o
                0x0800934c                _init
 .init          0x08009350        0x8 C:/ST/STM32CubeIDE_1.16.0/STM32CubeIDE/plugins/com.st.stm32cube.ide.mcu.externaltools.gnu-tools-for-stm32.12.3.rel1.win32_1.0.200.202406191623/tools/bin/../lib/gcc/arm-none-eabi/12.3.1/thumb/v7-m/nofp/crtn.o
 *(.fini)
 .fini          0x08009358        0x4 C:/ST/STM32CubeIDE_1.16.0/STM32CubeIDE/plugins/com.st.stm32cube.ide.mcu.externaltools.gnu-tools-for-stm32.12.3.rel1.win32_1.0.200.202406191623/tools/bin/../lib/gcc/arm-none-eabi/12.3.1/thumb/v7-m/nofp/crti.o
                0x08009358                _fini
 .fini          0x0800935c        0x8 C:/ST/STM32CubeIDE_1.16.0/STM32CubeIDE/plugins/com.st.stm32cube.ide.mcu.externaltools.gnu-tools-for-stm32.12.3.rel1.win32_1.0.200.202406191623/tools/bin/../lib/gcc/arm-none-eabi/12.3.1/thumb/v7-m/nofp/crtn.o
                0x08009364                        . = ALIGN (0x4)
                0x08009364                        _etext = .

.vfp11_veneer   0x08009364        0x0
 .vfp11_veneer  0x08009364        0x0 linker stubs

.v4_bx          0x08009364        0x0
 .v4_bx         0x08009364        0x0 linker stubs

.iplt           0x08009364        0x0
 .iplt          0x08009364        0x0 C:/ST/STM32CubeIDE_1.16.0/STM32CubeIDE/plugins/com.st.stm32cube.ide.mcu.externaltools.gnu-tools-for-stm32.12.3.rel1.win32_1.0.200.202406191623/tools/bin/../lib/gcc/arm-none-eabi/12.3.1/thumb/v7-m/nofp/crtbegin.o

.rodata         0x08009364       0x80
                0x08009364                        . = ALIGN (0x4)
 *(.rodata)
 *(.rodata*)
 .rodata.APBPrescTable
                0x08009364        0x8 ./src/bsp/system_stm32f1xx.o
                0x08009364                APBPrescTable
 .rodata.AHBPrescTable
                0x0800936c       0x10 ./src/bsp/system_stm32f1xx.o
                0x0800936c                AHBPrescTable
 .rodata.aPredivFactorTable.0
                0x0800937c        0x2 ./src/lib/cube_f103/Drivers/STM32F1xx_HAL_Driver/Src/stm32f1xx_hal_rcc.o
 .rodata.aPLLMULFactorTable.1
                0x0800937e       0x10 ./src/lib/cube_f103/Drivers/STM32F1xx_HAL_Driver/Src/stm32f1xx_hal_rcc.o
 .rodata.aPredivFactorTable.0
                0x0800938e        0x2 ./src/lib/cube_f103/Drivers/STM32F1xx_HAL_Driver/Src/stm32f1xx_hal_rcc_ex.o
 .rodata.aPLLMULFactorTable.1
                0x08009390       0x10 ./src/lib/cube_f103/Drivers/STM32F1xx_HAL_Driver/Src/stm32f1xx_hal_rcc_ex.o
 .rodata.USBD_FS_ManufacturerStrDescriptor.str1.1
                0x080093a0       0x13 ./src/lib/cube_f103/USB_DEVICE/App/usbd_desc.o
 .rodata.USBD_FS_ProductStrDescriptor.str1.1
                0x080093b3       0x16 ./src/lib/cube_f103/USB_DEVICE/App/usbd_desc.o
 .rodata.USBD_FS_ConfigStrDescriptor.str1.1
                0x080093c9        0xb ./src/lib/cube_f103/USB_DEVICE/App/usbd_desc.o
 .rodata.USBD_FS_InterfaceStrDescriptor.str1.1
                0x080093d4        0xe ./src/lib/cube_f103/USB_DEVICE/App/usbd_desc.o
                0x080093e4                        . = ALIGN (0x4)
 *fill*         0x080093e2        0x2 

.ARM.extab      0x080093e4        0x0
                0x080093e4                        . = ALIGN (0x4)
 *(.ARM.extab* .gnu.linkonce.armextab.*)
                0x080093e4                        . = ALIGN (0x4)

.ARM            0x080093e4        0x8
                0x080093e4                        . = ALIGN (0x4)
                0x080093e4                        __exidx_start = .
 *(.ARM.exidx*)
 .ARM.exidx     0x080093e4        0x8 C:/ST/STM32CubeIDE_1.16.0/STM32CubeIDE/plugins/com.st.stm32cube.ide.mcu.externaltools.gnu-tools-for-stm32.12.3.rel1.win32_1.0.200.202406191623/tools/bin/../lib/gcc/arm-none-eabi/12.3.1/../../../../arm-none-eabi/lib/thumb/v7-m/nofp\libc_nano.a(libc_a-strlen.o)
                0x080093ec                        __exidx_end = .
                0x080093ec                        . = ALIGN (0x4)

.rel.dyn        0x080093ec        0x0
 .rel.iplt      0x080093ec        0x0 C:/ST/STM32CubeIDE_1.16.0/STM32CubeIDE/plugins/com.st.stm32cube.ide.mcu.externaltools.gnu-tools-for-stm32.12.3.rel1.win32_1.0.200.202406191623/tools/bin/../lib/gcc/arm-none-eabi/12.3.1/thumb/v7-m/nofp/crtbegin.o

.preinit_array  0x080093ec        0x0
                0x080093ec                        . = ALIGN (0x4)
                0x080093ec                        PROVIDE (__preinit_array_start = .)
 *(.preinit_array*)
                0x080093ec                        PROVIDE (__preinit_array_end = .)
                0x080093ec                        . = ALIGN (0x4)

.init_array     0x080093ec        0x4
                0x080093ec                        . = ALIGN (0x4)
                0x080093ec                        PROVIDE (__init_array_start = .)
 *(SORT_BY_NAME(.init_array.*))
 *(.init_array*)
 .init_array    0x080093ec        0x4 C:/ST/STM32CubeIDE_1.16.0/STM32CubeIDE/plugins/com.st.stm32cube.ide.mcu.externaltools.gnu-tools-for-stm32.12.3.rel1.win32_1.0.200.202406191623/tools/bin/../lib/gcc/arm-none-eabi/12.3.1/thumb/v7-m/nofp/crtbegin.o
                0x080093f0                        PROVIDE (__init_array_end = .)
                0x080093f0                        . = ALIGN (0x4)

.fini_array     0x080093f0        0x4
                0x080093f0                        . = ALIGN (0x4)
                [!provide]                        PROVIDE (__fini_array_start = .)
 *(SORT_BY_NAME(.fini_array.*))
 *(.fini_array*)
 .fini_array    0x080093f0        0x4 C:/ST/STM32CubeIDE_1.16.0/STM32CubeIDE/plugins/com.st.stm32cube.ide.mcu.externaltools.gnu-tools-for-stm32.12.3.rel1.win32_1.0.200.202406191623/tools/bin/../lib/gcc/arm-none-eabi/12.3.1/thumb/v7-m/nofp/crtbegin.o
                [!provide]                        PROVIDE (__fini_array_end = .)
                0x080093f4                        . = ALIGN (0x4)
                0x080093f4                        _sidata = LOADADDR (.data)

.data           0x20000000      0x190 load address 0x080093f4
                0x20000000                        . = ALIGN (0x4)
                0x20000000                        _sdata = .
 *(.data)
 *(.data*)
 .data.SystemCoreClock
                0x20000000        0x4 ./src/bsp/system_stm32f1xx.o
                0x20000000                SystemCoreClock
 .data.led_tbl  0x20000004        0x8 ./src/hw/driver/led.o
                0x20000004                led_tbl
 .data.uwTickFreq
                0x2000000c        0x1 ./src/lib/cube_f103/Drivers/STM32F1xx_HAL_Driver/Src/stm32f1xx_hal.o
                0x2000000c                uwTickFreq
 *fill*         0x2000000d        0x3 
 .data.uwTickPrio
                0x20000010        0x4 ./src/lib/cube_f103/Drivers/STM32F1xx_HAL_Driver/Src/stm32f1xx_hal.o
                0x20000010                uwTickPrio
 .data.USBD_CDC_OtherSpeedCfgDesc
                0x20000014       0x43 ./src/lib/cube_f103/Middlewares/ST/STM32_USB_Device_Library/Class/CDC/Src/usbd_cdc.o
                0x20000014                USBD_CDC_OtherSpeedCfgDesc
 *fill*         0x20000057        0x1 
 .data.USBD_CDC_CfgFSDesc
                0x20000058       0x43 ./src/lib/cube_f103/Middlewares/ST/STM32_USB_Device_Library/Class/CDC/Src/usbd_cdc.o
                0x20000058                USBD_CDC_CfgFSDesc
 *fill*         0x2000009b        0x1 
 .data.USBD_CDC_CfgHSDesc
                0x2000009c       0x43 ./src/lib/cube_f103/Middlewares/ST/STM32_USB_Device_Library/Class/CDC/Src/usbd_cdc.o
                0x2000009c                USBD_CDC_CfgHSDesc
 *fill*         0x200000df        0x1 
 .data.USBD_CDC
                0x200000e0       0x38 ./src/lib/cube_f103/Middlewares/ST/STM32_USB_Device_Library/Class/CDC/Src/usbd_cdc.o
                0x200000e0                USBD_CDC
 .data.USBD_CDC_DeviceQualifierDesc
                0x20000118        0xa ./src/lib/cube_f103/Middlewares/ST/STM32_USB_Device_Library/Class/CDC/Src/usbd_cdc.o
 *fill*         0x20000122        0x2 
 .data.USBD_Interface_fops_FS
                0x20000124       0x10 ./src/lib/cube_f103/USB_DEVICE/App/usbd_cdc_if.o
                0x20000124                USBD_Interface_fops_FS
 .data.rx_len   0x20000134        0x4 ./src/lib/cube_f103/USB_DEVICE/App/usbd_cdc_if.o
                0x20000134                rx_len
 .data.LineCoding
                0x20000138        0x8 ./src/lib/cube_f103/USB_DEVICE/App/usbd_cdc_if.o
                0x20000138                LineCoding
 .data.USBD_StringSerial
                0x20000140       0x1a ./src/lib/cube_f103/USB_DEVICE/App/usbd_desc.o
                0x20000140                USBD_StringSerial
 *fill*         0x2000015a        0x2 
 .data.USBD_LangIDDesc
                0x2000015c        0x4 ./src/lib/cube_f103/USB_DEVICE/App/usbd_desc.o
                0x2000015c                USBD_LangIDDesc
 .data.USBD_FS_DeviceDesc
                0x20000160       0x12 ./src/lib/cube_f103/USB_DEVICE/App/usbd_desc.o
                0x20000160                USBD_FS_DeviceDesc
 *fill*         0x20000172        0x2 
 .data.FS_Desc  0x20000174       0x1c ./src/lib/cube_f103/USB_DEVICE/App/usbd_desc.o
                0x20000174                FS_Desc
                0x20000190                        . = ALIGN (0x4)
                0x20000190                        _edata = .

.igot.plt       0x20000190        0x0 load address 0x08009584
 .igot.plt      0x20000190        0x0 C:/ST/STM32CubeIDE_1.16.0/STM32CubeIDE/plugins/com.st.stm32cube.ide.mcu.externaltools.gnu-tools-for-stm32.12.3.rel1.win32_1.0.200.202406191623/tools/bin/../lib/gcc/arm-none-eabi/12.3.1/thumb/v7-m/nofp/crtbegin.o
                0x20000190                        . = ALIGN (0x4)

.bss            0x20000190     0x13b0 load address 0x08009584
                0x20000190                        _sbss = .
                0x20000190                        __bss_start__ = _sbss
 *(.bss)
 .bss           0x20000190       0x1c C:/ST/STM32CubeIDE_1.16.0/STM32CubeIDE/plugins/com.st.stm32cube.ide.mcu.externaltools.gnu-tools-for-stm32.12.3.rel1.win32_1.0.200.202406191623/tools/bin/../lib/gcc/arm-none-eabi/12.3.1/thumb/v7-m/nofp/crtbegin.o
 *(.bss*)
 .bss.flash_tbl
                0x200001ac      0x200 ./src/hw/driver/flash.o
 .bss.reset_count
                0x200003ac        0x4 ./src/hw/driver/reset.o
 .bss.hrtc      0x200003b0       0x14 ./src/hw/driver/rtc.o
 .bss.hdma_usart1_rx
                0x200003c4       0x44 ./src/hw/driver/uart.o
                0x200003c4                hdma_usart1_rx
 .bss.huart1    0x20000408       0x48 ./src/hw/driver/uart.o
                0x20000408                huart1
 .bss.rx_buf    0x20000450      0x100 ./src/hw/driver/uart.o
 .bss.qbuffer   0x20000550       0x20 ./src/hw/driver/uart.o
 .bss.uwTick    0x20000570        0x4 ./src/lib/cube_f103/Drivers/STM32F1xx_HAL_Driver/Src/stm32f1xx_hal.o
                0x20000570                uwTick
 .bss.cfgidx.0  0x20000574        0x1 ./src/lib/cube_f103/Middlewares/ST/STM32_USB_Device_Library/Core/Src/usbd_ctlreq.o
 *fill*         0x20000575        0x3 
 .bss.hUsbDeviceFS
                0x20000578      0x2c4 ./src/lib/cube_f103/USB_DEVICE/App/usb_device.o
                0x20000578                hUsbDeviceFS
 .bss.UserTxBufferFS
                0x2000083c      0x200 ./src/lib/cube_f103/USB_DEVICE/App/usbd_cdc_if.o
                0x2000083c                UserTxBufferFS
 .bss.UserRxBufferFS
                0x20000a3c      0x200 ./src/lib/cube_f103/USB_DEVICE/App/usbd_cdc_if.o
                0x20000a3c                UserRxBufferFS
 .bss.rx_full   0x20000c3c        0x1 ./src/lib/cube_f103/USB_DEVICE/App/usbd_cdc_if.o
                0x20000c3c                rx_full
 .bss.rx_buf    0x20000c3d      0x200 ./src/lib/cube_f103/USB_DEVICE/App/usbd_cdc_if.o
                0x20000c3d                rx_buf
 *fill*         0x20000e3d        0x3 
 .bss.rx_out    0x20000e40        0x4 ./src/lib/cube_f103/USB_DEVICE/App/usbd_cdc_if.o
                0x20000e40                rx_out
 .bss.rx_in     0x20000e44        0x4 ./src/lib/cube_f103/USB_DEVICE/App/usbd_cdc_if.o
                0x20000e44                rx_in
 .bss.USBD_StrDesc
                0x20000e48      0x200 ./src/lib/cube_f103/USB_DEVICE/App/usbd_desc.o
                0x20000e48                USBD_StrDesc
 .bss.mem.0     0x20001048      0x220 ./src/lib/cube_f103/USB_DEVICE/Target/usbd_conf.o
 .bss.hpcd_USB_FS
                0x20001268      0x2d8 ./src/lib/cube_f103/USB_DEVICE/Target/usbd_conf.o
                0x20001268                hpcd_USB_FS
 *(COMMON)
                0x20001540                        . = ALIGN (0x4)
                0x20001540                        _ebss = .
                0x20001540                        __bss_end__ = _ebss

._user_heap_stack
                0x20001540      0x600 load address 0x08009584
                0x20001540                        . = ALIGN (0x8)
                [!provide]                        PROVIDE (end = .)
                0x20001540                        PROVIDE (_end = .)
                0x20001740                        . = (. + _Min_Heap_Size)
 *fill*         0x20001540      0x200 
                0x20001b40                        . = (. + _Min_Stack_Size)
 *fill*         0x20001740      0x400 
                0x20001b40                        . = ALIGN (0x8)

/DISCARD/
 libc.a(*)
 libm.a(*)
 libgcc.a(*)

.ARM.attributes
                0x00000000       0x29
 *(.ARM.attributes)
 .ARM.attributes
                0x00000000       0x1d C:/ST/STM32CubeIDE_1.16.0/STM32CubeIDE/plugins/com.st.stm32cube.ide.mcu.externaltools.gnu-tools-for-stm32.12.3.rel1.win32_1.0.200.202406191623/tools/bin/../lib/gcc/arm-none-eabi/12.3.1/thumb/v7-m/nofp/crti.o
 .ARM.attributes
                0x0000001d       0x2d C:/ST/STM32CubeIDE_1.16.0/STM32CubeIDE/plugins/com.st.stm32cube.ide.mcu.externaltools.gnu-tools-for-stm32.12.3.rel1.win32_1.0.200.202406191623/tools/bin/../lib/gcc/arm-none-eabi/12.3.1/thumb/v7-m/nofp/crtbegin.o
 .ARM.attributes
                0x0000004a       0x2d ./src/ap/ap.o
 .ARM.attributes
                0x00000077       0x2d ./src/bsp/bsp.o
 .ARM.attributes
                0x000000a4       0x2d ./src/bsp/stm32f1xx_hal_msp.o
 .ARM.attributes
                0x000000d1       0x2d ./src/bsp/stm32f1xx_it.o
 .ARM.attributes
                0x000000fe       0x2d ./src/bsp/system_stm32f1xx.o
 .ARM.attributes
                0x0000012b       0x21 ./src/bsp/startup/startup_stm32f103c8tx.o
 .ARM.attributes
                0x0000014c       0x2d ./src/common/core/qbuffer.o
 .ARM.attributes
                0x00000179       0x2d ./src/hw/driver/flash.o
 .ARM.attributes
                0x000001a6       0x2d ./src/hw/driver/led.o
 .ARM.attributes
                0x000001d3       0x2d ./src/hw/driver/reset.o
 .ARM.attributes
                0x00000200       0x2d ./src/hw/driver/rtc.o
 .ARM.attributes
                0x0000022d       0x2d ./src/hw/driver/uart.o
 .ARM.attributes
                0x0000025a       0x2d ./src/hw/driver/usb.o
 .ARM.attributes
                0x00000287       0x2d ./src/hw/hw.o
 .ARM.attributes
                0x000002b4       0x2d ./src/lib/cube_f103/Drivers/STM32F1xx_HAL_Driver/Src/stm32f1xx_hal.o
 .ARM.attributes
                0x000002e1       0x2d ./src/lib/cube_f103/Drivers/STM32F1xx_HAL_Driver/Src/stm32f1xx_hal_cortex.o
 .ARM.attributes
                0x0000030e       0x2d ./src/lib/cube_f103/Drivers/STM32F1xx_HAL_Driver/Src/stm32f1xx_hal_dma.o
 .ARM.attributes
                0x0000033b       0x2d ./src/lib/cube_f103/Drivers/STM32F1xx_HAL_Driver/Src/stm32f1xx_hal_gpio.o
 .ARM.attributes
                0x00000368       0x2d ./src/lib/cube_f103/Drivers/STM32F1xx_HAL_Driver/Src/stm32f1xx_hal_pcd.o
 .ARM.attributes
                0x00000395       0x2d ./src/lib/cube_f103/Drivers/STM32F1xx_HAL_Driver/Src/stm32f1xx_hal_pcd_ex.o
 .ARM.attributes
                0x000003c2       0x2d ./src/lib/cube_f103/Drivers/STM32F1xx_HAL_Driver/Src/stm32f1xx_hal_pwr.o
 .ARM.attributes
                0x000003ef       0x2d ./src/lib/cube_f103/Drivers/STM32F1xx_HAL_Driver/Src/stm32f1xx_hal_rcc.o
 .ARM.attributes
                0x0000041c       0x2d ./src/lib/cube_f103/Drivers/STM32F1xx_HAL_Driver/Src/stm32f1xx_hal_rcc_ex.o
 .ARM.attributes
                0x00000449       0x2d ./src/lib/cube_f103/Drivers/STM32F1xx_HAL_Driver/Src/stm32f1xx_hal_rtc.o
 .ARM.attributes
                0x00000476       0x2d ./src/lib/cube_f103/Drivers/STM32F1xx_HAL_Driver/Src/stm32f1xx_hal_rtc_ex.o
 .ARM.attributes
                0x000004a3       0x2d ./src/lib/cube_f103/Drivers/STM32F1xx_HAL_Driver/Src/stm32f1xx_hal_uart.o
 .ARM.attributes
                0x000004d0       0x2d ./src/lib/cube_f103/Drivers/STM32F1xx_HAL_Driver/Src/stm32f1xx_ll_usb.o
 .ARM.attributes
                0x000004fd       0x2d ./src/lib/cube_f103/Middlewares/ST/STM32_USB_Device_Library/Class/CDC/Src/usbd_cdc.o
 .ARM.attributes
                0x0000052a       0x2d ./src/lib/cube_f103/Middlewares/ST/STM32_USB_Device_Library/Core/Src/usbd_core.o
 .ARM.attributes
                0x00000557       0x2d ./src/lib/cube_f103/Middlewares/ST/STM32_USB_Device_Library/Core/Src/usbd_ctlreq.o
 .ARM.attributes
                0x00000584       0x2d ./src/lib/cube_f103/Middlewares/ST/STM32_USB_Device_Library/Core/Src/usbd_ioreq.o
 .ARM.attributes
                0x000005b1       0x2d ./src/lib/cube_f103/USB_DEVICE/App/usb_device.o
 .ARM.attributes
                0x000005de       0x2d ./src/lib/cube_f103/USB_DEVICE/App/usbd_cdc_if.o
 .ARM.attributes
                0x0000060b       0x2d ./src/lib/cube_f103/USB_DEVICE/App/usbd_desc.o
 .ARM.attributes
                0x00000638       0x2d ./src/lib/cube_f103/USB_DEVICE/Target/usbd_conf.o
 .ARM.attributes
                0x00000665       0x2d ./src/main.o
 .ARM.attributes
                0x00000692       0x2d C:/ST/STM32CubeIDE_1.16.0/STM32CubeIDE/plugins/com.st.stm32cube.ide.mcu.externaltools.gnu-tools-for-stm32.12.3.rel1.win32_1.0.200.202406191623/tools/bin/../lib/gcc/arm-none-eabi/12.3.1/../../../../arm-none-eabi/lib/thumb/v7-m/nofp\libc_nano.a(libc_a-memset.o)
 .ARM.attributes
                0x000006bf       0x2d C:/ST/STM32CubeIDE_1.16.0/STM32CubeIDE/plugins/com.st.stm32cube.ide.mcu.externaltools.gnu-tools-for-stm32.12.3.rel1.win32_1.0.200.202406191623/tools/bin/../lib/gcc/arm-none-eabi/12.3.1/../../../../arm-none-eabi/lib/thumb/v7-m/nofp\libc_nano.a(libc_a-init.o)
 .ARM.attributes
                0x000006ec       0x17 C:/ST/STM32CubeIDE_1.16.0/STM32CubeIDE/plugins/com.st.stm32cube.ide.mcu.externaltools.gnu-tools-for-stm32.12.3.rel1.win32_1.0.200.202406191623/tools/bin/../lib/gcc/arm-none-eabi/12.3.1/../../../../arm-none-eabi/lib/thumb/v7-m/nofp\libc_nano.a(libc_a-strlen.o)
 .ARM.attributes
                0x00000703       0x1d C:/ST/STM32CubeIDE_1.16.0/STM32CubeIDE/plugins/com.st.stm32cube.ide.mcu.externaltools.gnu-tools-for-stm32.12.3.rel1.win32_1.0.200.202406191623/tools/bin/../lib/gcc/arm-none-eabi/12.3.1/thumb/v7-m/nofp/crtn.o
OUTPUT(stm32103_fw.elf elf32-littlearm)
LOAD linker stubs
LOAD C:/ST/STM32CubeIDE_1.16.0/STM32CubeIDE/plugins/com.st.stm32cube.ide.mcu.externaltools.gnu-tools-for-stm32.12.3.rel1.win32_1.0.200.202406191623/tools/bin/../lib/gcc/arm-none-eabi/12.3.1/../../../../arm-none-eabi/lib/thumb/v7-m/nofp\libc.a
LOAD C:/ST/STM32CubeIDE_1.16.0/STM32CubeIDE/plugins/com.st.stm32cube.ide.mcu.externaltools.gnu-tools-for-stm32.12.3.rel1.win32_1.0.200.202406191623/tools/bin/../lib/gcc/arm-none-eabi/12.3.1/../../../../arm-none-eabi/lib/thumb/v7-m/nofp\libm.a
LOAD C:/ST/STM32CubeIDE_1.16.0/STM32CubeIDE/plugins/com.st.stm32cube.ide.mcu.externaltools.gnu-tools-for-stm32.12.3.rel1.win32_1.0.200.202406191623/tools/bin/../lib/gcc/arm-none-eabi/12.3.1/thumb/v7-m/nofp\libgcc.a

.debug_info     0x00000000    0x17ad9
 .debug_info    0x00000000      0x187 ./src/ap/ap.o
 .debug_info    0x00000187      0x6e1 ./src/bsp/bsp.o
 .debug_info    0x00000868      0x1f3 ./src/bsp/stm32f1xx_hal_msp.o
 .debug_info    0x00000a5b      0xaaf ./src/bsp/stm32f1xx_it.o
 .debug_info    0x0000150a      0x3f5 ./src/bsp/system_stm32f1xx.o
 .debug_info    0x000018ff       0x30 ./src/bsp/startup/startup_stm32f103c8tx.o
 .debug_info    0x0000192f      0x2db ./src/common/core/qbuffer.o
 .debug_info    0x00001c0a      0x577 ./src/hw/driver/flash.o
 .debug_info    0x00002181      0x471 ./src/hw/driver/led.o
 .debug_info    0x000025f2      0x223 ./src/hw/driver/reset.o
 .debug_info    0x00002815      0x51f ./src/hw/driver/rtc.o
 .debug_info    0x00002d34     0x1029 ./src/hw/driver/uart.o
 .debug_info    0x00003d5d      0x2b0 ./src/hw/driver/usb.o
 .debug_info    0x0000400d      0x128 ./src/hw/hw.o
 .debug_info    0x00004135      0x7dc ./src/lib/cube_f103/Drivers/STM32F1xx_HAL_Driver/Src/stm32f1xx_hal.o
 .debug_info    0x00004911      0xced ./src/lib/cube_f103/Drivers/STM32F1xx_HAL_Driver/Src/stm32f1xx_hal_cortex.o
 .debug_info    0x000055fe      0x7e2 ./src/lib/cube_f103/Drivers/STM32F1xx_HAL_Driver/Src/stm32f1xx_hal_dma.o
 .debug_info    0x00005de0      0x604 ./src/lib/cube_f103/Drivers/STM32F1xx_HAL_Driver/Src/stm32f1xx_hal_gpio.o
 .debug_info    0x000063e4     0x1d94 ./src/lib/cube_f103/Drivers/STM32F1xx_HAL_Driver/Src/stm32f1xx_hal_pcd.o
 .debug_info    0x00008178      0x6c8 ./src/lib/cube_f103/Drivers/STM32F1xx_HAL_Driver/Src/stm32f1xx_hal_pcd_ex.o
 .debug_info    0x00008840      0x66d ./src/lib/cube_f103/Drivers/STM32F1xx_HAL_Driver/Src/stm32f1xx_hal_pwr.o
 .debug_info    0x00008ead      0x9fb ./src/lib/cube_f103/Drivers/STM32F1xx_HAL_Driver/Src/stm32f1xx_hal_rcc.o
 .debug_info    0x000098a8      0x420 ./src/lib/cube_f103/Drivers/STM32F1xx_HAL_Driver/Src/stm32f1xx_hal_rcc_ex.o
 .debug_info    0x00009cc8     0x12a2 ./src/lib/cube_f103/Drivers/STM32F1xx_HAL_Driver/Src/stm32f1xx_hal_rtc.o
 .debug_info    0x0000af6a      0x74c ./src/lib/cube_f103/Drivers/STM32F1xx_HAL_Driver/Src/stm32f1xx_hal_rtc_ex.o
 .debug_info    0x0000b6b6     0x401c ./src/lib/cube_f103/Drivers/STM32F1xx_HAL_Driver/Src/stm32f1xx_hal_uart.o
 .debug_info    0x0000f6d2     0x1956 ./src/lib/cube_f103/Drivers/STM32F1xx_HAL_Driver/Src/stm32f1xx_ll_usb.o
 .debug_info    0x00011028     0x12a3 ./src/lib/cube_f103/Middlewares/ST/STM32_USB_Device_Library/Class/CDC/Src/usbd_cdc.o
 .debug_info    0x000122cb      0xd76 ./src/lib/cube_f103/Middlewares/ST/STM32_USB_Device_Library/Core/Src/usbd_core.o
 .debug_info    0x00013041      0xd50 ./src/lib/cube_f103/Middlewares/ST/STM32_USB_Device_Library/Core/Src/usbd_ctlreq.o
 .debug_info    0x00013d91      0x7b5 ./src/lib/cube_f103/Middlewares/ST/STM32_USB_Device_Library/Core/Src/usbd_ioreq.o
 .debug_info    0x00014546      0x6c3 ./src/lib/cube_f103/USB_DEVICE/App/usb_device.o
 .debug_info    0x00014c09      0xbf3 ./src/lib/cube_f103/USB_DEVICE/App/usbd_cdc_if.o
 .debug_info    0x000157fc      0x62a ./src/lib/cube_f103/USB_DEVICE/App/usbd_desc.o
 .debug_info    0x00015e26     0x1bed ./src/lib/cube_f103/USB_DEVICE/Target/usbd_conf.o
 .debug_info    0x00017a13       0xc6 ./src/main.o

.debug_abbrev   0x00000000     0x504e
 .debug_abbrev  0x00000000       0xfd ./src/ap/ap.o
 .debug_abbrev  0x000000fd      0x235 ./src/bsp/bsp.o
 .debug_abbrev  0x00000332       0xeb ./src/bsp/stm32f1xx_hal_msp.o
 .debug_abbrev  0x0000041d      0x1fe ./src/bsp/stm32f1xx_it.o
 .debug_abbrev  0x0000061b      0x143 ./src/bsp/system_stm32f1xx.o
 .debug_abbrev  0x0000075e       0x24 ./src/bsp/startup/startup_stm32f103c8tx.o
 .debug_abbrev  0x00000782      0x132 ./src/common/core/qbuffer.o
 .debug_abbrev  0x000008b4      0x21f ./src/hw/driver/flash.o
 .debug_abbrev  0x00000ad3      0x256 ./src/hw/driver/led.o
 .debug_abbrev  0x00000d29      0x130 ./src/hw/driver/reset.o
 .debug_abbrev  0x00000e59      0x1e7 ./src/hw/driver/rtc.o
 .debug_abbrev  0x00001040      0x3ac ./src/hw/driver/uart.o
 .debug_abbrev  0x000013ec      0x16a ./src/hw/driver/usb.o
 .debug_abbrev  0x00001556       0x82 ./src/hw/hw.o
 .debug_abbrev  0x000015d8      0x272 ./src/lib/cube_f103/Drivers/STM32F1xx_HAL_Driver/Src/stm32f1xx_hal.o
 .debug_abbrev  0x0000184a      0x36b ./src/lib/cube_f103/Drivers/STM32F1xx_HAL_Driver/Src/stm32f1xx_hal_cortex.o
 .debug_abbrev  0x00001bb5      0x260 ./src/lib/cube_f103/Drivers/STM32F1xx_HAL_Driver/Src/stm32f1xx_hal_dma.o
 .debug_abbrev  0x00001e15      0x1f7 ./src/lib/cube_f103/Drivers/STM32F1xx_HAL_Driver/Src/stm32f1xx_hal_gpio.o
 .debug_abbrev  0x0000200c      0x40d ./src/lib/cube_f103/Drivers/STM32F1xx_HAL_Driver/Src/stm32f1xx_hal_pcd.o
 .debug_abbrev  0x00002419      0x1d3 ./src/lib/cube_f103/Drivers/STM32F1xx_HAL_Driver/Src/stm32f1xx_hal_pcd_ex.o
 .debug_abbrev  0x000025ec      0x1eb ./src/lib/cube_f103/Drivers/STM32F1xx_HAL_Driver/Src/stm32f1xx_hal_pwr.o
 .debug_abbrev  0x000027d7      0x2ff ./src/lib/cube_f103/Drivers/STM32F1xx_HAL_Driver/Src/stm32f1xx_hal_rcc.o
 .debug_abbrev  0x00002ad6      0x1d8 ./src/lib/cube_f103/Drivers/STM32F1xx_HAL_Driver/Src/stm32f1xx_hal_rcc_ex.o
 .debug_abbrev  0x00002cae      0x316 ./src/lib/cube_f103/Drivers/STM32F1xx_HAL_Driver/Src/stm32f1xx_hal_rtc.o
 .debug_abbrev  0x00002fc4      0x262 ./src/lib/cube_f103/Drivers/STM32F1xx_HAL_Driver/Src/stm32f1xx_hal_rtc_ex.o
 .debug_abbrev  0x00003226      0x3f7 ./src/lib/cube_f103/Drivers/STM32F1xx_HAL_Driver/Src/stm32f1xx_hal_uart.o
 .debug_abbrev  0x0000361d      0x29c ./src/lib/cube_f103/Drivers/STM32F1xx_HAL_Driver/Src/stm32f1xx_ll_usb.o
 .debug_abbrev  0x000038b9      0x335 ./src/lib/cube_f103/Middlewares/ST/STM32_USB_Device_Library/Class/CDC/Src/usbd_cdc.o
 .debug_abbrev  0x00003bee      0x2f4 ./src/lib/cube_f103/Middlewares/ST/STM32_USB_Device_Library/Core/Src/usbd_core.o
 .debug_abbrev  0x00003ee2      0x3a8 ./src/lib/cube_f103/Middlewares/ST/STM32_USB_Device_Library/Core/Src/usbd_ctlreq.o
 .debug_abbrev  0x0000428a      0x1b6 ./src/lib/cube_f103/Middlewares/ST/STM32_USB_Device_Library/Core/Src/usbd_ioreq.o
 .debug_abbrev  0x00004440      0x1b6 ./src/lib/cube_f103/USB_DEVICE/App/usb_device.o
 .debug_abbrev  0x000045f6      0x3c7 ./src/lib/cube_f103/USB_DEVICE/App/usbd_cdc_if.o
 .debug_abbrev  0x000049bd      0x2d3 ./src/lib/cube_f103/USB_DEVICE/App/usbd_desc.o
 .debug_abbrev  0x00004c90      0x35a ./src/lib/cube_f103/USB_DEVICE/Target/usbd_conf.o
 .debug_abbrev  0x00004fea       0x64 ./src/main.o

.debug_loclists
                0x00000000     0x8ace
 .debug_loclists
                0x00000000       0x27 ./src/ap/ap.o
 .debug_loclists
                0x00000027       0x38 ./src/bsp/bsp.o
 .debug_loclists
                0x0000005f       0x17 ./src/bsp/stm32f1xx_hal_msp.o
 .debug_loclists
                0x00000076       0xac ./src/bsp/system_stm32f1xx.o
 .debug_loclists
                0x00000122      0x1e0 ./src/common/core/qbuffer.o
 .debug_loclists
                0x00000302      0x2c7 ./src/hw/driver/flash.o
 .debug_loclists
                0x000005c9       0x98 ./src/hw/driver/led.o
 .debug_loclists
                0x00000661       0x7d ./src/hw/driver/rtc.o
 .debug_loclists
                0x000006de      0x292 ./src/hw/driver/uart.o
 .debug_loclists
                0x00000970       0xba ./src/lib/cube_f103/Drivers/STM32F1xx_HAL_Driver/Src/stm32f1xx_hal.o
 .debug_loclists
                0x00000a2a      0x347 ./src/lib/cube_f103/Drivers/STM32F1xx_HAL_Driver/Src/stm32f1xx_hal_cortex.o
 .debug_loclists
                0x00000d71      0x485 ./src/lib/cube_f103/Drivers/STM32F1xx_HAL_Driver/Src/stm32f1xx_hal_dma.o
 .debug_loclists
                0x000011f6      0x2bb ./src/lib/cube_f103/Drivers/STM32F1xx_HAL_Driver/Src/stm32f1xx_hal_gpio.o
 .debug_loclists
                0x000014b1      0xc39 ./src/lib/cube_f103/Drivers/STM32F1xx_HAL_Driver/Src/stm32f1xx_hal_pcd.o
 .debug_loclists
                0x000020ea       0x76 ./src/lib/cube_f103/Drivers/STM32F1xx_HAL_Driver/Src/stm32f1xx_hal_pcd_ex.o
 .debug_loclists
                0x00002160       0x97 ./src/lib/cube_f103/Drivers/STM32F1xx_HAL_Driver/Src/stm32f1xx_hal_pwr.o
 .debug_loclists
                0x000021f7      0x3e1 ./src/lib/cube_f103/Drivers/STM32F1xx_HAL_Driver/Src/stm32f1xx_hal_rcc.o
 .debug_loclists
                0x000025d8      0x24c ./src/lib/cube_f103/Drivers/STM32F1xx_HAL_Driver/Src/stm32f1xx_hal_rcc_ex.o
 .debug_loclists
                0x00002824      0xb44 ./src/lib/cube_f103/Drivers/STM32F1xx_HAL_Driver/Src/stm32f1xx_hal_rtc.o
 .debug_loclists
                0x00003368      0x302 ./src/lib/cube_f103/Drivers/STM32F1xx_HAL_Driver/Src/stm32f1xx_hal_rtc_ex.o
 .debug_loclists
                0x0000366a     0x272b ./src/lib/cube_f103/Drivers/STM32F1xx_HAL_Driver/Src/stm32f1xx_hal_uart.o
 .debug_loclists
                0x00005d95     0x10f8 ./src/lib/cube_f103/Drivers/STM32F1xx_HAL_Driver/Src/stm32f1xx_ll_usb.o
 .debug_loclists
                0x00006e8d      0x411 ./src/lib/cube_f103/Middlewares/ST/STM32_USB_Device_Library/Class/CDC/Src/usbd_cdc.o
 .debug_loclists
                0x0000729e      0x4dd ./src/lib/cube_f103/Middlewares/ST/STM32_USB_Device_Library/Core/Src/usbd_core.o
 .debug_loclists
                0x0000777b      0x692 ./src/lib/cube_f103/Middlewares/ST/STM32_USB_Device_Library/Core/Src/usbd_ctlreq.o
 .debug_loclists
                0x00007e0d      0x198 ./src/lib/cube_f103/Middlewares/ST/STM32_USB_Device_Library/Core/Src/usbd_ioreq.o
 .debug_loclists
                0x00007fa5      0x329 ./src/lib/cube_f103/USB_DEVICE/App/usbd_cdc_if.o
 .debug_loclists
                0x000082ce      0x22a ./src/lib/cube_f103/USB_DEVICE/App/usbd_desc.o
 .debug_loclists
                0x000084f8      0x5d6 ./src/lib/cube_f103/USB_DEVICE/Target/usbd_conf.o

.debug_aranges  0x00000000     0x1090
 .debug_aranges
                0x00000000       0x28 ./src/ap/ap.o
 .debug_aranges
                0x00000028       0x48 ./src/bsp/bsp.o
 .debug_aranges
                0x00000070       0x20 ./src/bsp/stm32f1xx_hal_msp.o
 .debug_aranges
                0x00000090       0x78 ./src/bsp/stm32f1xx_it.o
 .debug_aranges
                0x00000108       0x28 ./src/bsp/system_stm32f1xx.o
 .debug_aranges
                0x00000130       0x28 ./src/bsp/startup/startup_stm32f103c8tx.o
 .debug_aranges
                0x00000158       0x48 ./src/common/core/qbuffer.o
 .debug_aranges
                0x000001a0       0x38 ./src/hw/driver/flash.o
 .debug_aranges
                0x000001d8       0x40 ./src/hw/driver/led.o
 .debug_aranges
                0x00000218       0x28 ./src/hw/driver/reset.o
 .debug_aranges
                0x00000240       0x40 ./src/hw/driver/rtc.o
 .debug_aranges
                0x00000280       0x70 ./src/hw/driver/uart.o
 .debug_aranges
                0x000002f0       0x20 ./src/hw/driver/usb.o
 .debug_aranges
                0x00000310       0x20 ./src/hw/hw.o
 .debug_aranges
                0x00000330       0xe0 ./src/lib/cube_f103/Drivers/STM32F1xx_HAL_Driver/Src/stm32f1xx_hal.o
 .debug_aranges
                0x00000410       0x90 ./src/lib/cube_f103/Drivers/STM32F1xx_HAL_Driver/Src/stm32f1xx_hal_cortex.o
 .debug_aranges
                0x000004a0       0x78 ./src/lib/cube_f103/Drivers/STM32F1xx_HAL_Driver/Src/stm32f1xx_hal_dma.o
 .debug_aranges
                0x00000518       0x58 ./src/lib/cube_f103/Drivers/STM32F1xx_HAL_Driver/Src/stm32f1xx_hal_gpio.o
 .debug_aranges
                0x00000570      0x128 ./src/lib/cube_f103/Drivers/STM32F1xx_HAL_Driver/Src/stm32f1xx_hal_pcd.o
 .debug_aranges
                0x00000698       0x38 ./src/lib/cube_f103/Drivers/STM32F1xx_HAL_Driver/Src/stm32f1xx_hal_pcd_ex.o
 .debug_aranges
                0x000006d0       0xa8 ./src/lib/cube_f103/Drivers/STM32F1xx_HAL_Driver/Src/stm32f1xx_hal_pwr.o
 .debug_aranges
                0x00000778       0x88 ./src/lib/cube_f103/Drivers/STM32F1xx_HAL_Driver/Src/stm32f1xx_hal_rcc.o
 .debug_aranges
                0x00000800       0x30 ./src/lib/cube_f103/Drivers/STM32F1xx_HAL_Driver/Src/stm32f1xx_hal_rcc_ex.o
 .debug_aranges
                0x00000830       0xe8 ./src/lib/cube_f103/Drivers/STM32F1xx_HAL_Driver/Src/stm32f1xx_hal_rtc.o
 .debug_aranges
                0x00000918       0x88 ./src/lib/cube_f103/Drivers/STM32F1xx_HAL_Driver/Src/stm32f1xx_hal_rtc_ex.o
 .debug_aranges
                0x000009a0      0x1f0 ./src/lib/cube_f103/Drivers/STM32F1xx_HAL_Driver/Src/stm32f1xx_hal_uart.o
 .debug_aranges
                0x00000b90       0xf8 ./src/lib/cube_f103/Drivers/STM32F1xx_HAL_Driver/Src/stm32f1xx_ll_usb.o
 .debug_aranges
                0x00000c88       0x90 ./src/lib/cube_f103/Middlewares/ST/STM32_USB_Device_Library/Class/CDC/Src/usbd_cdc.o
 .debug_aranges
                0x00000d18       0xb8 ./src/lib/cube_f103/Middlewares/ST/STM32_USB_Device_Library/Core/Src/usbd_core.o
 .debug_aranges
                0x00000dd0       0x50 ./src/lib/cube_f103/Middlewares/ST/STM32_USB_Device_Library/Core/Src/usbd_ctlreq.o
 .debug_aranges
                0x00000e20       0x50 ./src/lib/cube_f103/Middlewares/ST/STM32_USB_Device_Library/Core/Src/usbd_ioreq.o
 .debug_aranges
                0x00000e70       0x20 ./src/lib/cube_f103/USB_DEVICE/App/usb_device.o
 .debug_aranges
                0x00000e90       0x70 ./src/lib/cube_f103/USB_DEVICE/App/usbd_cdc_if.o
 .debug_aranges
                0x00000f00       0x58 ./src/lib/cube_f103/USB_DEVICE/App/usbd_desc.o
 .debug_aranges
                0x00000f58      0x118 ./src/lib/cube_f103/USB_DEVICE/Target/usbd_conf.o
 .debug_aranges
                0x00001070       0x20 ./src/main.o

.debug_rnglists
                0x00000000     0x11fc
 .debug_rnglists
                0x00000000       0x19 ./src/ap/ap.o
 .debug_rnglists
                0x00000019       0x52 ./src/bsp/bsp.o
 .debug_rnglists
                0x0000006b       0x37 ./src/bsp/stm32f1xx_hal_msp.o
 .debug_rnglists
                0x000000a2       0x55 ./src/bsp/stm32f1xx_it.o
 .debug_rnglists
                0x000000f7       0x19 ./src/bsp/system_stm32f1xx.o
 .debug_rnglists
                0x00000110       0x19 ./src/bsp/startup/startup_stm32f103c8tx.o
 .debug_rnglists
                0x00000129       0x4f ./src/common/core/qbuffer.o
 .debug_rnglists
                0x00000178       0x7e ./src/hw/driver/flash.o
 .debug_rnglists
                0x000001f6       0x49 ./src/hw/driver/led.o
 .debug_rnglists
                0x0000023f       0x19 ./src/hw/driver/reset.o
 .debug_rnglists
                0x00000258       0x49 ./src/hw/driver/rtc.o
 .debug_rnglists
                0x000002a1       0x81 ./src/hw/driver/uart.o
 .debug_rnglists
                0x00000322       0x13 ./src/hw/driver/usb.o
 .debug_rnglists
                0x00000335       0x13 ./src/hw/hw.o
 .debug_rnglists
                0x00000348       0xa3 ./src/lib/cube_f103/Drivers/STM32F1xx_HAL_Driver/Src/stm32f1xx_hal.o
 .debug_rnglists
                0x000003eb       0xd3 ./src/lib/cube_f103/Drivers/STM32F1xx_HAL_Driver/Src/stm32f1xx_hal_cortex.o
 .debug_rnglists
                0x000004be       0x70 ./src/lib/cube_f103/Drivers/STM32F1xx_HAL_Driver/Src/stm32f1xx_hal_dma.o
 .debug_rnglists
                0x0000052e       0x52 ./src/lib/cube_f103/Drivers/STM32F1xx_HAL_Driver/Src/stm32f1xx_hal_gpio.o
 .debug_rnglists
                0x00000580      0x1c2 ./src/lib/cube_f103/Drivers/STM32F1xx_HAL_Driver/Src/stm32f1xx_hal_pcd.o
 .debug_rnglists
                0x00000742       0x25 ./src/lib/cube_f103/Drivers/STM32F1xx_HAL_Driver/Src/stm32f1xx_hal_pcd_ex.o
 .debug_rnglists
                0x00000767       0x79 ./src/lib/cube_f103/Drivers/STM32F1xx_HAL_Driver/Src/stm32f1xx_hal_pwr.o
 .debug_rnglists
                0x000007e0       0x85 ./src/lib/cube_f103/Drivers/STM32F1xx_HAL_Driver/Src/stm32f1xx_hal_rcc.o
 .debug_rnglists
                0x00000865       0x3f ./src/lib/cube_f103/Drivers/STM32F1xx_HAL_Driver/Src/stm32f1xx_hal_rcc_ex.o
 .debug_rnglists
                0x000008a4       0xd7 ./src/lib/cube_f103/Drivers/STM32F1xx_HAL_Driver/Src/stm32f1xx_hal_rtc.o
 .debug_rnglists
                0x0000097b       0x61 ./src/lib/cube_f103/Drivers/STM32F1xx_HAL_Driver/Src/stm32f1xx_hal_rtc_ex.o
 .debug_rnglists
                0x000009dc      0x1bd ./src/lib/cube_f103/Drivers/STM32F1xx_HAL_Driver/Src/stm32f1xx_hal_uart.o
 .debug_rnglists
                0x00000b99      0x2ee ./src/lib/cube_f103/Drivers/STM32F1xx_HAL_Driver/Src/stm32f1xx_ll_usb.o
 .debug_rnglists
                0x00000e87       0x69 ./src/lib/cube_f103/Middlewares/ST/STM32_USB_Device_Library/Class/CDC/Src/usbd_cdc.o
 .debug_rnglists
                0x00000ef0       0x86 ./src/lib/cube_f103/Middlewares/ST/STM32_USB_Device_Library/Core/Src/usbd_core.o
 .debug_rnglists
                0x00000f76       0x7e ./src/lib/cube_f103/Middlewares/ST/STM32_USB_Device_Library/Core/Src/usbd_ctlreq.o
 .debug_rnglists
                0x00000ff4       0x37 ./src/lib/cube_f103/Middlewares/ST/STM32_USB_Device_Library/Core/Src/usbd_ioreq.o
 .debug_rnglists
                0x0000102b       0x13 ./src/lib/cube_f103/USB_DEVICE/App/usb_device.o
 .debug_rnglists
                0x0000103e       0x6a ./src/lib/cube_f103/USB_DEVICE/App/usbd_cdc_if.o
 .debug_rnglists
                0x000010a8       0x61 ./src/lib/cube_f103/USB_DEVICE/App/usbd_desc.o
 .debug_rnglists
                0x00001109       0xe0 ./src/lib/cube_f103/USB_DEVICE/Target/usbd_conf.o
 .debug_rnglists
                0x000011e9       0x13 ./src/main.o

.debug_macro    0x00000000    0x1c455
 .debug_macro   0x00000000      0x325 ./src/ap/ap.o
 .debug_macro   0x00000325      0xaa8 ./src/ap/ap.o
 .debug_macro   0x00000dcd       0x22 ./src/ap/ap.o
 .debug_macro   0x00000def       0x5b ./src/ap/ap.o
 .debug_macro   0x00000e4a       0x24 ./src/ap/ap.o
 .debug_macro   0x00000e6e       0x94 ./src/ap/ap.o
 .debug_macro   0x00000f02       0x43 ./src/ap/ap.o
 .debug_macro   0x00000f45       0x34 ./src/ap/ap.o
 .debug_macro   0x00000f79       0x16 ./src/ap/ap.o
 .debug_macro   0x00000f8f       0x57 ./src/ap/ap.o
 .debug_macro   0x00000fe6       0x9e ./src/ap/ap.o
 .debug_macro   0x00001084      0x369 ./src/ap/ap.o
 .debug_macro   0x000013ed      0x10b ./src/ap/ap.o
 .debug_macro   0x000014f8       0x10 ./src/ap/ap.o
 .debug_macro   0x00001508       0x16 ./src/ap/ap.o
 .debug_macro   0x0000151e       0x43 ./src/ap/ap.o
 .debug_macro   0x00001561       0x34 ./src/ap/ap.o
 .debug_macro   0x00001595       0x10 ./src/ap/ap.o
 .debug_macro   0x000015a5       0x58 ./src/ap/ap.o
 .debug_macro   0x000015fd       0x8e ./src/ap/ap.o
 .debug_macro   0x0000168b       0x1c ./src/ap/ap.o
 .debug_macro   0x000016a7      0x177 ./src/ap/ap.o
 .debug_macro   0x0000181e       0x16 ./src/ap/ap.o
 .debug_macro   0x00001834       0x16 ./src/ap/ap.o
 .debug_macro   0x0000184a      0x146 ./src/ap/ap.o
 .debug_macro   0x00001990      0x103 ./src/ap/ap.o
 .debug_macro   0x00001a93       0x6a ./src/ap/ap.o
 .debug_macro   0x00001afd      0x1df ./src/ap/ap.o
 .debug_macro   0x00001cdc       0x22 ./src/ap/ap.o
 .debug_macro   0x00001cfe       0x4c ./src/ap/ap.o
 .debug_macro   0x00001d4a       0x34 ./src/ap/ap.o
 .debug_macro   0x00001d7e       0x16 ./src/ap/ap.o
 .debug_macro   0x00001d94      0x221 ./src/ap/ap.o
 .debug_macro   0x00001fb5       0x2e ./src/ap/ap.o
 .debug_macro   0x00001fe3       0x22 ./src/ap/ap.o
 .debug_macro   0x00002005       0x1c ./src/ap/ap.o
 .debug_macro   0x00002021       0x22 ./src/ap/ap.o
 .debug_macro   0x00002043       0xbd ./src/ap/ap.o
 .debug_macro   0x00002100      0xd23 ./src/ap/ap.o
 .debug_macro   0x00002e23     0xe09e ./src/ap/ap.o
 .debug_macro   0x00010ec1       0x6d ./src/ap/ap.o
 .debug_macro   0x00010f2e     0x34a2 ./src/ap/ap.o
 .debug_macro   0x000143d0       0x56 ./src/ap/ap.o
 .debug_macro   0x00014426      0x5bc ./src/ap/ap.o
 .debug_macro   0x000149e2      0x289 ./src/ap/ap.o
 .debug_macro   0x00014c6b      0x1cb ./src/ap/ap.o
 .debug_macro   0x00014e36      0x114 ./src/ap/ap.o
 .debug_macro   0x00014f4a      0x1b2 ./src/ap/ap.o
 .debug_macro   0x000150fc       0x27 ./src/ap/ap.o
 .debug_macro   0x00015123      0x136 ./src/ap/ap.o
 .debug_macro   0x00015259      0x1bc ./src/ap/ap.o
 .debug_macro   0x00015415       0x34 ./src/ap/ap.o
 .debug_macro   0x00015449       0x3c ./src/ap/ap.o
 .debug_macro   0x00015485       0x57 ./src/ap/ap.o
 .debug_macro   0x000154dc       0x87 ./src/ap/ap.o
 .debug_macro   0x00015563      0x240 ./src/ap/ap.o
 .debug_macro   0x000157a3      0x140 ./src/ap/ap.o
 .debug_macro   0x000158e3      0x1ef ./src/ap/ap.o
 .debug_macro   0x00015ad2       0xeb ./src/ap/ap.o
 .debug_macro   0x00015bbd      0x28e ./src/ap/ap.o
 .debug_macro   0x00015e4b       0xb7 ./src/ap/ap.o
 .debug_macro   0x00015f02      0x242 ./src/ap/ap.o
 .debug_macro   0x00016144       0x83 ./src/ap/ap.o
 .debug_macro   0x000161c7       0x3a ./src/ap/ap.o
 .debug_macro   0x00016201       0x10 ./src/ap/ap.o
 .debug_macro   0x00016211      0x2e6 ./src/bsp/bsp.o
 .debug_macro   0x000164f7       0x10 ./src/bsp/bsp.o
 .debug_macro   0x00016507      0x32f ./src/bsp/stm32f1xx_hal_msp.o
 .debug_macro   0x00016836      0x339 ./src/bsp/stm32f1xx_it.o
 .debug_macro   0x00016b6f       0xd4 ./src/bsp/system_stm32f1xx.o
 .debug_macro   0x00016c43       0x8e ./src/bsp/system_stm32f1xx.o
 .debug_macro   0x00016cd1       0x51 ./src/bsp/system_stm32f1xx.o
 .debug_macro   0x00016d22      0x165 ./src/common/core/qbuffer.o
 .debug_macro   0x00016e87      0x2dc ./src/hw/driver/flash.o
 .debug_macro   0x00017163      0x2dc ./src/hw/driver/led.o
 .debug_macro   0x0001743f      0x2e0 ./src/hw/driver/reset.o
 .debug_macro   0x0001771f      0x2d6 ./src/hw/driver/rtc.o
 .debug_macro   0x000179f5      0x2f0 ./src/hw/driver/uart.o
 .debug_macro   0x00017ce5      0x3b4 ./src/hw/driver/usb.o
 .debug_macro   0x00018099       0x16 ./src/hw/driver/usb.o
 .debug_macro   0x000180af       0x20 ./src/hw/driver/usb.o
 .debug_macro   0x000180cf       0x10 ./src/hw/driver/usb.o
 .debug_macro   0x000180df       0x60 ./src/hw/driver/usb.o
 .debug_macro   0x0001813f      0x1c8 ./src/hw/driver/usb.o
 .debug_macro   0x00018307      0x31b ./src/hw/hw.o
 .debug_macro   0x00018622      0x1e5 ./src/lib/cube_f103/Drivers/STM32F1xx_HAL_Driver/Src/stm32f1xx_hal.o
 .debug_macro   0x00018807       0x5c ./src/lib/cube_f103/Drivers/STM32F1xx_HAL_Driver/Src/stm32f1xx_hal.o
 .debug_macro   0x00018863      0x1c1 ./src/lib/cube_f103/Drivers/STM32F1xx_HAL_Driver/Src/stm32f1xx_hal_cortex.o
 .debug_macro   0x00018a24      0x1c1 ./src/lib/cube_f103/Drivers/STM32F1xx_HAL_Driver/Src/stm32f1xx_hal_dma.o
 .debug_macro   0x00018be5      0x22c ./src/lib/cube_f103/Drivers/STM32F1xx_HAL_Driver/Src/stm32f1xx_hal_gpio.o
 .debug_macro   0x00018e11      0x1cd ./src/lib/cube_f103/Drivers/STM32F1xx_HAL_Driver/Src/stm32f1xx_hal_pcd.o
 .debug_macro   0x00018fde      0x1c1 ./src/lib/cube_f103/Drivers/STM32F1xx_HAL_Driver/Src/stm32f1xx_hal_pcd_ex.o
 .debug_macro   0x0001919f      0x221 ./src/lib/cube_f103/Drivers/STM32F1xx_HAL_Driver/Src/stm32f1xx_hal_pwr.o
 .debug_macro   0x000193c0      0x1d3 ./src/lib/cube_f103/Drivers/STM32F1xx_HAL_Driver/Src/stm32f1xx_hal_rcc.o
 .debug_macro   0x00019593      0x1c1 ./src/lib/cube_f103/Drivers/STM32F1xx_HAL_Driver/Src/stm32f1xx_hal_rcc_ex.o
 .debug_macro   0x00019754      0x1d0 ./src/lib/cube_f103/Drivers/STM32F1xx_HAL_Driver/Src/stm32f1xx_hal_rtc.o
 .debug_macro   0x00019924      0x1c1 ./src/lib/cube_f103/Drivers/STM32F1xx_HAL_Driver/Src/stm32f1xx_hal_rtc_ex.o
 .debug_macro   0x00019ae5      0x1c2 ./src/lib/cube_f103/Drivers/STM32F1xx_HAL_Driver/Src/stm32f1xx_hal_uart.o
 .debug_macro   0x00019ca7      0x1c1 ./src/lib/cube_f103/Drivers/STM32F1xx_HAL_Driver/Src/stm32f1xx_ll_usb.o
 .debug_macro   0x00019e68      0x3ec ./src/lib/cube_f103/Middlewares/ST/STM32_USB_Device_Library/Class/CDC/Src/usbd_cdc.o
 .debug_macro   0x0001a254       0x8f ./src/lib/cube_f103/Middlewares/ST/STM32_USB_Device_Library/Class/CDC/Src/usbd_cdc.o
 .debug_macro   0x0001a2e3      0x3d3 ./src/lib/cube_f103/Middlewares/ST/STM32_USB_Device_Library/Core/Src/usbd_core.o
 .debug_macro   0x0001a6b6      0x1ce ./src/lib/cube_f103/Middlewares/ST/STM32_USB_Device_Library/Core/Src/usbd_core.o
 .debug_macro   0x0001a884      0x3dd ./src/lib/cube_f103/Middlewares/ST/STM32_USB_Device_Library/Core/Src/usbd_ctlreq.o
 .debug_macro   0x0001ac61      0x3d9 ./src/lib/cube_f103/Middlewares/ST/STM32_USB_Device_Library/Core/Src/usbd_ioreq.o
 .debug_macro   0x0001b03a      0x412 ./src/lib/cube_f103/USB_DEVICE/App/usb_device.o
 .debug_macro   0x0001b44c       0x61 ./src/lib/cube_f103/USB_DEVICE/App/usb_device.o
 .debug_macro   0x0001b4ad       0x22 ./src/lib/cube_f103/USB_DEVICE/App/usb_device.o
 .debug_macro   0x0001b4cf       0x22 ./src/lib/cube_f103/USB_DEVICE/App/usb_device.o
 .debug_macro   0x0001b4f1      0x3f7 ./src/lib/cube_f103/USB_DEVICE/App/usbd_cdc_if.o
 .debug_macro   0x0001b8e8       0x1c ./src/lib/cube_f103/USB_DEVICE/App/usbd_cdc_if.o
 .debug_macro   0x0001b904      0x410 ./src/lib/cube_f103/USB_DEVICE/App/usbd_desc.o
 .debug_macro   0x0001bd14       0x1c ./src/lib/cube_f103/USB_DEVICE/App/usbd_desc.o
 .debug_macro   0x0001bd30      0x3f6 ./src/lib/cube_f103/USB_DEVICE/Target/usbd_conf.o
 .debug_macro   0x0001c126      0x32f ./src/main.o

.debug_line     0x00000000    0x2251a
 .debug_line    0x00000000      0xae8 ./src/ap/ap.o
 .debug_line    0x00000ae8      0xbe9 ./src/bsp/bsp.o
 .debug_line    0x000016d1      0xb38 ./src/bsp/stm32f1xx_hal_msp.o
 .debug_line    0x00002209      0xc3e ./src/bsp/stm32f1xx_it.o
 .debug_line    0x00002e47      0x5e8 ./src/bsp/system_stm32f1xx.o
 .debug_line    0x0000342f       0x76 ./src/bsp/startup/startup_stm32f103c8tx.o
 .debug_line    0x000034a5      0x721 ./src/common/core/qbuffer.o
 .debug_line    0x00003bc6      0xc97 ./src/hw/driver/flash.o
 .debug_line    0x0000485d      0xb3f ./src/hw/driver/led.o
 .debug_line    0x0000539c      0xab3 ./src/hw/driver/reset.o
 .debug_line    0x00005e4f      0xb28 ./src/hw/driver/rtc.o
 .debug_line    0x00006977      0xe06 ./src/hw/driver/uart.o
 .debug_line    0x0000777d      0xcc6 ./src/hw/driver/usb.o
 .debug_line    0x00008443      0xab6 ./src/hw/hw.o
 .debug_line    0x00008ef9      0xb9e ./src/lib/cube_f103/Drivers/STM32F1xx_HAL_Driver/Src/stm32f1xx_hal.o
 .debug_line    0x00009a97      0xd37 ./src/lib/cube_f103/Drivers/STM32F1xx_HAL_Driver/Src/stm32f1xx_hal_cortex.o
 .debug_line    0x0000a7ce     0x10f6 ./src/lib/cube_f103/Drivers/STM32F1xx_HAL_Driver/Src/stm32f1xx_hal_dma.o
 .debug_line    0x0000b8c4      0xc2a ./src/lib/cube_f103/Drivers/STM32F1xx_HAL_Driver/Src/stm32f1xx_hal_gpio.o
 .debug_line    0x0000c4ee     0x1a3a ./src/lib/cube_f103/Drivers/STM32F1xx_HAL_Driver/Src/stm32f1xx_hal_pcd.o
 .debug_line    0x0000df28      0x906 ./src/lib/cube_f103/Drivers/STM32F1xx_HAL_Driver/Src/stm32f1xx_hal_pcd_ex.o
 .debug_line    0x0000e82e      0xae8 ./src/lib/cube_f103/Drivers/STM32F1xx_HAL_Driver/Src/stm32f1xx_hal_pwr.o
 .debug_line    0x0000f316     0x1219 ./src/lib/cube_f103/Drivers/STM32F1xx_HAL_Driver/Src/stm32f1xx_hal_rcc.o
 .debug_line    0x0001052f      0xb06 ./src/lib/cube_f103/Drivers/STM32F1xx_HAL_Driver/Src/stm32f1xx_hal_rcc_ex.o
 .debug_line    0x00011035     0x16d8 ./src/lib/cube_f103/Drivers/STM32F1xx_HAL_Driver/Src/stm32f1xx_hal_rtc.o
 .debug_line    0x0001270d      0xdc5 ./src/lib/cube_f103/Drivers/STM32F1xx_HAL_Driver/Src/stm32f1xx_hal_rtc_ex.o
 .debug_line    0x000134d2     0x46f1 ./src/lib/cube_f103/Drivers/STM32F1xx_HAL_Driver/Src/stm32f1xx_hal_uart.o
 .debug_line    0x00017bc3     0x1d47 ./src/lib/cube_f103/Drivers/STM32F1xx_HAL_Driver/Src/stm32f1xx_ll_usb.o
 .debug_line    0x0001990a     0x11dd ./src/lib/cube_f103/Middlewares/ST/STM32_USB_Device_Library/Class/CDC/Src/usbd_cdc.o
 .debug_line    0x0001aae7     0x1181 ./src/lib/cube_f103/Middlewares/ST/STM32_USB_Device_Library/Core/Src/usbd_core.o
 .debug_line    0x0001bc68     0x12a7 ./src/lib/cube_f103/Middlewares/ST/STM32_USB_Device_Library/Core/Src/usbd_ctlreq.o
 .debug_line    0x0001cf0f      0xda0 ./src/lib/cube_f103/Middlewares/ST/STM32_USB_Device_Library/Core/Src/usbd_ioreq.o
 .debug_line    0x0001dcaf      0xd78 ./src/lib/cube_f103/USB_DEVICE/App/usb_device.o
 .debug_line    0x0001ea27     0x1038 ./src/lib/cube_f103/USB_DEVICE/App/usbd_cdc_if.o
 .debug_line    0x0001fa5f      0xe53 ./src/lib/cube_f103/USB_DEVICE/App/usbd_desc.o
 .debug_line    0x000208b2     0x1183 ./src/lib/cube_f103/USB_DEVICE/Target/usbd_conf.o
 .debug_line    0x00021a35      0xae5 ./src/main.o

.debug_str      0x00000000    0x89e18
 .debug_str     0x00000000    0x84460 ./src/ap/ap.o
                              0x847dd (size before relaxing)
 .debug_str     0x00084460      0x349 ./src/bsp/bsp.o
                              0x84a43 (size before relaxing)
 .debug_str     0x000847a9       0x66 ./src/bsp/stm32f1xx_hal_msp.o
                              0x84831 (size before relaxing)
 .debug_str     0x0008480f      0x7c4 ./src/bsp/stm32f1xx_it.o