Archive member included to satisfy reference by file (symbol)

C:/ST/STM32CubeIDE_1.16.0/STM32CubeIDE/plugins/com.st.stm32cube.ide.mcu.externaltools.gnu-tools-for-stm32.12.3.rel1.win32_1.0.200.202406191623/tools/bin/../lib/gcc/arm-none-eabi/12.3.1/../../../../arm-none-eabi/lib/thumb/v7-m/nofp\libc_nano.a(libc_a-exit.o)
                              C:/ST/STM32CubeIDE_1.16.0/STM32CubeIDE/plugins/com.st.stm32cube.ide.mcu.externaltools.gnu-tools-for-stm32.12.3.rel1.win32_1.0.200.202406191623/tools/bin/../lib/gcc/arm-none-eabi/12.3.1/../../../../arm-none-eabi/lib/thumb/v7-m/nofp/crt0.o (exit)
C:/ST/STM32CubeIDE_1.16.0/STM32CubeIDE/plugins/com.st.stm32cube.ide.mcu.externaltools.gnu-tools-for-stm32.12.3.rel1.win32_1.0.200.202406191623/tools/bin/../lib/gcc/arm-none-eabi/12.3.1/../../../../arm-none-eabi/lib/thumb/v7-m/nofp\libc_nano.a(libc_a-findfp.o)
                              C:/ST/STM32CubeIDE_1.16.0/STM32CubeIDE/plugins/com.st.stm32cube.ide.mcu.externaltools.gnu-tools-for-stm32.12.3.rel1.win32_1.0.200.202406191623/tools/bin/../lib/gcc/arm-none-eabi/12.3.1/../../../../arm-none-eabi/lib/thumb/v7-m/nofp\libc_nano.a(libc_a-exit.o) (__stdio_exit_handler)
C:/ST/STM32CubeIDE_1.16.0/STM32CubeIDE/plugins/com.st.stm32cube.ide.mcu.externaltools.gnu-tools-for-stm32.12.3.rel1.win32_1.0.200.202406191623/tools/bin/../lib/gcc/arm-none-eabi/12.3.1/../../../../arm-none-eabi/lib/thumb/v7-m/nofp\libc_nano.a(libc_a-fwalk.o)
                              C:/ST/STM32CubeIDE_1.16.0/STM32CubeIDE/plugins/com.st.stm32cube.ide.mcu.externaltools.gnu-tools-for-stm32.12.3.rel1.win32_1.0.200.202406191623/tools/bin/../lib/gcc/arm-none-eabi/12.3.1/../../../../arm-none-eabi/lib/thumb/v7-m/nofp\libc_nano.a(libc_a-findfp.o) (_fwalk_sglue)
C:/ST/STM32CubeIDE_1.16.0/STM32CubeIDE/plugins/com.st.stm32cube.ide.mcu.externaltools.gnu-tools-for-stm32.12.3.rel1.win32_1.0.200.202406191623/tools/bin/../lib/gcc/arm-none-eabi/12.3.1/../../../../arm-none-eabi/lib/thumb/v7-m/nofp\libc_nano.a(libc_a-stdio.o)
                              C:/ST/STM32CubeIDE_1.16.0/STM32CubeIDE/plugins/com.st.stm32cube.ide.mcu.externaltools.gnu-tools-for-stm32.12.3.rel1.win32_1.0.200.202406191623/tools/bin/../lib/gcc/arm-none-eabi/12.3.1/../../../../arm-none-eabi/lib/thumb/v7-m/nofp\libc_nano.a(libc_a-findfp.o) (__sread)
C:/ST/STM32CubeIDE_1.16.0/STM32CubeIDE/plugins/com.st.stm32cube.ide.mcu.externaltools.gnu-tools-for-stm32.12.3.rel1.win32_1.0.200.202406191623/tools/bin/../lib/gcc/arm-none-eabi/12.3.1/../../../../arm-none-eabi/lib/thumb/v7-m/nofp\libc_nano.a(libc_a-vsnprintf.o)
                              ./src/hw/driver/uart.o (vsnprintf)
C:/ST/STM32CubeIDE_1.16.0/STM32CubeIDE/plugins/com.st.stm32cube.ide.mcu.externaltools.gnu-tools-for-stm32.12.3.rel1.win32_1.0.200.202406191623/tools/bin/../lib/gcc/arm-none-eabi/12.3.1/../../../../arm-none-eabi/lib/thumb/v7-m/nofp\libc_nano.a(libc_a-memset.o)
                              C:/ST/STM32CubeIDE_1.16.0/STM32CubeIDE/plugins/com.st.stm32cube.ide.mcu.externaltools.gnu-tools-for-stm32.12.3.rel1.win32_1.0.200.202406191623/tools/bin/../lib/gcc/arm-none-eabi/12.3.1/../../../../arm-none-eabi/lib/thumb/v7-m/nofp/crt0.o (memset)
C:/ST/STM32CubeIDE_1.16.0/STM32CubeIDE/plugins/com.st.stm32cube.ide.mcu.externaltools.gnu-tools-for-stm32.12.3.rel1.win32_1.0.200.202406191623/tools/bin/../lib/gcc/arm-none-eabi/12.3.1/../../../../arm-none-eabi/lib/thumb/v7-m/nofp\libc_nano.a(libc_a-closer.o)
                              C:/ST/STM32CubeIDE_1.16.0/STM32CubeIDE/plugins/com.st.stm32cube.ide.mcu.externaltools.gnu-tools-for-stm32.12.3.rel1.win32_1.0.200.202406191623/tools/bin/../lib/gcc/arm-none-eabi/12.3.1/../../../../arm-none-eabi/lib/thumb/v7-m/nofp\libc_nano.a(libc_a-stdio.o) (_close_r)
C:/ST/STM32CubeIDE_1.16.0/STM32CubeIDE/plugins/com.st.stm32cube.ide.mcu.externaltools.gnu-tools-for-stm32.12.3.rel1.win32_1.0.200.202406191623/tools/bin/../lib/gcc/arm-none-eabi/12.3.1/../../../../arm-none-eabi/lib/thumb/v7-m/nofp\libc_nano.a(libc_a-reent.o)
                              C:/ST/STM32CubeIDE_1.16.0/STM32CubeIDE/plugins/com.st.stm32cube.ide.mcu.externaltools.gnu-tools-for-stm32.12.3.rel1.win32_1.0.200.202406191623/tools/bin/../lib/gcc/arm-none-eabi/12.3.1/../../../../arm-none-eabi/lib/thumb/v7-m/nofp\libc_nano.a(libc_a-closer.o) (errno)
C:/ST/STM32CubeIDE_1.16.0/STM32CubeIDE/plugins/com.st.stm32cube.ide.mcu.externaltools.gnu-tools-for-stm32.12.3.rel1.win32_1.0.200.202406191623/tools/bin/../lib/gcc/arm-none-eabi/12.3.1/../../../../arm-none-eabi/lib/thumb/v7-m/nofp\libc_nano.a(libc_a-impure.o)
                              C:/ST/STM32CubeIDE_1.16.0/STM32CubeIDE/plugins/com.st.stm32cube.ide.mcu.externaltools.gnu-tools-for-stm32.12.3.rel1.win32_1.0.200.202406191623/tools/bin/../lib/gcc/arm-none-eabi/12.3.1/../../../../arm-none-eabi/lib/thumb/v7-m/nofp\libc_nano.a(libc_a-vsnprintf.o) (_impure_ptr)
[...]
Memory Configuration

Name             Origin             Length             Attributes
RAM              0x20000000         0x00005000         xrw
ROM              0x08005000         0x0000b000         xr
*default*        0x00000000         0xffffffff

Linker script and memory map

LOAD C:/ST/STM32CubeIDE_1.16.0/STM32CubeIDE/plugins/com.st.stm32cube.ide.mcu.externaltools.gnu-tools-for-stm32.12.3.rel1.win32_1.0.200.202406191623/tools/bin/../lib/gcc/arm-none-eabi/12.3.1/thumb/v7-m/nofp/crti.o
LOAD C:/ST/STM32CubeIDE_1.16.0/STM32CubeIDE/plugins/com.st.stm32cube.ide.mcu.externaltools.gnu-tools-for-stm32.12.3.rel1.win32_1.0.200.202406191623/tools/bin/../lib/gcc/arm-none-eabi/12.3.1/thumb/v7-m/nofp/crtbegin.o
LOAD C:/ST/STM32CubeIDE_1.16.0/STM32CubeIDE/plugins/com.st.stm32cube.ide.mcu.externaltools.gnu-tools-for-stm32.12.3.rel1.win32_1.0.200.202406191623/tools/bin/../lib/gcc/arm-none-eabi/12.3.1/../../../../arm-none-eabi/lib/thumb/v7-m/nofp/crt0.o
LOAD ./src/ap/ap.o
LOAD ./src/bsp/bsp.o
LOAD ./src/bsp/stm32f1xx_hal_msp.o
LOAD ./src/bsp/stm32f1xx_it.o
LOAD ./src/bsp/syscalls.o
LOAD ./src/bsp/sysmem.o
LOAD ./src/bsp/system_stm32f1xx.o
LOAD ./src/bsp/startup/startup_stm32f103c8tx.o
LOAD ./src/common/core/qbuffer.o
LOAD ./src/hw/driver/cdc.o
LOAD ./src/hw/driver/flash.o
LOAD ./src/hw/driver/led.o
LOAD ./src/hw/driver/reset.o
LOAD ./src/hw/driver/rtc.o
LOAD ./src/hw/driver/uart.o
LOAD ./src/hw/driver/usb.o
LOAD ./src/hw/hw.o
LOAD ./src/lib/cube_f103/Drivers/STM32F1xx_HAL_Driver/Src/stm32f1xx_hal.o
LOAD ./src/lib/cube_f103/Drivers/STM32F1xx_HAL_Driver/Src/stm32f1xx_hal_cortex.o
LOAD ./src/lib/cube_f103/Drivers/STM32F1xx_HAL_Driver/Src/stm32f1xx_hal_dma.o
LOAD ./src/lib/cube_f103/Drivers/STM32F1xx_HAL_Driver/Src/stm32f1xx_hal_exti.o
LOAD ./src/lib/cube_f103/Drivers/STM32F1xx_HAL_Driver/Src/stm32f1xx_hal_flash.o
LOAD ./src/lib/cube_f103/Drivers/STM32F1xx_HAL_Driver/Src/stm32f1xx_hal_flash_ex.o
LOAD ./src/lib/cube_f103/Drivers/STM32F1xx_HAL_Driver/Src/stm32f1xx_hal_gpio.o
LOAD ./src/lib/cube_f103/Drivers/STM32F1xx_HAL_Driver/Src/stm32f1xx_hal_gpio_ex.o
LOAD ./src/lib/cube_f103/Drivers/STM32F1xx_HAL_Driver/Src/stm32f1xx_hal_pcd.o
LOAD ./src/lib/cube_f103/Drivers/STM32F1xx_HAL_Driver/Src/stm32f1xx_hal_pcd_ex.o
LOAD ./src/lib/cube_f103/Drivers/STM32F1xx_HAL_Driver/Src/stm32f1xx_hal_pwr.o
LOAD ./src/lib/cube_f103/Drivers/STM32F1xx_HAL_Driver/Src/stm32f1xx_hal_rcc.o
LOAD ./src/lib/cube_f103/Drivers/STM32F1xx_HAL_Driver/Src/stm32f1xx_hal_rcc_ex.o
LOAD ./src/lib/cube_f103/Drivers/STM32F1xx_HAL_Driver/Src/stm32f1xx_hal_rtc.o
LOAD ./src/lib/cube_f103/Drivers/STM32F1xx_HAL_Driver/Src/stm32f1xx_hal_rtc_ex.o
LOAD ./src/lib/cube_f103/Drivers/STM32F1xx_HAL_Driver/Src/stm32f1xx_hal_tim.o
LOAD ./src/lib/cube_f103/Drivers/STM32F1xx_HAL_Driver/Src/stm32f1xx_hal_tim_ex.o
LOAD ./src/lib/cube_f103/Drivers/STM32F1xx_HAL_Driver/Src/stm32f1xx_hal_uart.o
LOAD ./src/lib/cube_f103/Drivers/STM32F1xx_HAL_Driver/Src/stm32f1xx_ll_usb.o
LOAD ./src/lib/cube_f103/Middlewares/ST/STM32_USB_Device_Library/Class/CDC/Src/usbd_cdc.o
LOAD ./src/lib/cube_f103/Middlewares/ST/STM32_USB_Device_Library/Core/Src/usbd_core.o
LOAD ./src/lib/cube_f103/Middlewares/ST/STM32_USB_Device_Library/Core/Src/usbd_ctlreq.o
LOAD ./src/lib/cube_f103/Middlewares/ST/STM32_USB_Device_Library/Core/Src/usbd_ioreq.o
LOAD ./src/lib/cube_f103/USB_DEVICE/App/usb_device.o
LOAD ./src/lib/cube_f103/USB_DEVICE/App/usbd_cdc_if.o
LOAD ./src/lib/cube_f103/USB_DEVICE/App/usbd_desc.o
LOAD ./src/lib/cube_f103/USB_DEVICE/Target/usbd_conf.o
LOAD ./src/main.o
START GROUP
LOAD C:/ST/STM32CubeIDE_1.16.0/STM32CubeIDE/plugins/com.st.stm32cube.ide.mcu.externaltools.gnu-tools-for-stm32.12.3.rel1.win32_1.0.200.202406191623/tools/bin/../lib/gcc/arm-none-eabi/12.3.1/../../../../arm-none-eabi/lib/thumb/v7-m/nofp\libc_nano.a
LOAD C:/ST/STM32CubeIDE_1.16.0/STM32CubeIDE/plugins/com.st.stm32cube.ide.mcu.externaltools.gnu-tools-for-stm32.12.3.rel1.win32_1.0.200.202406191623/tools/bin/../lib/gcc/arm-none-eabi/12.3.1/../../../../arm-none-eabi/lib/thumb/v7-m/nofp\libm.a
END GROUP
START GROUP
LOAD C:/ST/STM32CubeIDE_1.16.0/STM32CubeIDE/plugins/com.st.stm32cube.ide.mcu.externaltools.gnu-tools-for-stm32.12.3.rel1.win32_1.0.200.202406191623/tools/bin/../lib/gcc/arm-none-eabi/12.3.1/thumb/v7-m/nofp\libgcc.a
LOAD C:/ST/STM32CubeIDE_1.16.0/STM32CubeIDE/plugins/com.st.stm32cube.ide.mcu.externaltools.gnu-tools-for-stm32.12.3.rel1.win32_1.0.200.202406191623/tools/bin/../lib/gcc/arm-none-eabi/12.3.1/../../../../arm-none-eabi/lib/thumb/v7-m/nofp\libc_nano.a
END GROUP
START GROUP
LOAD C:/ST/STM32CubeIDE_1.16.0/STM32CubeIDE/plugins/com.st.stm32cube.ide.mcu.externaltools.gnu-tools-for-stm32.12.3.rel1.win32_1.0.200.202406191623/tools/bin/../lib/gcc/arm-none-eabi/12.3.1/thumb/v7-m/nofp\libgcc.a
LOAD C:/ST/STM32CubeIDE_1.16.0/STM32CubeIDE/plugins/com.st.stm32cube.ide.mcu.externaltools.gnu-tools-for-stm32.12.3.rel1.win32_1.0.200.202406191623/tools/bin/../lib/gcc/arm-none-eabi/12.3.1/../../../../arm-none-eabi/lib/thumb/v7-m/nofp\libc_nano.a
LOAD C:/ST/STM32CubeIDE_1.16.0/STM32CubeIDE/plugins/com.st.stm32cube.ide.mcu.externaltools.gnu-tools-for-stm32.12.3.rel1.win32_1.0.200.202406191623/tools/bin/../lib/gcc/arm-none-eabi/12.3.1/../../../../arm-none-eabi/lib/thumb/v7-m/nofp\libnosys.a
END GROUP
START GROUP
LOAD C:/ST/STM32CubeIDE_1.16.0/STM32CubeIDE/plugins/com.st.stm32cube.ide.mcu.externaltools.gnu-tools-for-stm32.12.3.rel1.win32_1.0.200.202406191623/tools/bin/../lib/gcc/arm-none-eabi/12.3.1/thumb/v7-m/nofp\libgcc.a
LOAD C:/ST/STM32CubeIDE_1.16.0/STM32CubeIDE/plugins/com.st.stm32cube.ide.mcu.externaltools.gnu-tools-for-stm32.12.3.rel1.win32_1.0.200.202406191623/tools/bin/../lib/gcc/arm-none-eabi/12.3.1/../../../../arm-none-eabi/lib/thumb/v7-m/nofp\libc_nano.a
LOAD C:/ST/STM32CubeIDE_1.16.0/STM32CubeIDE/plugins/com.st.stm32cube.ide.mcu.externaltools.gnu-tools-for-stm32.12.3.rel1.win32_1.0.200.202406191623/tools/bin/../lib/gcc/arm-none-eabi/12.3.1/../../../../arm-none-eabi/lib/thumb/v7-m/nofp\libnosys.a
END GROUP
LOAD C:/ST/STM32CubeIDE_1.16.0/STM32CubeIDE/plugins/com.st.stm32cube.ide.mcu.externaltools.gnu-tools-for-stm32.12.3.rel1.win32_1.0.200.202406191623/tools/bin/../lib/gcc/arm-none-eabi/12.3.1/thumb/v7-m/nofp/crtend.o
LOAD C:/ST/STM32CubeIDE_1.16.0/STM32CubeIDE/plugins/com.st.stm32cube.ide.mcu.externaltools.gnu-tools-for-stm32.12.3.rel1.win32_1.0.200.202406191623/tools/bin/../lib/gcc/arm-none-eabi/12.3.1/thumb/v7-m/nofp/crtn.o
                0x20005000                        _estack = (ORIGIN (RAM) + LENGTH (RAM))
                0x00000200                        _Min_Heap_Size = 0x200
                0x00000400                        _Min_Stack_Size = 0x400

.isr_vector     0x08005000      0x10c
                0x08005000                        . = ALIGN (0x4)
 *(.isr_vector)
 .isr_vector    0x08005000      0x10c ./src/bsp/startup/startup_stm32f103c8tx.o
                0x08005000                g_pfnVectors
                0x0800510c                        . = ALIGN (0x4)

.text           0x0800510c     0x4258
                0x0800510c                        . = ALIGN (0x4)
 *(.text)
 .text          0x0800510c       0x40 C:/ST/STM32CubeIDE_1.16.0/STM32CubeIDE/plugins/com.st.stm32cube.ide.mcu.externaltools.gnu-tools-for-stm32.12.3.rel1.win32_1.0.200.202406191623/tools/bin/../lib/gcc/arm-none-eabi/12.3.1/thumb/v7-m/nofp/crtbegin.o
 .text          0x0800514c       0x10 C:/ST/STM32CubeIDE_1.16.0/STM32CubeIDE/plugins/com.st.stm32cube.ide.mcu.externaltools.gnu-tools-for-stm32.12.3.rel1.win32_1.0.200.202406191623/tools/bin/../lib/gcc/arm-none-eabi/12.3.1/../../../../arm-none-eabi/lib/thumb/v7-m/nofp\libc_nano.a(libc_a-strlen.o)
                0x0800514c                strlen
 *(.text*)
 .text.apInit   0x0800515c       0x1a ./src/ap/ap.o
                0x0800515c                apInit
 .text.apMain   0x08005176       0x22 ./src/ap/ap.o
                0x08005176                apMain
 .text.delay    0x08005198        0x4 ./src/bsp/bsp.o
                0x08005198                delay
 .text.millis   0x0800519c        0x4 ./src/bsp/bsp.o
                0x0800519c                millis
 .text.SystemClock_Config
                0x080051a0       0x86 ./src/bsp/bsp.o
                0x080051a0                SystemClock_Config
 *fill*         0x08005226        0x2 
 .text.bspInit  0x08005228       0x64 ./src/bsp/bsp.o
                0x08005228                bspInit
 .text.Error_Handler
                0x0800528c        0x4 ./src/bsp/bsp.o
                0x0800528c                Error_Handler
 .text.HAL_MspInit
                0x08005290       0x44 ./src/bsp/stm32f1xx_hal_msp.o
                0x08005290                HAL_MspInit
 .text.NMI_Handler
                0x080052d4        0x2 ./src/bsp/stm32f1xx_it.o
                0x080052d4                NMI_Handler
 .text.HardFault_Handler
                0x080052d6        0x2 ./src/bsp/stm32f1xx_it.o
                0x080052d6                HardFault_Handler
 .text.MemManage_Handler
                0x080052d8        0x2 ./src/bsp/stm32f1xx_it.o
                0x080052d8                MemManage_Handler
 .text.BusFault_Handler
                0x080052da        0x2 ./src/bsp/stm32f1xx_it.o
                0x080052da                BusFault_Handler
 .text.UsageFault_Handler
                0x080052dc        0x2 ./src/bsp/stm32f1xx_it.o
                0x080052dc                UsageFault_Handler
 .text.SVC_Handler
                0x080052de        0x2 ./src/bsp/stm32f1xx_it.o
                0x080052de                SVC_Handler
 .text.DebugMon_Handler
                0x080052e0        0x2 ./src/bsp/stm32f1xx_it.o
                0x080052e0                DebugMon_Handler
 .text.PendSV_Handler
                0x080052e2        0x2 ./src/bsp/stm32f1xx_it.o
                0x080052e2                PendSV_Handler
 .text.SysTick_Handler
                0x080052e4        0x4 ./src/bsp/stm32f1xx_it.o
                0x080052e4                SysTick_Handler
 .text.DMA1_Channel5_IRQHandler
                0x080052e8        0xc ./src/bsp/stm32f1xx_it.o
                0x080052e8                DMA1_Channel5_IRQHandler
 .text.USB_LP_CAN1_RX0_IRQHandler
                0x080052f4        0xc ./src/bsp/stm32f1xx_it.o
                0x080052f4                USB_LP_CAN1_RX0_IRQHandler
 .text.USART1_IRQHandler
                0x08005300        0xc ./src/bsp/stm32f1xx_it.o
                0x08005300                USART1_IRQHandler
 .text.SystemInit
                0x0800530c       0x10 ./src/bsp/system_stm32f1xx.o
                0x0800530c                SystemInit
 .text.Reset_Handler
                0x0800531c       0x48 ./src/bsp/startup/startup_stm32f103c8tx.o
                0x0800531c                Reset_Handler
 .text.Default_Handler
                0x08005364        0x2 ./src/bsp/startup/startup_stm32f103c8tx.o
                0x08005364                RTC_Alarm_IRQHandler
                0x08005364                EXTI2_IRQHandler
                0x08005364                TIM1_CC_IRQHandler
                0x08005364                PVD_IRQHandler
                0x08005364                EXTI3_IRQHandler
                0x08005364                EXTI0_IRQHandler
                0x08005364                I2C2_EV_IRQHandler
                0x08005364                ADC1_2_IRQHandler
                0x08005364                SPI1_IRQHandler
                0x08005364                TAMPER_IRQHandler
                0x08005364                DMA1_Channel4_IRQHandler
                0x08005364                USART3_IRQHandler
                0x08005364                RTC_IRQHandler
                0x08005364                DMA1_Channel7_IRQHandler
                0x08005364                CAN1_RX1_IRQHandler
                0x08005364                TIM4_IRQHandler
                0x08005364                I2C1_EV_IRQHandler
                0x08005364                DMA1_Channel6_IRQHandler
                0x08005364                TIM3_IRQHandler
                0x08005364                RCC_IRQHandler
                0x08005364                TIM1_TRG_COM_IRQHandler
                0x08005364                DMA1_Channel1_IRQHandler
                0x08005364                Default_Handler
                0x08005364                EXTI15_10_IRQHandler
                0x08005364                EXTI9_5_IRQHandler
                0x08005364                SPI2_IRQHandler
                0x08005364                EXTI4_IRQHandler
                0x08005364                USB_HP_CAN1_TX_IRQHandler
                0x08005364                DMA1_Channel3_IRQHandler
                0x08005364                TIM1_UP_IRQHandler
                0x08005364                WWDG_IRQHandler
                0x08005364                TIM2_IRQHandler
                0x08005364                TIM1_BRK_IRQHandler
                0x08005364                EXTI1_IRQHandler
                0x08005364                USART2_IRQHandler
                0x08005364                I2C2_ER_IRQHandler
                0x08005364                DMA1_Channel2_IRQHandler
                0x08005364                CAN1_SCE_IRQHandler
                0x08005364                FLASH_IRQHandler
                0x08005364                I2C1_ER_IRQHandler
                0x08005364                USBWakeUp_IRQHandler
 .text.qbufferCreate
                0x08005366        0xe ./src/common/core/qbuffer.o
                0x08005366                qbufferCreate
 .text.flashInit
                0x08005374       0x28 ./src/hw/driver/flash.o
                0x08005374                flashInit
 .text.ledOff.part.0
                0x0800539c       0x10 ./src/hw/driver/led.o
 .text.ledInit  0x080053ac       0x60 ./src/hw/driver/led.o
                0x080053ac                ledInit
 .text.ledToggle
                0x0800540c       0x14 ./src/hw/driver/led.o
                0x0800540c                ledToggle
 .text.resetInit
                0x08005420       0x38 ./src/hw/driver/reset.o
                0x08005420                resetInit
 .text.rtcInit  0x08005458       0x48 ./src/hw/driver/rtc.o
                0x08005458                rtcInit
 .text.rtcBackupRegRead
                0x080054a0        0xc ./src/hw/driver/rtc.o
                0x080054a0                rtcBackupRegRead
 .text.rtcBackupRegWrite
                0x080054ac       0x10 ./src/hw/driver/rtc.o
                0x080054ac                rtcBackupRegWrite
 .text.HAL_RTC_MspInit
                0x080054bc       0x3c ./src/hw/driver/rtc.o
                0x080054bc                HAL_RTC_MspInit
 .text.HAL_UART_MspDeInit.part.0
                0x080054f8       0x30 ./src/hw/driver/uart.o
 .text.uartInit
                0x08005528        0x4 ./src/hw/driver/uart.o
                0x08005528                uartInit
 .text.uartOpen
                0x0800552c       0xac ./src/hw/driver/uart.o
                0x0800552c                uartOpen
 .text.HAL_UART_ErrorCallback
                0x080055d8        0x2 ./src/hw/driver/uart.o
                0x080055d8                HAL_UART_ErrorCallback
 .text.HAL_UART_RxCpltCallback
                0x080055da        0x2 ./src/hw/driver/uart.o
                0x080055da                HAL_UART_RxCpltCallback
 .text.HAL_UART_MspInit
                0x080055dc       0xb8 ./src/hw/driver/uart.o
                0x080055dc                HAL_UART_MspInit
 .text.usbInit  0x08005694       0x50 ./src/hw/driver/usb.o
                0x08005694                usbInit
 .text.hwInit   0x080056e4       0x22 ./src/hw/hw.o
                0x080056e4                hwInit
 *fill*         0x08005706        0x2 
 .text.HAL_InitTick
                0x08005708       0x48 ./src/lib/cube_f103/Drivers/STM32F1xx_HAL_Driver/Src/stm32f1xx_hal.o
                0x08005708                HAL_InitTick
 .text.HAL_Init
                0x08005750       0x24 ./src/lib/cube_f103/Drivers/STM32F1xx_HAL_Driver/Src/stm32f1xx_hal.o
                0x08005750                HAL_Init
 .text.HAL_IncTick
                0x08005774       0x18 ./src/lib/cube_f103/Drivers/STM32F1xx_HAL_Driver/Src/stm32f1xx_hal.o
                0x08005774                HAL_IncTick
 .text.HAL_GetTick
                0x0800578c        0xc ./src/lib/cube_f103/Drivers/STM32F1xx_HAL_Driver/Src/stm32f1xx_hal.o
                0x0800578c                HAL_GetTick
 .text.HAL_Delay
                0x08005798       0x24 ./src/lib/cube_f103/Drivers/STM32F1xx_HAL_Driver/Src/stm32f1xx_hal.o
                0x08005798                HAL_Delay
 .text.HAL_NVIC_SetPriorityGrouping
                0x080057bc       0x24 ./src/lib/cube_f103/Drivers/STM32F1xx_HAL_Driver/Src/stm32f1xx_hal_cortex.o
                0x080057bc                HAL_NVIC_SetPriorityGrouping
 .text.HAL_NVIC_SetPriority
                0x080057e0       0x60 ./src/lib/cube_f103/Drivers/STM32F1xx_HAL_Driver/Src/stm32f1xx_hal_cortex.o
                0x080057e0                HAL_NVIC_SetPriority
 .text.HAL_NVIC_EnableIRQ
                0x08005840       0x1c ./src/lib/cube_f103/Drivers/STM32F1xx_HAL_Driver/Src/stm32f1xx_hal_cortex.o
                0x08005840                HAL_NVIC_EnableIRQ
 .text.HAL_NVIC_DisableIRQ
                0x0800585c       0x24 ./src/lib/cube_f103/Drivers/STM32F1xx_HAL_Driver/Src/stm32f1xx_hal_cortex.o
                0x0800585c                HAL_NVIC_DisableIRQ
 .text.HAL_SYSTICK_Config
                0x08005880       0x28 ./src/lib/cube_f103/Drivers/STM32F1xx_HAL_Driver/Src/stm32f1xx_hal_cortex.o
                0x08005880                HAL_SYSTICK_Config
 .text.HAL_DMA_Init
                0x080058a8       0x64 ./src/lib/cube_f103/Drivers/STM32F1xx_HAL_Driver/Src/stm32f1xx_hal_dma.o
                0x080058a8                HAL_DMA_Init
 .text.HAL_DMA_DeInit
                0x0800590c       0x54 ./src/lib/cube_f103/Drivers/STM32F1xx_HAL_Driver/Src/stm32f1xx_hal_dma.o
                0x0800590c                HAL_DMA_DeInit
 .text.HAL_DMA_Start_IT
                0x08005960       0x78 ./src/lib/cube_f103/Drivers/STM32F1xx_HAL_Driver/Src/stm32f1xx_hal_dma.o
                0x08005960                HAL_DMA_Start_IT
 .text.HAL_DMA_Abort
                0x080059d8       0x3e ./src/lib/cube_f103/Drivers/STM32F1xx_HAL_Driver/Src/stm32f1xx_hal_dma.o
                0x080059d8                HAL_DMA_Abort
 *fill*         0x08005a16        0x2 
 .text.HAL_DMA_Abort_IT
                0x08005a18       0x8c ./src/lib/cube_f103/Drivers/STM32F1xx_HAL_Driver/Src/stm32f1xx_hal_dma.o
                0x08005a18                HAL_DMA_Abort_IT
 .text.HAL_DMA_IRQHandler
                0x08005aa4      0x128 ./src/lib/cube_f103/Drivers/STM32F1xx_HAL_Driver/Src/stm32f1xx_hal_dma.o
                0x08005aa4                HAL_DMA_IRQHandler
 .text.HAL_GPIO_Init
                0x08005bcc      0x1b0 ./src/lib/cube_f103/Drivers/STM32F1xx_HAL_Driver/Src/stm32f1xx_hal_gpio.o
                0x08005bcc                HAL_GPIO_Init
 .text.HAL_GPIO_DeInit
                0x08005d7c       0xdc ./src/lib/cube_f103/Drivers/STM32F1xx_HAL_Driver/Src/stm32f1xx_hal_gpio.o
                0x08005d7c                HAL_GPIO_DeInit
 .text.HAL_GPIO_WritePin
                0x08005e58        0xa ./src/lib/cube_f103/Drivers/STM32F1xx_HAL_Driver/Src/stm32f1xx_hal_gpio.o
                0x08005e58                HAL_GPIO_WritePin
 .text.HAL_GPIO_TogglePin
                0x08005e62       0x12 ./src/lib/cube_f103/Drivers/STM32F1xx_HAL_Driver/Src/stm32f1xx_hal_gpio.o
                0x08005e62                HAL_GPIO_TogglePin
 .text.HAL_PCD_Init
                0x08005e74       0xc6 ./src/lib/cube_f103/Drivers/STM32F1xx_HAL_Driver/Src/stm32f1xx_hal_pcd.o
                0x08005e74                HAL_PCD_Init
 .text.HAL_PCD_Start
                0x08005f3a       0x32 ./src/lib/cube_f103/Drivers/STM32F1xx_HAL_Driver/Src/stm32f1xx_hal_pcd.o
                0x08005f3a                HAL_PCD_Start
 .text.HAL_PCD_SetAddress
                0x08005f6c       0x26 ./src/lib/cube_f103/Drivers/STM32F1xx_HAL_Driver/Src/stm32f1xx_hal_pcd.o
                0x08005f6c                HAL_PCD_SetAddress
 *fill*         0x08005f92        0x2 
 .text.HAL_PCD_IRQHandler
                0x08005f94      0xa08 ./src/lib/cube_f103/Drivers/STM32F1xx_HAL_Driver/Src/stm32f1xx_hal_pcd.o
                0x08005f94                HAL_PCD_IRQHandler
 .text.HAL_PCD_EP_Open
                0x0800699c       0x60 ./src/lib/cube_f103/Drivers/STM32F1xx_HAL_Driver/Src/stm32f1xx_hal_pcd.o
                0x0800699c                HAL_PCD_EP_Open
 .text.HAL_PCD_EP_Close
                0x080069fc       0x50 ./src/lib/cube_f103/Drivers/STM32F1xx_HAL_Driver/Src/stm32f1xx_hal_pcd.o
                0x080069fc                HAL_PCD_EP_Close
 .text.HAL_PCD_EP_Receive
                0x08006a4c       0x2e ./src/lib/cube_f103/Drivers/STM32F1xx_HAL_Driver/Src/stm32f1xx_hal_pcd.o
                0x08006a4c                HAL_PCD_EP_Receive
 .text.HAL_PCD_EP_GetRxCount
                0x08006a7a       0x10 ./src/lib/cube_f103/Drivers/STM32F1xx_HAL_Driver/Src/stm32f1xx_hal_pcd.o
                0x08006a7a                HAL_PCD_EP_GetRxCount
 .text.HAL_PCD_EP_Transmit
                0x08006a8a       0x30 ./src/lib/cube_f103/Drivers/STM32F1xx_HAL_Driver/Src/stm32f1xx_hal_pcd.o
                0x08006a8a                HAL_PCD_EP_Transmit
 .text.HAL_PCD_EP_SetStall
                0x08006aba       0x6c ./src/lib/cube_f103/Drivers/STM32F1xx_HAL_Driver/Src/stm32f1xx_hal_pcd.o
                0x08006aba                HAL_PCD_EP_SetStall
 .text.HAL_PCD_EP_ClrStall
                0x08006b26       0x64 ./src/lib/cube_f103/Drivers/STM32F1xx_HAL_Driver/Src/stm32f1xx_hal_pcd.o
                0x08006b26                HAL_PCD_EP_ClrStall
 .text.HAL_PCDEx_PMAConfig
                0x08006b8a       0x32 ./src/lib/cube_f103/Drivers/STM32F1xx_HAL_Driver/Src/stm32f1xx_hal_pcd_ex.o
                0x08006b8a                HAL_PCDEx_PMAConfig
 .text.HAL_PWR_EnableBkUpAccess
                0x08006bbc        0xc ./src/lib/cube_f103/Drivers/STM32F1xx_HAL_Driver/Src/stm32f1xx_hal_pwr.o
                0x08006bbc                HAL_PWR_EnableBkUpAccess
 .text.HAL_RCC_OscConfig
                0x08006bc8      0x338 ./src/lib/cube_f103/Drivers/STM32F1xx_HAL_Driver/Src/stm32f1xx_hal_rcc.o
                0x08006bc8                HAL_RCC_OscConfig
 .text.HAL_RCC_GetSysClockFreq
                0x08006f00       0x4c ./src/lib/cube_f103/Drivers/STM32F1xx_HAL_Driver/Src/stm32f1xx_hal_rcc.o
                0x08006f00                HAL_RCC_GetSysClockFreq
 .text.HAL_RCC_ClockConfig
                0x08006f4c      0x138 ./src/lib/cube_f103/Drivers/STM32F1xx_HAL_Driver/Src/stm32f1xx_hal_rcc.o
                0x08006f4c                HAL_RCC_ClockConfig
 .text.HAL_RCC_GetPCLK1Freq
                0x08007084       0x20 ./src/lib/cube_f103/Drivers/STM32F1xx_HAL_Driver/Src/stm32f1xx_hal_rcc.o
                0x08007084                HAL_RCC_GetPCLK1Freq
 .text.HAL_RCC_GetPCLK2Freq
                0x080070a4       0x20 ./src/lib/cube_f103/Drivers/STM32F1xx_HAL_Driver/Src/stm32f1xx_hal_rcc.o
                0x080070a4                HAL_RCC_GetPCLK2Freq
 .text.HAL_RCCEx_PeriphCLKConfig
                0x080070c4       0xf4 ./src/lib/cube_f103/Drivers/STM32F1xx_HAL_Driver/Src/stm32f1xx_hal_rcc_ex.o
                0x080070c4                HAL_RCCEx_PeriphCLKConfig
 .text.HAL_RCCEx_GetPeriphCLKFreq
                0x080071b8       0xbc ./src/lib/cube_f103/Drivers/STM32F1xx_HAL_Driver/Src/stm32f1xx_hal_rcc_ex.o
                0x080071b8                HAL_RCCEx_GetPeriphCLKFreq
 .text.RTC_EnterInitMode
                0x08007274       0x2e ./src/lib/cube_f103/Drivers/STM32F1xx_HAL_Driver/Src/stm32f1xx_hal_rtc.o
 .text.RTC_ExitInitMode
                0x080072a2       0x30 ./src/lib/cube_f103/Drivers/STM32F1xx_HAL_Driver/Src/stm32f1xx_hal_rtc.o
 .text.HAL_RTC_WaitForSynchro
                0x080072d2       0x36 ./src/lib/cube_f103/Drivers/STM32F1xx_HAL_Driver/Src/stm32f1xx_hal_rtc.o
                0x080072d2                HAL_RTC_WaitForSynchro
 .text.HAL_RTC_Init
                0x08007308       0x8c ./src/lib/cube_f103/Drivers/STM32F1xx_HAL_Driver/Src/stm32f1xx_hal_rtc.o
                0x08007308                HAL_RTC_Init
 .text.HAL_RTCEx_BKUPWrite
                0x08007394       0x10 ./src/lib/cube_f103/Drivers/STM32F1xx_HAL_Driver/Src/stm32f1xx_hal_rtc_ex.o
                0x08007394                HAL_RTCEx_BKUPWrite
 .text.HAL_RTCEx_BKUPRead
                0x080073a4       0x10 ./src/lib/cube_f103/Drivers/STM32F1xx_HAL_Driver/Src/stm32f1xx_hal_rtc_ex.o
                0x080073a4                HAL_RTCEx_BKUPRead
 .text.UART_EndRxTransfer
                0x080073b4       0x5c ./src/lib/cube_f103/Drivers/STM32F1xx_HAL_Driver/Src/stm32f1xx_hal_uart.o
 .text.UART_SetConfig
                0x08007410       0x74 ./src/lib/cube_f103/Drivers/STM32F1xx_HAL_Driver/Src/stm32f1xx_hal_uart.o
 .text.HAL_UART_Init
                0x08007484       0x5e ./src/lib/cube_f103/Drivers/STM32F1xx_HAL_Driver/Src/stm32f1xx_hal_uart.o
                0x08007484                HAL_UART_Init
 .text.HAL_UART_TxCpltCallback
                0x080074e2        0x2 ./src/lib/cube_f103/Drivers/STM32F1xx_HAL_Driver/Src/stm32f1xx_hal_uart.o
                0x080074e2                HAL_UART_TxCpltCallback
 .text.HAL_UART_RxHalfCpltCallback
                0x080074e4        0x2 ./src/lib/cube_f103/Drivers/STM32F1xx_HAL_Driver/Src/stm32f1xx_hal_uart.o
                0x080074e4                HAL_UART_RxHalfCpltCallback
 .text.UART_DMAError
                0x080074e6       0x5a ./src/lib/cube_f103/Drivers/STM32F1xx_HAL_Driver/Src/stm32f1xx_hal_uart.o
 .text.UART_DMAAbortOnError
                0x08007540       0x10 ./src/lib/cube_f103/Drivers/STM32F1xx_HAL_Driver/Src/stm32f1xx_hal_uart.o
 .text.HAL_UARTEx_RxEventCallback
                0x08007550        0x2 ./src/lib/cube_f103/Drivers/STM32F1xx_HAL_Driver/Src/stm32f1xx_hal_uart.o
                0x08007550                HAL_UARTEx_RxEventCallback
 .text.UART_DMARxHalfCplt
                0x08007552       0x1e ./src/lib/cube_f103/Drivers/STM32F1xx_HAL_Driver/Src/stm32f1xx_hal_uart.o
 .text.UART_DMAReceiveCplt
                0x08007570       0x98 ./src/lib/cube_f103/Drivers/STM32F1xx_HAL_Driver/Src/stm32f1xx_hal_uart.o
 .text.UART_Receive_IT.isra.0
                0x08007608       0xb6 ./src/lib/cube_f103/Drivers/STM32F1xx_HAL_Driver/Src/stm32f1xx_hal_uart.o
 *fill*         0x080076be        0x2 
 .text.HAL_UART_IRQHandler
                0x080076c0      0x294 ./src/lib/cube_f103/Drivers/STM32F1xx_HAL_Driver/Src/stm32f1xx_hal_uart.o
                0x080076c0                HAL_UART_IRQHandler
 .text.UART_Start_Receive_DMA
                0x08007954       0x98 ./src/lib/cube_f103/Drivers/STM32F1xx_HAL_Driver/Src/stm32f1xx_hal_uart.o
                0x08007954                UART_Start_Receive_DMA
 .text.HAL_UART_Receive_DMA
                0x080079ec       0x22 ./src/lib/cube_f103/Drivers/STM32F1xx_HAL_Driver/Src/stm32f1xx_hal_uart.o
                0x080079ec                HAL_UART_Receive_DMA
 .text.USB_CoreInit
                0x08007a0e        0xe ./src/lib/cube_f103/Drivers/STM32F1xx_HAL_Driver/Src/stm32f1xx_ll_usb.o
                0x08007a0e                USB_CoreInit
 .text.USB_EnableGlobalInt
                0x08007a1c       0x12 ./src/lib/cube_f103/Drivers/STM32F1xx_HAL_Driver/Src/stm32f1xx_ll_usb.o
                0x08007a1c                USB_EnableGlobalInt
 .text.USB_DisableGlobalInt
                0x08007a2e       0x14 ./src/lib/cube_f103/Drivers/STM32F1xx_HAL_Driver/Src/stm32f1xx_ll_usb.o
                0x08007a2e                USB_DisableGlobalInt
 .text.USB_SetCurrentMode
                0x08007a42        0x4 ./src/lib/cube_f103/Drivers/STM32F1xx_HAL_Driver/Src/stm32f1xx_ll_usb.o
                0x08007a42                USB_SetCurrentMode
 .text.USB_DevInit
                0x08007a46       0x22 ./src/lib/cube_f103/Drivers/STM32F1xx_HAL_Driver/Src/stm32f1xx_ll_usb.o
                0x08007a46                USB_DevInit
 .text.USB_ActivateEndpoint
                0x08007a68      0x2c0 ./src/lib/cube_f103/Drivers/STM32F1xx_HAL_Driver/Src/stm32f1xx_ll_usb.o
                0x08007a68                USB_ActivateEndpoint
 .text.USB_DeactivateEndpoint
                0x08007d28      0x1a6 ./src/lib/cube_f103/Drivers/STM32F1xx_HAL_Driver/Src/stm32f1xx_ll_usb.o
                0x08007d28                USB_DeactivateEndpoint
 .text.USB_EPSetStall
                0x08007ece       0x40 ./src/lib/cube_f103/Drivers/STM32F1xx_HAL_Driver/Src/stm32f1xx_ll_usb.o
                0x08007ece                USB_EPSetStall
 .text.USB_EPClearStall
                0x08007f0e       0x92 ./src/lib/cube_f103/Drivers/STM32F1xx_HAL_Driver/Src/stm32f1xx_ll_usb.o
                0x08007f0e                USB_EPClearStall
 .text.USB_SetDevAddress
                0x08007fa0        0xc ./src/lib/cube_f103/Drivers/STM32F1xx_HAL_Driver/Src/stm32f1xx_ll_usb.o
                0x08007fa0                USB_SetDevAddress
 .text.USB_DevConnect
                0x08007fac        0x4 ./src/lib/cube_f103/Drivers/STM32F1xx_HAL_Driver/Src/stm32f1xx_ll_usb.o
                0x08007fac                USB_DevConnect
 .text.USB_DevDisconnect
                0x08007fb0        0x4 ./src/lib/cube_f103/Drivers/STM32F1xx_HAL_Driver/Src/stm32f1xx_ll_usb.o
                0x08007fb0                USB_DevDisconnect
 .text.USB_ReadInterrupts
                0x08007fb4        0x8 ./src/lib/cube_f103/Drivers/STM32F1xx_HAL_Driver/Src/stm32f1xx_ll_usb.o
                0x08007fb4                USB_ReadInterrupts
 .text.USB_EP0_OutStart
                0x08007fbc        0x4 ./src/lib/cube_f103/Drivers/STM32F1xx_HAL_Driver/Src/stm32f1xx_ll_usb.o
                0x08007fbc                USB_EP0_OutStart
 .text.USB_WritePMA
                0x08007fc0       0x20 ./src/lib/cube_f103/Drivers/STM32F1xx_HAL_Driver/Src/stm32f1xx_ll_usb.o
                0x08007fc0                USB_WritePMA
 .text.USB_EPStartXfer
                0x08007fe0      0x46a ./src/lib/cube_f103/Drivers/STM32F1xx_HAL_Driver/Src/stm32f1xx_ll_usb.o
                0x08007fe0                USB_EPStartXfer
 .text.USB_ReadPMA
                0x0800844a       0x38 ./src/lib/cube_f103/Drivers/STM32F1xx_HAL_Driver/Src/stm32f1xx_ll_usb.o
                0x0800844a                USB_ReadPMA
 .text.USBD_CDC_EP0_RxReady
                0x08008482       0x28 ./src/lib/cube_f103/Middlewares/ST/STM32_USB_Device_Library/Class/CDC/Src/usbd_cdc.o
 *fill*         0x080084aa        0x2 
 .text.USBD_CDC_GetFSCfgDesc
                0x080084ac        0xc ./src/lib/cube_f103/Middlewares/ST/STM32_USB_Device_Library/Class/CDC/Src/usbd_cdc.o
 .text.USBD_CDC_GetHSCfgDesc
                0x080084b8        0xc ./src/lib/cube_f103/Middlewares/ST/STM32_USB_Device_Library/Class/CDC/Src/usbd_cdc.o
 .text.USBD_CDC_GetOtherSpeedCfgDesc
                0x080084c4        0xc ./src/lib/cube_f103/Middlewares/ST/STM32_USB_Device_Library/Class/CDC/Src/usbd_cdc.o
 .text.USBD_CDC_DataOut
                0x080084d0       0x2e ./src/lib/cube_f103/Middlewares/ST/STM32_USB_Device_Library/Class/CDC/Src/usbd_cdc.o
 .text.USBD_CDC_DataIn
                0x080084fe       0x40 ./src/lib/cube_f103/Middlewares/ST/STM32_USB_Device_Library/Class/CDC/Src/usbd_cdc.o
 .text.USBD_CDC_Setup
                0x0800853e       0xa2 ./src/lib/cube_f103/Middlewares/ST/STM32_USB_Device_Library/Class/CDC/Src/usbd_cdc.o
 .text.USBD_CDC_DeInit
                0x080085e0       0x42 ./src/lib/cube_f103/Middlewares/ST/STM32_USB_Device_Library/Class/CDC/Src/usbd_cdc.o
 .text.USBD_CDC_Init
                0x08008622       0x8c ./src/lib/cube_f103/Middlewares/ST/STM32_USB_Device_Library/Class/CDC/Src/usbd_cdc.o
 .text.USBD_CDC_RegisterInterface
                0x080086ae        0xe ./src/lib/cube_f103/Middlewares/ST/STM32_USB_Device_Library/Class/CDC/Src/usbd_cdc.o
                0x080086ae                USBD_CDC_RegisterInterface
 .text.USBD_CDC_SetTxBuffer
                0x080086bc       0x10 ./src/lib/cube_f103/Middlewares/ST/STM32_USB_Device_Library/Class/CDC/Src/usbd_cdc.o
                0x080086bc                USBD_CDC_SetTxBuffer
 .text.USBD_CDC_SetRxBuffer
                0x080086cc        0xc ./src/lib/cube_f103/Middlewares/ST/STM32_USB_Device_Library/Class/CDC/Src/usbd_cdc.o
                0x080086cc                USBD_CDC_SetRxBuffer
 .text.USBD_CDC_ReceivePacket
                0x080086d8       0x26 ./src/lib/cube_f103/Middlewares/ST/STM32_USB_Device_Library/Class/CDC/Src/usbd_cdc.o
                0x080086d8                USBD_CDC_ReceivePacket
 .text.USBD_Init
                0x080086fe       0x2a ./src/lib/cube_f103/Middlewares/ST/STM32_USB_Device_Library/Core/Src/usbd_core.o
                0x080086fe                USBD_Init
 .text.USBD_RegisterClass
                0x08008728        0xe ./src/lib/cube_f103/Middlewares/ST/STM32_USB_Device_Library/Core/Src/usbd_core.o
                0x08008728                USBD_RegisterClass
 .text.USBD_Start
                0x08008736        0xa ./src/lib/cube_f103/Middlewares/ST/STM32_USB_Device_Library/Core/Src/usbd_core.o
                0x08008736                USBD_Start
 .text.USBD_SetClassConfig
                0x08008740       0x1a ./src/lib/cube_f103/Middlewares/ST/STM32_USB_Device_Library/Core/Src/usbd_core.o
                0x08008740                USBD_SetClassConfig
 .text.USBD_ClrClassConfig
                0x0800875a        0xe ./src/lib/cube_f103/Middlewares/ST/STM32_USB_Device_Library/Core/Src/usbd_core.o
                0x0800875a                USBD_ClrClassConfig
 .text.USBD_LL_SetupStage
                0x08008768       0x5a ./src/lib/cube_f103/Middlewares/ST/STM32_USB_Device_Library/Core/Src/usbd_core.o
                0x08008768                USBD_LL_SetupStage
 .text.USBD_LL_DataOutStage
                0x080087c2       0x70 ./src/lib/cube_f103/Middlewares/ST/STM32_USB_Device_Library/Core/Src/usbd_core.o
                0x080087c2                USBD_LL_DataOutStage
 .text.USBD_LL_DataInStage
                0x08008832       0xb8 ./src/lib/cube_f103/Middlewares/ST/STM32_USB_Device_Library/Core/Src/usbd_core.o
                0x08008832                USBD_LL_DataInStage
 .text.USBD_LL_Reset
                0x080088ea       0x4e ./src/lib/cube_f103/Middlewares/ST/STM32_USB_Device_Library/Core/Src/usbd_core.o
                0x080088ea                USBD_LL_Reset
 .text.USBD_LL_SetSpeed
                0x08008938        0x6 ./src/lib/cube_f103/Middlewares/ST/STM32_USB_Device_Library/Core/Src/usbd_core.o
                0x08008938                USBD_LL_SetSpeed
 .text.USBD_LL_Suspend
                0x0800893e       0x12 ./src/lib/cube_f103/Middlewares/ST/STM32_USB_Device_Library/Core/Src/usbd_core.o
                0x0800893e                USBD_LL_Suspend
 .text.USBD_LL_Resume
                0x08008950       0x14 ./src/lib/cube_f103/Middlewares/ST/STM32_USB_Device_Library/Core/Src/usbd_core.o
                0x08008950                USBD_LL_Resume
 .text.USBD_LL_SOF
                0x08008964       0x18 ./src/lib/cube_f103/Middlewares/ST/STM32_USB_Device_Library/Core/Src/usbd_core.o
                0x08008964                USBD_LL_SOF
 .text.USBD_CtlError.constprop.0
                0x0800897c       0x16 ./src/lib/cube_f103/Middlewares/ST/STM32_USB_Device_Library/Core/Src/usbd_ctlreq.o
 *fill*         0x08008992        0x2 
 .text.USBD_StdDevReq
                0x08008994      0x250 ./src/lib/cube_f103/Middlewares/ST/STM32_USB_Device_Library/Core/Src/usbd_ctlreq.o
                0x08008994                USBD_StdDevReq
 .text.USBD_StdItfReq
                0x08008be4       0x48 ./src/lib/cube_f103/Middlewares/ST/STM32_USB_Device_Library/Core/Src/usbd_ctlreq.o
                0x08008be4                USBD_StdItfReq
 .text.USBD_StdEPReq
                0x08008c2c      0x110 ./src/lib/cube_f103/Middlewares/ST/STM32_USB_Device_Library/Core/Src/usbd_ctlreq.o
                0x08008c2c                USBD_StdEPReq
 .text.USBD_ParseSetupRequest
                0x08008d3c       0x16 ./src/lib/cube_f103/Middlewares/ST/STM32_USB_Device_Library/Core/Src/usbd_ctlreq.o
                0x08008d3c                USBD_ParseSetupRequest
 .text.USBD_CtlError
                0x08008d52       0x16 ./src/lib/cube_f103/Middlewares/ST/STM32_USB_Device_Library/Core/Src/usbd_ctlreq.o
                0x08008d52                USBD_CtlError
 .text.USBD_GetString
                0x08008d68       0x38 ./src/lib/cube_f103/Middlewares/ST/STM32_USB_Device_Library/Core/Src/usbd_ctlreq.o
                0x08008d68                USBD_GetString
 .text.USBD_CtlSendData
                0x08008da0       0x1a ./src/lib/cube_f103/Middlewares/ST/STM32_USB_Device_Library/Core/Src/usbd_ioreq.o
                0x08008da0                USBD_CtlSendData
 .text.USBD_CtlContinueSendData
                0x08008dba       0x10 ./src/lib/cube_f103/Middlewares/ST/STM32_USB_Device_Library/Core/Src/usbd_ioreq.o
                0x08008dba                USBD_CtlContinueSendData
 .text.USBD_CtlPrepareRx
                0x08008dca       0x1a ./src/lib/cube_f103/Middlewares/ST/STM32_USB_Device_Library/Core/Src/usbd_ioreq.o
                0x08008dca                USBD_CtlPrepareRx
 .text.USBD_CtlContinueRx
                0x08008de4       0x10 ./src/lib/cube_f103/Middlewares/ST/STM32_USB_Device_Library/Core/Src/usbd_ioreq.o
                0x08008de4                USBD_CtlContinueRx
 .text.USBD_CtlSendStatus
                0x08008df4       0x16 ./src/lib/cube_f103/Middlewares/ST/STM32_USB_Device_Library/Core/Src/usbd_ioreq.o
                0x08008df4                USBD_CtlSendStatus
 .text.USBD_CtlReceiveStatus
                0x08008e0a       0x16 ./src/lib/cube_f103/Middlewares/ST/STM32_USB_Device_Library/Core/Src/usbd_ioreq.o
                0x08008e0a                USBD_CtlReceiveStatus
 .text.MX_USB_DEVICE_Init
                0x08008e20       0x50 ./src/lib/cube_f103/USB_DEVICE/App/usb_device.o
                0x08008e20                MX_USB_DEVICE_Init
 .text.CDC_DeInit_FS
                0x08008e70        0x4 ./src/lib/cube_f103/USB_DEVICE/App/usbd_cdc_if.o
 .text.CDC_Control_FS
                0x08008e74       0x60 ./src/lib/cube_f103/USB_DEVICE/App/usbd_cdc_if.o
 .text.CDC_Init_FS
                0x08008ed4       0x28 ./src/lib/cube_f103/USB_DEVICE/App/usbd_cdc_if.o
 .text.cdcAvailable
                0x08008efc       0x24 ./src/lib/cube_f103/USB_DEVICE/App/usbd_cdc_if.o
                0x08008efc                cdcAvailable
 .text.cdcDataIn
                0x08008f20       0x34 ./src/lib/cube_f103/USB_DEVICE/App/usbd_cdc_if.o
                0x08008f20                cdcDataIn
 .text.CDC_Receive_FS
                0x08008f54       0x50 ./src/lib/cube_f103/USB_DEVICE/App/usbd_cdc_if.o
 .text.USBD_CDC_SOF
                0x08008fa4       0x30 ./src/lib/cube_f103/USB_DEVICE/App/usbd_cdc_if.o
                0x08008fa4                USBD_CDC_SOF
 .text.USBD_FS_DeviceDescriptor
                0x08008fd4        0xc ./src/lib/cube_f103/USB_DEVICE/App/usbd_desc.o
                0x08008fd4                USBD_FS_DeviceDescriptor
 .text.USBD_FS_LangIDStrDescriptor
                0x08008fe0        0xc ./src/lib/cube_f103/USB_DEVICE/App/usbd_desc.o
                0x08008fe0                USBD_FS_LangIDStrDescriptor
 .text.IntToUnicode
                0x08008fec       0x2a ./src/lib/cube_f103/USB_DEVICE/App/usbd_desc.o
 *fill*         0x08009016        0x2 
 .text.USBD_FS_SerialStrDescriptor
                0x08009018       0x3c ./src/lib/cube_f103/USB_DEVICE/App/usbd_desc.o
                0x08009018                USBD_FS_SerialStrDescriptor
 .text.USBD_FS_ManufacturerStrDescriptor
                0x08009054       0x1c ./src/lib/cube_f103/USB_DEVICE/App/usbd_desc.o
                0x08009054                USBD_FS_ManufacturerStrDescriptor
 .text.USBD_FS_ProductStrDescriptor
                0x08009070       0x1c ./src/lib/cube_f103/USB_DEVICE/App/usbd_desc.o
                0x08009070                USBD_FS_ProductStrDescriptor
 .text.USBD_FS_ConfigStrDescriptor
                0x0800908c       0x1c ./src/lib/cube_f103/USB_DEVICE/App/usbd_desc.o
                0x0800908c                USBD_FS_ConfigStrDescriptor
 .text.USBD_FS_InterfaceStrDescriptor
                0x080090a8       0x1c ./src/lib/cube_f103/USB_DEVICE/App/usbd_desc.o
                0x080090a8                USBD_FS_InterfaceStrDescriptor
 .text.USBD_Get_USB_Status
                0x080090c4        0xc ./src/lib/cube_f103/USB_DEVICE/Target/usbd_conf.o
 .text.HAL_PCD_MspInit
                0x080090d0       0x40 ./src/lib/cube_f103/USB_DEVICE/Target/usbd_conf.o
                0x080090d0                HAL_PCD_MspInit
 .text.HAL_PCD_SetupStageCallback
                0x08009110        0xc ./src/lib/cube_f103/USB_DEVICE/Target/usbd_conf.o
                0x08009110                HAL_PCD_SetupStageCallback
 .text.HAL_PCD_DataOutStageCallback
                0x0800911c       0x12 ./src/lib/cube_f103/USB_DEVICE/Target/usbd_conf.o
                0x0800911c                HAL_PCD_DataOutStageCallback
 .text.HAL_PCD_DataInStageCallback
                0x0800912e       0x10 ./src/lib/cube_f103/USB_DEVICE/Target/usbd_conf.o
                0x0800912e                HAL_PCD_DataInStageCallback
 .text.HAL_PCD_SOFCallback
                0x0800913e        0x8 ./src/lib/cube_f103/USB_DEVICE/Target/usbd_conf.o
                0x0800913e                HAL_PCD_SOFCallback
 .text.HAL_PCD_ResetCallback
                0x08009146       0x24 ./src/lib/cube_f103/USB_DEVICE/Target/usbd_conf.o
                0x08009146                HAL_PCD_ResetCallback
 *fill*         0x0800916a        0x2 
 .text.HAL_PCD_SuspendCallback
                0x0800916c       0x20 ./src/lib/cube_f103/USB_DEVICE/Target/usbd_conf.o
                0x0800916c                HAL_PCD_SuspendCallback
 .text.HAL_PCD_ResumeCallback
                0x0800918c        0x8 ./src/lib/cube_f103/USB_DEVICE/Target/usbd_conf.o
                0x0800918c                HAL_PCD_ResumeCallback
 .text.USBD_LL_Init
                0x08009194       0x80 ./src/lib/cube_f103/USB_DEVICE/Target/usbd_conf.o
                0x08009194                USBD_LL_Init
 .text.USBD_LL_Start
                0x08009214       0x12 ./src/lib/cube_f103/USB_DEVICE/Target/usbd_conf.o
                0x08009214                USBD_LL_Start
 .text.USBD_LL_OpenEP
                0x08009226       0x18 ./src/lib/cube_f103/USB_DEVICE/Target/usbd_conf.o
                0x08009226                USBD_LL_OpenEP
 .text.USBD_LL_CloseEP
                0x0800923e       0x12 ./src/lib/cube_f103/USB_DEVICE/Target/usbd_conf.o
                0x0800923e                USBD_LL_CloseEP
 .text.USBD_LL_StallEP
                0x08009250       0x12 ./src/lib/cube_f103/USB_DEVICE/Target/usbd_conf.o
                0x08009250                USBD_LL_StallEP
 .text.USBD_LL_ClearStallEP
                0x08009262       0x12 ./src/lib/cube_f103/USB_DEVICE/Target/usbd_conf.o
                0x08009262                USBD_LL_ClearStallEP
 .text.USBD_LL_IsStallEP
                0x08009274       0x22 ./src/lib/cube_f103/USB_DEVICE/Target/usbd_conf.o
                0x08009274                USBD_LL_IsStallEP
 .text.USBD_LL_SetUSBAddress
                0x08009296       0x12 ./src/lib/cube_f103/USB_DEVICE/Target/usbd_conf.o
                0x08009296                USBD_LL_SetUSBAddress
 .text.USBD_LL_Transmit
                0x080092a8       0x12 ./src/lib/cube_f103/USB_DEVICE/Target/usbd_conf.o
                0x080092a8                USBD_LL_Transmit
 .text.USBD_LL_PrepareReceive
                0x080092ba       0x12 ./src/lib/cube_f103/USB_DEVICE/Target/usbd_conf.o
                0x080092ba                USBD_LL_PrepareReceive
 .text.USBD_LL_GetRxDataSize
                0x080092cc        0x8 ./src/lib/cube_f103/USB_DEVICE/Target/usbd_conf.o
                0x080092cc                USBD_LL_GetRxDataSize
 .text.USBD_static_malloc
                0x080092d4        0x8 ./src/lib/cube_f103/USB_DEVICE/Target/usbd_conf.o
                0x080092d4                USBD_static_malloc
 .text.USBD_static_free
                0x080092dc        0x2 ./src/lib/cube_f103/USB_DEVICE/Target/usbd_conf.o
                0x080092dc                USBD_static_free
 .text.HAL_PCDEx_SetConnectionState
                0x080092de        0x2 ./src/lib/cube_f103/USB_DEVICE/Target/usbd_conf.o
                0x080092de                HAL_PCDEx_SetConnectionState
 .text.startup.main
                0x080092e0       0x12 ./src/main.o
                0x080092e0                main
 .text.memset   0x080092f2       0x10 C:/ST/STM32CubeIDE_1.16.0/STM32CubeIDE/plugins/com.st.stm32cube.ide.mcu.externaltools.gnu-tools-for-stm32.12.3.rel1.win32_1.0.200.202406191623/tools/bin/../lib/gcc/arm-none-eabi/12.3.1/../../../../arm-none-eabi/lib/thumb/v7-m/nofp\libc_nano.a(libc_a-memset.o)
                0x080092f2                memset
 *fill*         0x08009302        0x2 
 .text.__libc_init_array
                0x08009304       0x48 C:/ST/STM32CubeIDE_1.16.0/STM32CubeIDE/plugins/com.st.stm32cube.ide.mcu.externaltools.gnu-tools-for-stm32.12.3.rel1.win32_1.0.200.202406191623/tools/bin/../lib/gcc/arm-none-eabi/12.3.1/../../../../arm-none-eabi/lib/thumb/v7-m/nofp\libc_nano.a(libc_a-init.o)
                0x08009304                __libc_init_array
 *(.glue_7)
 .glue_7        0x0800934c        0x0 linker stubs
 *(.glue_7t)
 .glue_7t       0x0800934c        0x0 linker stubs
 *(.eh_frame)
 .eh_frame      0x0800934c        0x0 C:/ST/STM32CubeIDE_1.16.0/STM32CubeIDE/plugins/com.st.stm32cube.ide.mcu.externaltools.gnu-tools-for-stm32.12.3.rel1.win32_1.0.200.202406191623/tools/bin/../lib/gcc/arm-none-eabi/12.3.1/thumb/v7-m/nofp/crtbegin.o
 *(.init)
 .init          0x0800934c        0x4 C:/ST/STM32CubeIDE_1.16.0/STM32CubeIDE/plugins/com.st.stm32cube.ide.mcu.externaltools.gnu-tools-for-stm32.12.3.rel1.win32_1.0.200.202406191623/tools/bin/../lib/gcc/arm-none-eabi/12.3.1/thumb/v7-m/nofp/crti.o
                0x0800934c                _init
 .init          0x08009350        0x8 C:/ST/STM32CubeIDE_1.16.0/STM32CubeIDE/plugins/com.st.stm32cube.ide.mcu.externaltools.gnu-tools-for-stm32.12.3.rel1.win32_1.0.200.202406191623/tools/bin/../lib/gcc/arm-none-eabi/12.3.1/thumb/v7-m/nofp/crtn.o
 *(.fini)
 .fini          0x08009358        0x4 C:/ST/STM32CubeIDE_1.16.0/STM32CubeIDE/plugins/com.st.stm32cube.ide.mcu.externaltools.gnu-tools-for-stm32.12.3.rel1.win32_1.0.200.202406191623/tools/bin/../lib/gcc/arm-none-eabi/12.3.1/thumb/v7-m/nofp/crti.o
                0x08009358                _fini
 .fini          0x0800935c        0x8 C:/ST/STM32CubeIDE_1.16.0/STM32CubeIDE/plugins/com.st.stm32cube.ide.mcu.externaltools.gnu-tools-for-stm32.12.3.rel1.win32_1.0.200.202406191623/tools/bin/../lib/gcc/arm-none-eabi/12.3.1/thumb/v7-m/nofp/crtn.o
                0x08009364                        . = ALIGN (0x4)
                0x08009364                        _etext = .

.vfp11_veneer   0x08009364        0x0
 .vfp11_veneer  0x08009364        0x0 linker stubs

.v4_bx          0x08009364        0x0
 .v4_bx         0x08009364        0x0 linker stubs

.iplt           0x08009364        0x0
 .iplt          0x08009364        0x0 C:/ST/STM32CubeIDE_1.16.0/STM32CubeIDE/plugins/com.st.stm32cube.ide.mcu.externaltools.gnu-tools-for-stm32.12.3.rel1.win32_1.0.200.202406191623/tools/bin/../lib/gcc/arm-none-eabi/12.3.1/thumb/v7-m/nofp/crtbegin.o

.rodata         0x08009364       0x80
                0x08009364                        . = ALIGN (0x4)
 *(.rodata)
 *(.rodata*)
 .rodata.APBPrescTable
                0x08009364        0x8 ./src/bsp/system_stm32f1xx.o
                0x08009364                APBPrescTable
 .rodata.AHBPrescTable
                0x0800936c       0x10 ./src/bsp/system_stm32f1xx.o
                0x0800936c                AHBPrescTable
 .rodata.aPredivFactorTable.0
                0x0800937c        0x2 ./src/lib/cube_f103/Drivers/STM32F1xx_HAL_Driver/Src/stm32f1xx_hal_rcc.o
 .rodata.aPLLMULFactorTable.1
                0x0800937e       0x10 ./src/lib/cube_f103/Drivers/STM32F1xx_HAL_Driver/Src/stm32f1xx_hal_rcc.o
 .rodata.aPredivFactorTable.0
                0x0800938e        0x2 ./src/lib/cube_f103/Drivers/STM32F1xx_HAL_Driver/Src/stm32f1xx_hal_rcc_ex.o
 .rodata.aPLLMULFactorTable.1
                0x08009390       0x10 ./src/lib/cube_f103/Drivers/STM32F1xx_HAL_Driver/Src/stm32f1xx_hal_rcc_ex.o
 .rodata.USBD_FS_ManufacturerStrDescriptor.str1.1
                0x080093a0       0x13 ./src/lib/cube_f103/USB_DEVICE/App/usbd_desc.o
 .rodata.USBD_FS_ProductStrDescriptor.str1.1
                0x080093b3       0x16 ./src/lib/cube_f103/USB_DEVICE/App/usbd_desc.o
 .rodata.USBD_FS_ConfigStrDescriptor.str1.1
                0x080093c9        0xb ./src/lib/cube_f103/USB_DEVICE/App/usbd_desc.o
 .rodata.USBD_FS_InterfaceStrDescriptor.str1.1
                0x080093d4        0xe ./src/lib/cube_f103/USB_DEVICE/App/usbd_desc.o
                0x080093e4                        . = ALIGN (0x4)
 *fill*         0x080093e2        0x2 

.ARM.extab      0x080093e4        0x0
                0x080093e4                        . = ALIGN (0x4)
 *(.ARM.extab* .gnu.linkonce.armextab.*)
                0x080093e4                        . = ALIGN (0x4)

.ARM            0x080093e4        0x8
                0x080093e4                        . = ALIGN (0x4)
                0x080093e4                        __exidx_start = .
 *(.ARM.exidx*)
 .ARM.exidx     0x080093e4        0x8 C:/ST/STM32CubeIDE_1.16.0/STM32CubeIDE/plugins/com.st.stm32cube.ide.mcu.externaltools.gnu-tools-for-stm32.12.3.rel1.win32_1.0.200.202406191623/tools/bin/../lib/gcc/arm-none-eabi/12.3.1/../../../../arm-none-eabi/lib/thumb/v7-m/nofp\libc_nano.a(libc_a-strlen.o)
                0x080093ec                        __exidx_end = .
                0x080093ec                        . = ALIGN (0x4)

.rel.dyn        0x080093ec        0x0
 .rel.iplt      0x080093ec        0x0 C:/ST/STM32CubeIDE_1.16.0/STM32CubeIDE/plugins/com.st.stm32cube.ide.mcu.externaltools.gnu-tools-for-stm32.12.3.rel1.win32_1.0.200.202406191623/tools/bin/../lib/gcc/arm-none-eabi/12.3.1/thumb/v7-m/nofp/crtbegin.o

.preinit_array  0x080093ec        0x0
                0x080093ec                        . = ALIGN (0x4)
                0x080093ec                        PROVIDE (__preinit_array_start = .)
 *(.preinit_array*)
                0x080093ec                        PROVIDE (__preinit_array_end = .)
                0x080093ec                        . = ALIGN (0x4)

.init_array     0x080093ec        0x4
                0x080093ec                        . = ALIGN (0x4)
                0x080093ec                        PROVIDE (__init_array_start = .)
 *(SORT_BY_NAME(.init_array.*))
 *(.init_array*)
 .init_array    0x080093ec        0x4 C:/ST/STM32CubeIDE_1.16.0/STM32CubeIDE/plugins/com.st.stm32cube.ide.mcu.externaltools.gnu-tools-for-stm32.12.3.rel1.win32_1.0.200.202406191623/tools/bin/../lib/gcc/arm-none-eabi/12.3.1/thumb/v7-m/nofp/crtbegin.o
                0x080093f0                        PROVIDE (__init_array_end = .)
                0x080093f0                        . = ALIGN (0x4)

.fini_array     0x080093f0        0x4
                0x080093f0                        . = ALIGN (0x4)
                [!provide]                        PROVIDE (__fini_array_start = .)
 *(SORT_BY_NAME(.fini_array.*))
 *(.fini_array*)
 .fini_array    0x080093f0        0x4 C:/ST/STM32CubeIDE_1.16.0/STM32CubeIDE/plugins/com.st.stm32cube.ide.mcu.externaltools.gnu-tools-for-stm32.12.3.rel1.win32_1.0.200.202406191623/tools/bin/../lib/gcc/arm-none-eabi/12.3.1/thumb/v7-m/nofp/crtbegin.o
                [!provide]                        PROVIDE (__fini_array_end = .)
                0x080093f4                        . = ALIGN (0x4)
                0x080093f4                        _sidata = LOADADDR (.data)

.data           0x20000000      0x184 load address 0x080093f4
                0x20000000                        . = ALIGN (0x4)
                0x20000000                        _sdata = .
 *(.data)
 *(.data*)
 .data.SystemCoreClock
                0x20000000        0x4 ./src/bsp/system_stm32f1xx.o
                0x20000000                SystemCoreClock
 .data.led_tbl  0x20000004        0x8 ./src/hw/driver/led.o
                0x20000004                led_tbl
 .data.uwTickFreq
                0x2000000c        0x1 ./src/lib/cube_f103/Drivers/STM32F1xx_HAL_Driver/Src/stm32f1xx_hal.o
                0x2000000c                uwTickFreq
 *fill*         0x2000000d        0x3 
 .data.uwTickPrio
                0x20000010        0x4 ./src/lib/cube_f103/Drivers/STM32F1xx_HAL_Driver/Src/stm32f1xx_hal.o
                0x20000010                uwTickPrio
 .data.USBD_CDC_OtherSpeedCfgDesc
                0x20000014       0x43 ./src/lib/cube_f103/Middlewares/ST/STM32_USB_Device_Library/Class/CDC/Src/usbd_cdc.o
                0x20000014                USBD_CDC_OtherSpeedCfgDesc
 *fill*         0x20000057        0x1 
 .data.USBD_CDC_CfgFSDesc
                0x20000058       0x43 ./src/lib/cube_f103/Middlewares/ST/STM32_USB_Device_Library/Class/CDC/Src/usbd_cdc.o
                0x20000058                USBD_CDC_CfgFSDesc
 *fill*         0x2000009b        0x1 
 .data.USBD_CDC_CfgHSDesc
                0x2000009c       0x43 ./src/lib/cube_f103/Middlewares/ST/STM32_USB_Device_Library/Class/CDC/Src/usbd_cdc.o
                0x2000009c                USBD_CDC_CfgHSDesc
 *fill*         0x200000df        0x1 
 .data.USBD_CDC
                0x200000e0       0x38 ./src/lib/cube_f103/Middlewares/ST/STM32_USB_Device_Library/Class/CDC/Src/usbd_cdc.o
                0x200000e0                USBD_CDC
 .data.USBD_Interface_fops_FS
                0x20000118       0x10 ./src/lib/cube_f103/USB_DEVICE/App/usbd_cdc_if.o
                0x20000118                USBD_Interface_fops_FS
 .data.rx_len   0x20000128        0x4 ./src/lib/cube_f103/USB_DEVICE/App/usbd_cdc_if.o
                0x20000128                rx_len
 .data.LineCoding
                0x2000012c        0x8 ./src/lib/cube_f103/USB_DEVICE/App/usbd_cdc_if.o
                0x2000012c                LineCoding
 .data.USBD_StringSerial
                0x20000134       0x1a ./src/lib/cube_f103/USB_DEVICE/App/usbd_desc.o
                0x20000134                USBD_StringSerial
 *fill*         0x2000014e        0x2 
 .data.USBD_LangIDDesc
                0x20000150        0x4 ./src/lib/cube_f103/USB_DEVICE/App/usbd_desc.o
                0x20000150                USBD_LangIDDesc
 .data.USBD_FS_DeviceDesc
                0x20000154       0x12 ./src/lib/cube_f103/USB_DEVICE/App/usbd_desc.o
                0x20000154                USBD_FS_DeviceDesc
 *fill*         0x20000166        0x2 
 .data.FS_Desc  0x20000168       0x1c ./src/lib/cube_f103/USB_DEVICE/App/usbd_desc.o
                0x20000168                FS_Desc
                0x20000184                        . = ALIGN (0x4)
                0x20000184                        _edata = .

.igot.plt       0x20000184        0x0 load address 0x08009578
 .igot.plt      0x20000184        0x0 C:/ST/STM32CubeIDE_1.16.0/STM32CubeIDE/plugins/com.st.stm32cube.ide.mcu.externaltools.gnu-tools-for-stm32.12.3.rel1.win32_1.0.200.202406191623/tools/bin/../lib/gcc/arm-none-eabi/12.3.1/thumb/v7-m/nofp/crtbegin.o
                0x20000184                        . = ALIGN (0x4)

.bss            0x20000184     0x13ac load address 0x08009578
                0x20000184                        _sbss = .
                0x20000184                        __bss_start__ = _sbss
 *(.bss)
 .bss           0x20000184       0x1c C:/ST/STM32CubeIDE_1.16.0/STM32CubeIDE/plugins/com.st.stm32cube.ide.mcu.externaltools.gnu-tools-for-stm32.12.3.rel1.win32_1.0.200.202406191623/tools/bin/../lib/gcc/arm-none-eabi/12.3.1/thumb/v7-m/nofp/crtbegin.o
 *(.bss*)
 .bss.flash_tbl
                0x200001a0      0x200 ./src/hw/driver/flash.o
 .bss.hrtc      0x200003a0       0x14 ./src/hw/driver/rtc.o
 .bss.hdma_usart1_rx
                0x200003b4       0x44 ./src/hw/driver/uart.o
                0x200003b4                hdma_usart1_rx
 .bss.huart1    0x200003f8       0x48 ./src/hw/driver/uart.o
                0x200003f8                huart1
 .bss.rx_buf    0x20000440      0x100 ./src/hw/driver/uart.o
 .bss.qbuffer   0x20000540       0x20 ./src/hw/driver/uart.o
 .bss.uwTick    0x20000560        0x4 ./src/lib/cube_f103/Drivers/STM32F1xx_HAL_Driver/Src/stm32f1xx_hal.o
                0x20000560                uwTick
 .bss.cfgidx.0  0x20000564        0x1 ./src/lib/cube_f103/Middlewares/ST/STM32_USB_Device_Library/Core/Src/usbd_ctlreq.o
 *fill*         0x20000565        0x3 
 .bss.hUsbDeviceFS
                0x20000568      0x2c4 ./src/lib/cube_f103/USB_DEVICE/App/usb_device.o
                0x20000568                hUsbDeviceFS
 .bss.UserTxBufferFS
                0x2000082c      0x200 ./src/lib/cube_f103/USB_DEVICE/App/usbd_cdc_if.o
                0x2000082c                UserTxBufferFS
 .bss.UserRxBufferFS
                0x20000a2c      0x200 ./src/lib/cube_f103/USB_DEVICE/App/usbd_cdc_if.o
                0x20000a2c                UserRxBufferFS
 .bss.rx_full   0x20000c2c        0x1 ./src/lib/cube_f103/USB_DEVICE/App/usbd_cdc_if.o
                0x20000c2c                rx_full
 .bss.rx_buf    0x20000c2d      0x200 ./src/lib/cube_f103/USB_DEVICE/App/usbd_cdc_if.o
                0x20000c2d                rx_buf
 *fill*         0x20000e2d        0x3 
 .bss.rx_out    0x20000e30        0x4 ./src/lib/cube_f103/USB_DEVICE/App/usbd_cdc_if.o
                0x20000e30                rx_out
 .bss.rx_in     0x20000e34        0x4 ./src/lib/cube_f103/USB_DEVICE/App/usbd_cdc_if.o
                0x20000e34                rx_in
 .bss.USBD_StrDesc
                0x20000e38      0x200 ./src/lib/cube_f103/USB_DEVICE/App/usbd_desc.o
                0x20000e38                USBD_StrDesc
 .bss.mem.0     0x20001038      0x220 ./src/lib/cube_f103/USB_DEVICE/Target/usbd_conf.o
 .bss.hpcd_USB_FS
                0x20001258      0x2d8 ./src/lib/cube_f103/USB_DEVICE/Target/usbd_conf.o
                0x20001258                hpcd_USB_FS
 *(COMMON)
                0x20001530                        . = ALIGN (0x4)
                0x20001530                        _ebss = .
                0x20001530                        __bss_end__ = _ebss

._user_heap_stack
                0x20001530      0x600 load address 0x08009578
                0x20001530                        . = ALIGN (0x8)
                [!provide]                        PROVIDE (end = .)
                0x20001530                        PROVIDE (_end = .)
                0x20001730                        . = (. + _Min_Heap_Size)
 *fill*         0x20001530      0x200 
                0x20001b30                        . = (. + _Min_Stack_Size)
 *fill*         0x20001730      0x400 
                0x20001b30                        . = ALIGN (0x8)

/DISCARD/
 libc.a(*)
 libm.a(*)
 libgcc.a(*)

.ARM.attributes
                0x00000000       0x29
 *(.ARM.attributes)
 .ARM.attributes
                0x00000000       0x1d C:/ST/STM32CubeIDE_1.16.0/STM32CubeIDE/plugins/com.st.stm32cube.ide.mcu.externaltools.gnu-tools-for-stm32.12.3.rel1.win32_1.0.200.202406191623/tools/bin/../lib/gcc/arm-none-eabi/12.3.1/thumb/v7-m/nofp/crti.o
 .ARM.attributes
                0x0000001d       0x2d C:/ST/STM32CubeIDE_1.16.0/STM32CubeIDE/plugins/com.st.stm32cube.ide.mcu.externaltools.gnu-tools-for-stm32.12.3.rel1.win32_1.0.200.202406191623/tools/bin/../lib/gcc/arm-none-eabi/12.3.1/thumb/v7-m/nofp/crtbegin.o
 .ARM.attributes
                0x0000004a       0x2d ./src/ap/ap.o
 .ARM.attributes
                0x00000077       0x2d ./src/bsp/bsp.o
 .ARM.attributes
                0x000000a4       0x2d ./src/bsp/stm32f1xx_hal_msp.o
 .ARM.attributes
                0x000000d1       0x2d ./src/bsp/stm32f1xx_it.o
 .ARM.attributes
                0x000000fe       0x2d ./src/bsp/system_stm32f1xx.o
 .ARM.attributes
                0x0000012b       0x21 ./src/bsp/startup/startup_stm32f103c8tx.o
 .ARM.attributes
                0x0000014c       0x2d ./src/common/core/qbuffer.o
 .ARM.attributes
                0x00000179       0x2d ./src/hw/driver/flash.o
 .ARM.attributes
                0x000001a6       0x2d ./src/hw/driver/led.o
 .ARM.attributes
                0x000001d3       0x2d ./src/hw/driver/reset.o
 .ARM.attributes
                0x00000200       0x2d ./src/hw/driver/rtc.o
 .ARM.attributes
                0x0000022d       0x2d ./src/hw/driver/uart.o
 .ARM.attributes
                0x0000025a       0x2d ./src/hw/driver/usb.o
 .ARM.attributes
                0x00000287       0x2d ./src/hw/hw.o
 .ARM.attributes
                0x000002b4       0x2d ./src/lib/cube_f103/Drivers/STM32F1xx_HAL_Driver/Src/stm32f1xx_hal.o
 .ARM.attributes
                0x000002e1       0x2d ./src/lib/cube_f103/Drivers/STM32F1xx_HAL_Driver/Src/stm32f1xx_hal_cortex.o
 .ARM.attributes
                0x0000030e       0x2d ./src/lib/cube_f103/Drivers/STM32F1xx_HAL_Driver/Src/stm32f1xx_hal_dma.o
 .ARM.attributes
                0x0000033b       0x2d ./src/lib/cube_f103/Drivers/STM32F1xx_HAL_Driver/Src/stm32f1xx_hal_gpio.o
 .ARM.attributes
                0x00000368       0x2d ./src/lib/cube_f103/Drivers/STM32F1xx_HAL_Driver/Src/stm32f1xx_hal_pcd.o
 .ARM.attributes
                0x00000395       0x2d ./src/lib/cube_f103/Drivers/STM32F1xx_HAL_Driver/Src/stm32f1xx_hal_pcd_ex.o
 .ARM.attributes
                0x000003c2       0x2d ./src/lib/cube_f103/Drivers/STM32F1xx_HAL_Driver/Src/stm32f1xx_hal_pwr.o
 .ARM.attributes
                0x000003ef       0x2d ./src/lib/cube_f103/Drivers/STM32F1xx_HAL_Driver/Src/stm32f1xx_hal_rcc.o
 .ARM.attributes
                0x0000041c       0x2d ./src/lib/cube_f103/Drivers/STM32F1xx_HAL_Driver/Src/stm32f1xx_hal_rcc_ex.o
 .ARM.attributes
                0x00000449       0x2d ./src/lib/cube_f103/Drivers/STM32F1xx_HAL_Driver/Src/stm32f1xx_hal_rtc.o
 .ARM.attributes
                0x00000476       0x2d ./src/lib/cube_f103/Drivers/STM32F1xx_HAL_Driver/Src/stm32f1xx_hal_rtc_ex.o
 .ARM.attributes
                0x000004a3       0x2d ./src/lib/cube_f103/Drivers/STM32F1xx_HAL_Driver/Src/stm32f1xx_hal_uart.o
 .ARM.attributes
                0x000004d0       0x2d ./src/lib/cube_f103/Drivers/STM32F1xx_HAL_Driver/Src/stm32f1xx_ll_usb.o
 .ARM.attributes
                0x000004fd       0x2d ./src/lib/cube_f103/Middlewares/ST/STM32_USB_Device_Library/Class/CDC/Src/usbd_cdc.o
 .ARM.attributes
                0x0000052a       0x2d ./src/lib/cube_f103/Middlewares/ST/STM32_USB_Device_Library/Core/Src/usbd_core.o
 .ARM.attributes
                0x00000557       0x2d ./src/lib/cube_f103/Middlewares/ST/STM32_USB_Device_Library/Core/Src/usbd_ctlreq.o
 .ARM.attributes
                0x00000584       0x2d ./src/lib/cube_f103/Middlewares/ST/STM32_USB_Device_Library/Core/Src/usbd_ioreq.o
 .ARM.attributes
                0x000005b1       0x2d ./src/lib/cube_f103/USB_DEVICE/App/usb_device.o
 .ARM.attributes
                0x000005de       0x2d ./src/lib/cube_f103/USB_DEVICE/App/usbd_cdc_if.o
 .ARM.attributes
                0x0000060b       0x2d ./src/lib/cube_f103/USB_DEVICE/App/usbd_desc.o
 .ARM.attributes
                0x00000638       0x2d ./src/lib/cube_f103/USB_DEVICE/Target/usbd_conf.o
 .ARM.attributes
                0x00000665       0x2d ./src/main.o
 .ARM.attributes
                0x00000692       0x2d C:/ST/STM32CubeIDE_1.16.0/STM32CubeIDE/plugins/com.st.stm32cube.ide.mcu.externaltools.gnu-tools-for-stm32.12.3.rel1.win32_1.0.200.202406191623/tools/bin/../lib/gcc/arm-none-eabi/12.3.1/../../../../arm-none-eabi/lib/thumb/v7-m/nofp\libc_nano.a(libc_a-memset.o)
 .ARM.attributes
                0x000006bf       0x2d C:/ST/STM32CubeIDE_1.16.0/STM32CubeIDE/plugins/com.st.stm32cube.ide.mcu.externaltools.gnu-tools-for-stm32.12.3.rel1.win32_1.0.200.202406191623/tools/bin/../lib/gcc/arm-none-eabi/12.3.1/../../../../arm-none-eabi/lib/thumb/v7-m/nofp\libc_nano.a(libc_a-init.o)
 .ARM.attributes
                0x000006ec       0x17 C:/ST/STM32CubeIDE_1.16.0/STM32CubeIDE/plugins/com.st.stm32cube.ide.mcu.externaltools.gnu-tools-for-stm32.12.3.rel1.win32_1.0.200.202406191623/tools/bin/../lib/gcc/arm-none-eabi/12.3.1/../../../../arm-none-eabi/lib/thumb/v7-m/nofp\libc_nano.a(libc_a-strlen.o)
 .ARM.attributes
                0x00000703       0x1d C:/ST/STM32CubeIDE_1.16.0/STM32CubeIDE/plugins/com.st.stm32cube.ide.mcu.externaltools.gnu-tools-for-stm32.12.3.rel1.win32_1.0.200.202406191623/tools/bin/../lib/gcc/arm-none-eabi/12.3.1/thumb/v7-m/nofp/crtn.o
OUTPUT(stm32f103_fw.elf elf32-littlearm)
LOAD linker stubs
LOAD C:/ST/STM32CubeIDE_1.16.0/STM32CubeIDE/plugins/com.st.stm32cube.ide.mcu.externaltools.gnu-tools-for-stm32.12.3.rel1.win32_1.0.200.202406191623/tools/bin/../lib/gcc/arm-none-eabi/12.3.1/../../../../arm-none-eabi/lib/thumb/v7-m/nofp\libc.a
LOAD C:/ST/STM32CubeIDE_1.16.0/STM32CubeIDE/plugins/com.st.stm32cube.ide.mcu.externaltools.gnu-tools-for-stm32.12.3.rel1.win32_1.0.200.202406191623/tools/bin/../lib/gcc/arm-none-eabi/12.3.1/../../../../arm-none-eabi/lib/thumb/v7-m/nofp\libm.a
LOAD C:/ST/STM32CubeIDE_1.16.0/STM32CubeIDE/plugins/com.st.stm32cube.ide.mcu.externaltools.gnu-tools-for-stm32.12.3.rel1.win32_1.0.200.202406191623/tools/bin/../lib/gcc/arm-none-eabi/12.3.1/thumb/v7-m/nofp\libgcc.a

.debug_info     0x00000000    0x17b98
 .debug_info    0x00000000      0x183 ./src/ap/ap.o
 .debug_info    0x00000183      0x774 ./src/bsp/bsp.o
 .debug_info    0x000008f7      0x1ef ./src/bsp/stm32f1xx_hal_msp.o
 .debug_info    0x00000ae6      0xab5 ./src/bsp/stm32f1xx_it.o
 .debug_info    0x0000159b      0x3f1 ./src/bsp/system_stm32f1xx.o
 .debug_info    0x0000198c       0x30 ./src/bsp/startup/startup_stm32f103c8tx.o
 .debug_info    0x000019bc      0x2d7 ./src/common/core/qbuffer.o
 .debug_info    0x00001c93      0x573 ./src/hw/driver/flash.o
 .debug_info    0x00002206      0x4c2 ./src/hw/driver/led.o
 .debug_info    0x000026c8      0x217 ./src/hw/driver/reset.o
 .debug_info    0x000028df      0x51b ./src/hw/driver/rtc.o
 .debug_info    0x00002dfa     0x106e ./src/hw/driver/uart.o
 .debug_info    0x00003e68      0x2ac ./src/hw/driver/usb.o
 .debug_info    0x00004114      0x125 ./src/hw/hw.o
 .debug_info    0x00004239      0x7d8 ./src/lib/cube_f103/Drivers/STM32F1xx_HAL_Driver/Src/stm32f1xx_hal.o
 .debug_info    0x00004a11      0xce9 ./src/lib/cube_f103/Drivers/STM32F1xx_HAL_Driver/Src/stm32f1xx_hal_cortex.o
 .debug_info    0x000056fa      0x7de ./src/lib/cube_f103/Drivers/STM32F1xx_HAL_Driver/Src/stm32f1xx_hal_dma.o
 .debug_info    0x00005ed8      0x600 ./src/lib/cube_f103/Drivers/STM32F1xx_HAL_Driver/Src/stm32f1xx_hal_gpio.o
 .debug_info    0x000064d8     0x1d90 ./src/lib/cube_f103/Drivers/STM32F1xx_HAL_Driver/Src/stm32f1xx_hal_pcd.o
 .debug_info    0x00008268      0x6c4 ./src/lib/cube_f103/Drivers/STM32F1xx_HAL_Driver/Src/stm32f1xx_hal_pcd_ex.o
 .debug_info    0x0000892c      0x669 ./src/lib/cube_f103/Drivers/STM32F1xx_HAL_Driver/Src/stm32f1xx_hal_pwr.o
 .debug_info    0x00008f95      0x9f7 ./src/lib/cube_f103/Drivers/STM32F1xx_HAL_Driver/Src/stm32f1xx_hal_rcc.o
 .debug_info    0x0000998c      0x41c ./src/lib/cube_f103/Drivers/STM32F1xx_HAL_Driver/Src/stm32f1xx_hal_rcc_ex.o
 .debug_info    0x00009da8     0x129e ./src/lib/cube_f103/Drivers/STM32F1xx_HAL_Driver/Src/stm32f1xx_hal_rtc.o
 .debug_info    0x0000b046      0x748 ./src/lib/cube_f103/Drivers/STM32F1xx_HAL_Driver/Src/stm32f1xx_hal_rtc_ex.o
 .debug_info    0x0000b78e     0x4018 ./src/lib/cube_f103/Drivers/STM32F1xx_HAL_Driver/Src/stm32f1xx_hal_uart.o
 .debug_info    0x0000f7a6     0x1952 ./src/lib/cube_f103/Drivers/STM32F1xx_HAL_Driver/Src/stm32f1xx_ll_usb.o
 .debug_info    0x000110f8     0x12b5 ./src/lib/cube_f103/Middlewares/ST/STM32_USB_Device_Library/Class/CDC/Src/usbd_cdc.o
 .debug_info    0x000123ad      0xd72 ./src/lib/cube_f103/Middlewares/ST/STM32_USB_Device_Library/Core/Src/usbd_core.o
 .debug_info    0x0001311f      0xd4c ./src/lib/cube_f103/Middlewares/ST/STM32_USB_Device_Library/Core/Src/usbd_ctlreq.o
 .debug_info    0x00013e6b      0x7b1 ./src/lib/cube_f103/Middlewares/ST/STM32_USB_Device_Library/Core/Src/usbd_ioreq.o
 .debug_info    0x0001461c      0x6bf ./src/lib/cube_f103/USB_DEVICE/App/usb_device.o
 .debug_info    0x00014cdb      0xbef ./src/lib/cube_f103/USB_DEVICE/App/usbd_cdc_if.o
 .debug_info    0x000158ca      0x626 ./src/lib/cube_f103/USB_DEVICE/App/usbd_desc.o
 .debug_info    0x00015ef0     0x1be6 ./src/lib/cube_f103/USB_DEVICE/Target/usbd_conf.o
 .debug_info    0x00017ad6       0xc2 ./src/main.o

.debug_abbrev   0x00000000     0x5093
 .debug_abbrev  0x00000000       0xfb ./src/ap/ap.o
 .debug_abbrev  0x000000fb      0x27a ./src/bsp/bsp.o
 .debug_abbrev  0x00000375       0xe9 ./src/bsp/stm32f1xx_hal_msp.o
 .debug_abbrev  0x0000045e      0x1fc ./src/bsp/stm32f1xx_it.o
 .debug_abbrev  0x0000065a      0x141 ./src/bsp/system_stm32f1xx.o
 .debug_abbrev  0x0000079b       0x24 ./src/bsp/startup/startup_stm32f103c8tx.o
 .debug_abbrev  0x000007bf      0x130 ./src/common/core/qbuffer.o
 .debug_abbrev  0x000008ef      0x21d ./src/hw/driver/flash.o
 .debug_abbrev  0x00000b0c      0x265 ./src/hw/driver/led.o
 .debug_abbrev  0x00000d71      0x12d ./src/hw/driver/reset.o
 .debug_abbrev  0x00000e9e      0x1e5 ./src/hw/driver/rtc.o
 .debug_abbrev  0x00001083      0x3c3 ./src/hw/driver/uart.o
 .debug_abbrev  0x00001446      0x168 ./src/hw/driver/usb.o
 .debug_abbrev  0x000015ae       0x9b ./src/hw/hw.o
 .debug_abbrev  0x00001649      0x270 ./src/lib/cube_f103/Drivers/STM32F1xx_HAL_Driver/Src/stm32f1xx_hal.o
 .debug_abbrev  0x000018b9      0x369 ./src/lib/cube_f103/Drivers/STM32F1xx_HAL_Driver/Src/stm32f1xx_hal_cortex.o
 .debug_abbrev  0x00001c22      0x25e ./src/lib/cube_f103/Drivers/STM32F1xx_HAL_Driver/Src/stm32f1xx_hal_dma.o
 .debug_abbrev  0x00001e80      0x1f5 ./src/lib/cube_f103/Drivers/STM32F1xx_HAL_Driver/Src/stm32f1xx_hal_gpio.o
 .debug_abbrev  0x00002075      0x40b ./src/lib/cube_f103/Drivers/STM32F1xx_HAL_Driver/Src/stm32f1xx_hal_pcd.o
 .debug_abbrev  0x00002480      0x1d1 ./src/lib/cube_f103/Drivers/STM32F1xx_HAL_Driver/Src/stm32f1xx_hal_pcd_ex.o
 .debug_abbrev  0x00002651      0x1e9 ./src/lib/cube_f103/Drivers/STM32F1xx_HAL_Driver/Src/stm32f1xx_hal_pwr.o
 .debug_abbrev  0x0000283a      0x2fd ./src/lib/cube_f103/Drivers/STM32F1xx_HAL_Driver/Src/stm32f1xx_hal_rcc.o
 .debug_abbrev  0x00002b37      0x1d6 ./src/lib/cube_f103/Drivers/STM32F1xx_HAL_Driver/Src/stm32f1xx_hal_rcc_ex.o
 .debug_abbrev  0x00002d0d      0x314 ./src/lib/cube_f103/Drivers/STM32F1xx_HAL_Driver/Src/stm32f1xx_hal_rtc.o
 .debug_abbrev  0x00003021      0x260 ./src/lib/cube_f103/Drivers/STM32F1xx_HAL_Driver/Src/stm32f1xx_hal_rtc_ex.o
 .debug_abbrev  0x00003281      0x3f5 ./src/lib/cube_f103/Drivers/STM32F1xx_HAL_Driver/Src/stm32f1xx_hal_uart.o
 .debug_abbrev  0x00003676      0x29a ./src/lib/cube_f103/Drivers/STM32F1xx_HAL_Driver/Src/stm32f1xx_ll_usb.o
 .debug_abbrev  0x00003910      0x333 ./src/lib/cube_f103/Middlewares/ST/STM32_USB_Device_Library/Class/CDC/Src/usbd_cdc.o
 .debug_abbrev  0x00003c43      0x2f2 ./src/lib/cube_f103/Middlewares/ST/STM32_USB_Device_Library/Core/Src/usbd_core.o
 .debug_abbrev  0x00003f35      0x3a6 ./src/lib/cube_f103/Middlewares/ST/STM32_USB_Device_Library/Core/Src/usbd_ctlreq.o
 .debug_abbrev  0x000042db      0x1b4 ./src/lib/cube_f103/Middlewares/ST/STM32_USB_Device_Library/Core/Src/usbd_ioreq.o
 .debug_abbrev  0x0000448f      0x1b4 ./src/lib/cube_f103/USB_DEVICE/App/usb_device.o
 .debug_abbrev  0x00004643      0x3c5 ./src/lib/cube_f103/USB_DEVICE/App/usbd_cdc_if.o
 .debug_abbrev  0x00004a08      0x2d1 ./src/lib/cube_f103/USB_DEVICE/App/usbd_desc.o
 .debug_abbrev  0x00004cd9      0x358 ./src/lib/cube_f103/USB_DEVICE/Target/usbd_conf.o
 .debug_abbrev  0x00005031       0x62 ./src/main.o

.debug_loclists
                0x00000000     0x8ae1
 .debug_loclists
                0x00000000       0x27 ./src/ap/ap.o
 .debug_loclists
                0x00000027       0x38 ./src/bsp/bsp.o
 .debug_loclists
                0x0000005f       0x17 ./src/bsp/stm32f1xx_hal_msp.o
 .debug_loclists
                0x00000076       0xac ./src/bsp/system_stm32f1xx.o
 .debug_loclists
                0x00000122      0x1e0 ./src/common/core/qbuffer.o
 .debug_loclists
                0x00000302      0x2c7 ./src/hw/driver/flash.o
 .debug_loclists
                0x000005c9       0x98 ./src/hw/driver/led.o
 .debug_loclists
                0x00000661       0x7d ./src/hw/driver/rtc.o
 .debug_loclists
                0x000006de      0x2a5 ./src/hw/driver/uart.o
 .debug_loclists
                0x00000983       0xba ./src/lib/cube_f103/Drivers/STM32F1xx_HAL_Driver/Src/stm32f1xx_hal.o
 .debug_loclists
                0x00000a3d      0x347 ./src/lib/cube_f103/Drivers/STM32F1xx_HAL_Driver/Src/stm32f1xx_hal_cortex.o
 .debug_loclists
                0x00000d84      0x485 ./src/lib/cube_f103/Drivers/STM32F1xx_HAL_Driver/Src/stm32f1xx_hal_dma.o
 .debug_loclists
                0x00001209      0x2bb ./src/lib/cube_f103/Drivers/STM32F1xx_HAL_Driver/Src/stm32f1xx_hal_gpio.o
 .debug_loclists
                0x000014c4      0xc39 ./src/lib/cube_f103/Drivers/STM32F1xx_HAL_Driver/Src/stm32f1xx_hal_pcd.o
 .debug_loclists
                0x000020fd       0x76 ./src/lib/cube_f103/Drivers/STM32F1xx_HAL_Driver/Src/stm32f1xx_hal_pcd_ex.o
 .debug_loclists
                0x00002173       0x97 ./src/lib/cube_f103/Drivers/STM32F1xx_HAL_Driver/Src/stm32f1xx_hal_pwr.o
 .debug_loclists
                0x0000220a      0x3e1 ./src/lib/cube_f103/Drivers/STM32F1xx_HAL_Driver/Src/stm32f1xx_hal_rcc.o
 .debug_loclists
                0x000025eb      0x24c ./src/lib/cube_f103/Drivers/STM32F1xx_HAL_Driver/Src/stm32f1xx_hal_rcc_ex.o
 .debug_loclists
                0x00002837      0xb44 ./src/lib/cube_f103/Drivers/STM32F1xx_HAL_Driver/Src/stm32f1xx_hal_rtc.o
 .debug_loclists
                0x0000337b      0x302 ./src/lib/cube_f103/Drivers/STM32F1xx_HAL_Driver/Src/stm32f1xx_hal_rtc_ex.o
 .debug_loclists
                0x0000367d     0x272b ./src/lib/cube_f103/Drivers/STM32F1xx_HAL_Driver/Src/stm32f1xx_hal_uart.o
 .debug_loclists
                0x00005da8     0x10f8 ./src/lib/cube_f103/Drivers/STM32F1xx_HAL_Driver/Src/stm32f1xx_ll_usb.o
 .debug_loclists
                0x00006ea0      0x411 ./src/lib/cube_f103/Middlewares/ST/STM32_USB_Device_Library/Class/CDC/Src/usbd_cdc.o
 .debug_loclists
                0x000072b1      0x4dd ./src/lib/cube_f103/Middlewares/ST/STM32_USB_Device_Library/Core/Src/usbd_core.o
 .debug_loclists
                0x0000778e      0x692 ./src/lib/cube_f103/Middlewares/ST/STM32_USB_Device_Library/Core/Src/usbd_ctlreq.o
 .debug_loclists
                0x00007e20      0x198 ./src/lib/cube_f103/Middlewares/ST/STM32_USB_Device_Library/Core/Src/usbd_ioreq.o
 .debug_loclists
                0x00007fb8      0x329 ./src/lib/cube_f103/USB_DEVICE/App/usbd_cdc_if.o
 .debug_loclists
                0x000082e1      0x22a ./src/lib/cube_f103/USB_DEVICE/App/usbd_desc.o
 .debug_loclists
                0x0000850b      0x5d6 ./src/lib/cube_f103/USB_DEVICE/Target/usbd_conf.o

.debug_aranges  0x00000000     0x1098
 .debug_aranges
                0x00000000       0x28 ./src/ap/ap.o
 .debug_aranges
                0x00000028       0x48 ./src/bsp/bsp.o
 .debug_aranges
                0x00000070       0x20 ./src/bsp/stm32f1xx_hal_msp.o
 .debug_aranges
                0x00000090       0x78 ./src/bsp/stm32f1xx_it.o
 .debug_aranges
                0x00000108       0x28 ./src/bsp/system_stm32f1xx.o
 .debug_aranges
                0x00000130       0x28 ./src/bsp/startup/startup_stm32f103c8tx.o
 .debug_aranges
                0x00000158       0x48 ./src/common/core/qbuffer.o
 .debug_aranges
                0x000001a0       0x38 ./src/hw/driver/flash.o
 .debug_aranges
                0x000001d8       0x40 ./src/hw/driver/led.o
 .debug_aranges
                0x00000218       0x28 ./src/hw/driver/reset.o
 .debug_aranges
                0x00000240       0x40 ./src/hw/driver/rtc.o
 .debug_aranges
                0x00000280       0x78 ./src/hw/driver/uart.o
 .debug_aranges
                0x000002f8       0x20 ./src/hw/driver/usb.o
 .debug_aranges
                0x00000318       0x20 ./src/hw/hw.o
 .debug_aranges
                0x00000338       0xe0 ./src/lib/cube_f103/Drivers/STM32F1xx_HAL_Driver/Src/stm32f1xx_hal.o
 .debug_aranges
                0x00000418       0x90 ./src/lib/cube_f103/Drivers/STM32F1xx_HAL_Driver/Src/stm32f1xx_hal_cortex.o
 .debug_aranges
                0x000004a8       0x78 ./src/lib/cube_f103/Drivers/STM32F1xx_HAL_Driver/Src/stm32f1xx_hal_dma.o
 .debug_aranges
                0x00000520       0x58 ./src/lib/cube_f103/Drivers/STM32F1xx_HAL_Driver/Src/stm32f1xx_hal_gpio.o
 .debug_aranges
                0x00000578      0x128 ./src/lib/cube_f103/Drivers/STM32F1xx_HAL_Driver/Src/stm32f1xx_hal_pcd.o
 .debug_aranges
                0x000006a0       0x38 ./src/lib/cube_f103/Drivers/STM32F1xx_HAL_Driver/Src/stm32f1xx_hal_pcd_ex.o
 .debug_aranges
                0x000006d8       0xa8 ./src/lib/cube_f103/Drivers/STM32F1xx_HAL_Driver/Src/stm32f1xx_hal_pwr.o
 .debug_aranges
                0x00000780       0x88 ./src/lib/cube_f103/Drivers/STM32F1xx_HAL_Driver/Src/stm32f1xx_hal_rcc.o
 .debug_aranges
                0x00000808       0x30 ./src/lib/cube_f103/Drivers/STM32F1xx_HAL_Driver/Src/stm32f1xx_hal_rcc_ex.o
 .debug_aranges
                0x00000838       0xe8 ./src/lib/cube_f103/Drivers/STM32F1xx_HAL_Driver/Src/stm32f1xx_hal_rtc.o
 .debug_aranges
                0x00000920       0x88 ./src/lib/cube_f103/Drivers/STM32F1xx_HAL_Driver/Src/stm32f1xx_hal_rtc_ex.o
 .debug_aranges
                0x000009a8      0x1f0 ./src/lib/cube_f103/Drivers/STM32F1xx_HAL_Driver/Src/stm32f1xx_hal_uart.o
 .debug_aranges
                0x00000b98       0xf8 ./src/lib/cube_f103/Drivers/STM32F1xx_HAL_Driver/Src/stm32f1xx_ll_usb.o
 .debug_aranges
                0x00000c90       0x90 ./src/lib/cube_f103/Middlewares/ST/STM32_USB_Device_Library/Class/CDC/Src/usbd_cdc.o
 .debug_aranges
                0x00000d20       0xb8 ./src/lib/cube_f103/Middlewares/ST/STM32_USB_Device_Library/Core/Src/usbd_core.o
 .debug_aranges
                0x00000dd8       0x50 ./src/lib/cube_f103/Middlewares/ST/STM32_USB_Device_Library/Core/Src/usbd_ctlreq.o
 .debug_aranges
                0x00000e28       0x50 ./src/lib/cube_f103/Middlewares/ST/STM32_USB_Device_Library/Core/Src/usbd_ioreq.o
 .debug_aranges
                0x00000e78       0x20 ./src/lib/cube_f103/USB_DEVICE/App/usb_device.o
 .debug_aranges
                0x00000e98       0x70 ./src/lib/cube_f103/USB_DEVICE/App/usbd_cdc_if.o
 .debug_aranges
                0x00000f08       0x58 ./src/lib/cube_f103/USB_DEVICE/App/usbd_desc.o
 .debug_aranges
                0x00000f60      0x118 ./src/lib/cube_f103/USB_DEVICE/Target/usbd_conf.o
 .debug_aranges
                0x00001078       0x20 ./src/main.o

.debug_rnglists
                0x00000000     0x1206
 .debug_rnglists
                0x00000000       0x19 ./src/ap/ap.o
 .debug_rnglists
                0x00000019       0x53 ./src/bsp/bsp.o
 .debug_rnglists
                0x0000006c       0x37 ./src/bsp/stm32f1xx_hal_msp.o
 .debug_rnglists
                0x000000a3       0x55 ./src/bsp/stm32f1xx_it.o
 .debug_rnglists
                0x000000f8       0x19 ./src/bsp/system_stm32f1xx.o
 .debug_rnglists
                0x00000111       0x19 ./src/bsp/startup/startup_stm32f103c8tx.o
 .debug_rnglists
                0x0000012a       0x4f ./src/common/core/qbuffer.o
 .debug_rnglists
                0x00000179       0x7e ./src/hw/driver/flash.o
 .debug_rnglists
                0x000001f7       0x40 ./src/hw/driver/led.o
 .debug_rnglists
                0x00000237       0x19 ./src/hw/driver/reset.o
 .debug_rnglists
                0x00000250       0x49 ./src/hw/driver/rtc.o
 .debug_rnglists
                0x00000299       0x93 ./src/hw/driver/uart.o
 .debug_rnglists
                0x0000032c       0x13 ./src/hw/driver/usb.o
 .debug_rnglists
                0x0000033f       0x13 ./src/hw/hw.o
 .debug_rnglists
                0x00000352       0xa3 ./src/lib/cube_f103/Drivers/STM32F1xx_HAL_Driver/Src/stm32f1xx_hal.o
 .debug_rnglists
                0x000003f5       0xd3 ./src/lib/cube_f103/Drivers/STM32F1xx_HAL_Driver/Src/stm32f1xx_hal_cortex.o
 .debug_rnglists
                0x000004c8       0x70 ./src/lib/cube_f103/Drivers/STM32F1xx_HAL_Driver/Src/stm32f1xx_hal_dma.o
 .debug_rnglists
                0x00000538       0x52 ./src/lib/cube_f103/Drivers/STM32F1xx_HAL_Driver/Src/stm32f1xx_hal_gpio.o
 .debug_rnglists
                0x0000058a      0x1c2 ./src/lib/cube_f103/Drivers/STM32F1xx_HAL_Driver/Src/stm32f1xx_hal_pcd.o
 .debug_rnglists
                0x0000074c       0x25 ./src/lib/cube_f103/Drivers/STM32F1xx_HAL_Driver/Src/stm32f1xx_hal_pcd_ex.o
 .debug_rnglists
                0x00000771       0x79 ./src/lib/cube_f103/Drivers/STM32F1xx_HAL_Driver/Src/stm32f1xx_hal_pwr.o
 .debug_rnglists
                0x000007ea       0x85 ./src/lib/cube_f103/Drivers/STM32F1xx_HAL_Driver/Src/stm32f1xx_hal_rcc.o
 .debug_rnglists
                0x0000086f       0x3f ./src/lib/cube_f103/Drivers/STM32F1xx_HAL_Driver/Src/stm32f1xx_hal_rcc_ex.o
 .debug_rnglists
                0x000008ae       0xd7 ./src/lib/cube_f103/Drivers/STM32F1xx_HAL_Driver/Src/stm32f1xx_hal_rtc.o
 .debug_rnglists
                0x00000985       0x61 ./src/lib/cube_f103/Drivers/STM32F1xx_HAL_Driver/Src/stm32f1xx_hal_rtc_ex.o
 .debug_rnglists
                0x000009e6      0x1bd ./src/lib/cube_f103/Drivers/STM32F1xx_HAL_Driver/Src/stm32f1xx_hal_uart.o
 .debug_rnglists
                0x00000ba3      0x2ee ./src/lib/cube_f103/Drivers/STM32F1xx_HAL_Driver/Src/stm32f1xx_ll_usb.o
 .debug_rnglists
                0x00000e91       0x69 ./src/lib/cube_f103/Middlewares/ST/STM32_USB_Device_Library/Class/CDC/Src/usbd_cdc.o
 .debug_rnglists
                0x00000efa       0x86 ./src/lib/cube_f103/Middlewares/ST/STM32_USB_Device_Library/Core/Src/usbd_core.o
 .debug_rnglists
                0x00000f80       0x7e ./src/lib/cube_f103/Middlewares/ST/STM32_USB_Device_Library/Core/Src/usbd_ctlreq.o
 .debug_rnglists
                0x00000ffe       0x37 ./src/lib/cube_f103/Middlewares/ST/STM32_USB_Device_Library/Core/Src/usbd_ioreq.o
 .debug_rnglists
                0x00001035       0x13 ./src/lib/cube_f103/USB_DEVICE/App/usb_device.o
 .debug_rnglists
                0x00001048       0x6a ./src/lib/cube_f103/USB_DEVICE/App/usbd_cdc_if.o
 .debug_rnglists
                0x000010b2       0x61 ./src/lib/cube_f103/USB_DEVICE/App/usbd_desc.o
 .debug_rnglists
                0x00001113       0xe0 ./src/lib/cube_f103/USB_DEVICE/Target/usbd_conf.o
 .debug_rnglists
                0x000011f3       0x13 ./src/main.o

.debug_line     0x00000000    0x1354c
 .debug_line    0x00000000      0x2d7 ./src/ap/ap.o
 .debug_line    0x000002d7      0x5c2 ./src/bsp/bsp.o
 .debug_line    0x00000899      0x2c0 ./src/bsp/stm32f1xx_hal_msp.o
 .debug_line    0x00000b59      0x497 ./src/bsp/stm32f1xx_it.o
 .debug_line    0x00000ff0      0x3aa ./src/bsp/system_stm32f1xx.o
 .debug_line    0x0000139a       0x78 ./src/bsp/startup/startup_stm32f103c8tx.o
 .debug_line    0x00001412      0x390 ./src/common/core/qbuffer.o
 .debug_line    0x000017a2      0x4f2 ./src/hw/driver/flash.o
 .debug_line    0x00001c94      0x3df ./src/hw/driver/led.o
 .debug_line    0x00002073      0x32e ./src/hw/driver/reset.o
 .debug_line    0x000023a1      0x437 ./src/hw/driver/rtc.o
 .debug_line    0x000027d8      0x91e ./src/hw/driver/uart.o
 .debug_line    0x000030f6      0x39a ./src/hw/driver/usb.o
 .debug_line    0x00003490       0xe8 ./src/hw/hw.o
 .debug_line    0x00003578      0x6e8 ./src/lib/cube_f103/Drivers/STM32F1xx_HAL_Driver/Src/stm32f1xx_hal.o
 .debug_line    0x00003c60      0x7ec ./src/lib/cube_f103/Drivers/STM32F1xx_HAL_Driver/Src/stm32f1xx_hal_cortex.o
 .debug_line    0x0000444c      0xbe9 ./src/lib/cube_f103/Drivers/STM32F1xx_HAL_Driver/Src/stm32f1xx_hal_dma.o
 .debug_line    0x00005035      0x6fc ./src/lib/cube_f103/Drivers/STM32F1xx_HAL_Driver/Src/stm32f1xx_hal_gpio.o
 .debug_line    0x00005731     0x153b ./src/lib/cube_f103/Drivers/STM32F1xx_HAL_Driver/Src/stm32f1xx_hal_pcd.o
 .debug_line    0x00006c6c      0x3ed ./src/lib/cube_f103/Drivers/STM32F1xx_HAL_Driver/Src/stm32f1xx_hal_pcd_ex.o
 .debug_line    0x00007059      0x60d ./src/lib/cube_f103/Drivers/STM32F1xx_HAL_Driver/Src/stm32f1xx_hal_pwr.o
 .debug_line    0x00007666      0xd54 ./src/lib/cube_f103/Drivers/STM32F1xx_HAL_Driver/Src/stm32f1xx_hal_rcc.o
 .debug_line    0x000083ba      0x613 ./src/lib/cube_f103/Drivers/STM32F1xx_HAL_Driver/Src/stm32f1xx_hal_rcc_ex.o
 .debug_line    0x000089cd     0x11e5 ./src/lib/cube_f103/Drivers/STM32F1xx_HAL_Driver/Src/stm32f1xx_hal_rtc.o
 .debug_line    0x00009bb2      0x8d2 ./src/lib/cube_f103/Drivers/STM32F1xx_HAL_Driver/Src/stm32f1xx_hal_rtc_ex.o
 .debug_line    0x0000a484     0x4261 ./src/lib/cube_f103/Drivers/STM32F1xx_HAL_Driver/Src/stm32f1xx_hal_uart.o
 .debug_line    0x0000e6e5     0x1817 ./src/lib/cube_f103/Drivers/STM32F1xx_HAL_Driver/Src/stm32f1xx_ll_usb.o
 .debug_line    0x0000fefc      0x965 ./src/lib/cube_f103/Middlewares/ST/STM32_USB_Device_Library/Class/CDC/Src/usbd_cdc.o
 .debug_line    0x00010861      0x7df ./src/lib/cube_f103/Middlewares/ST/STM32_USB_Device_Library/Core/Src/usbd_core.o
 .debug_line    0x00011040      0x8f4 ./src/lib/cube_f103/Middlewares/ST/STM32_USB_Device_Library/Core/Src/usbd_ctlreq.o
 .debug_line    0x00011934      0x3dd ./src/lib/cube_f103/Middlewares/ST/STM32_USB_Device_Library/Core/Src/usbd_ioreq.o
 .debug_line    0x00011d11      0x3bb ./src/lib/cube_f103/USB_DEVICE/App/usb_device.o
 .debug_line    0x000120cc      0x67b ./src/lib/cube_f103/USB_DEVICE/App/usbd_cdc_if.o
 .debug_line    0x00012747      0x492 ./src/lib/cube_f103/USB_DEVICE/App/usbd_desc.o
 .debug_line    0x00012bd9      0x8d6 ./src/lib/cube_f103/USB_DEVICE/Target/usbd_conf.o
 .debug_line    0x000134af       0x9d ./src/main.o

.debug_str      0x00000000     0x4754
 .debug_str     0x00000000      0x180 ./src/ap/ap.o
                                0x1ca (size before relaxing)
 .debug_str     0x00000180      0x361 ./src/bsp/bsp.o
                                0x50d (size before relaxing)
 .debug_str     0x000004e1       0x59 ./src/bsp/stm32f1xx_hal_msp.o
                                0x211 (size before relaxing)
 .debug_str     0x0000053a      0x7cd ./src/bsp/stm32f1xx_it.o
                                0x9cf (size before relaxing)
 .debug_str     0x00000d07       0xd1 ./src/bsp/system_stm32f1xx.o
                                0x293 (size before relaxing)
 .debug_str     0x00000dd8       0x47 ./src/bsp/startup/startup_stm32f103c8tx.o
                                 0x64 (size before relaxing)
 .debug_str     0x00000e1f       0x94 ./src/common/core/qbuffer.o
                                0x225 (size before relaxing)
 .debug_str     0x00000eb3      0x15e ./src/hw/driver/flash.o
                                0x36f (size before relaxing)
 .debug_str     0x00001011       0x69 ./src/hw/driver/led.o
                                0x301 (size before relaxing)
 .debug_str     0x0000107a       0x60 ./src/hw/driver/reset.o
                                0x21d (size before relaxing)
 .debug_str     0x000010da      0x1b4 ./src/hw/driver/rtc.o
                                0x449 (size before relaxing)
 .debug_str     0x0000128e      0x4a8 ./src/hw/driver/uart.o
                                0xb90 (size before relaxing)
 .debug_str     0x00001736       0x32 ./src/hw/driver/usb.o
                                0x256 (size before relaxing)
 .debug_str     0x00001768       0x16 ./src/hw/hw.o
                                0x1b7 (size before relaxing)
 .debug_str     0x0000177e      0x2f8 ./src/lib/cube_f103/Drivers/STM32F1xx_HAL_Driver/Src/stm32f1xx_hal.o
                                0x82e (size before relaxing)
 .debug_str     0x00001a76      0x32a ./src/lib/cube_f103/Drivers/STM32F1xx_HAL_Driver/Src/stm32f1xx_hal_cortex.o
                                0x8d3 (size before relaxing)
 .debug_str     0x00001da0      0x227 ./src/lib/cube_f103/Drivers/STM32F1xx_HAL_Driver/Src/stm32f1xx_hal_dma.o
                                0x5fd (size before relaxing)
 .debug_str     0x00001fc7      0x106 ./src/lib/cube_f103/Drivers/STM32F1xx_HAL_Driver/Src/stm32f1xx_hal_gpio.o
                                0x400 (size before relaxing)
 .debug_str     0x000020cd      0x5bd ./src/lib/cube_f103/Drivers/STM32F1xx_HAL_Driver/Src/stm32f1xx_hal_pcd.o
                                0xb23 (size before relaxing)
 .debug_str     0x0000268a      0x182 ./src/lib/cube_f103/Drivers/STM32F1xx_HAL_Driver/Src/stm32f1xx_hal_pcd_ex.o
                                0x6d3 (size before relaxing)
 .debug_str     0x0000280c      0x229 ./src/lib/cube_f103/Drivers/STM32F1xx_HAL_Driver/Src/stm32f1xx_hal_pwr.o
                                0x49b (size before relaxing)
 .debug_str     0x00002a35      0x1eb ./src/lib/cube_f103/Drivers/STM32F1xx_HAL_Driver/Src/stm32f1xx_hal_rcc.o
                                0x62b (size before relaxing)
 .debug_str     0x00002c20       0xb1 ./src/lib/cube_f103/Drivers/STM32F1xx_HAL_Driver/Src/stm32f1xx_hal_rcc_ex.o
                                0x3d3 (size before relaxing)
 .debug_str     0x00002cd1      0x325 ./src/lib/cube_f103/Drivers/STM32F1xx_HAL_Driver/Src/stm32f1xx_hal_rtc.o
                                0x70f (size before relaxing)
 .debug_str     0x00002ff6      0x214 ./src/lib/cube_f103/Drivers/STM32F1xx_HAL_Driver/Src/stm32f1xx_hal_rtc_ex.o
                                0x5a1 (size before relaxing)
 .debug_str     0x0000320a      0x5b9 ./src/lib/cube_f103/Drivers/STM32F1xx_HAL_Driver/Src/stm32f1xx_hal_uart.o
                                0xcf4 (size before relaxing)
 .debug_str     0x000037c3      0x13b ./src/lib/cube_f103/Drivers/STM32F1xx_HAL_Driver/Src/stm32f1xx_ll_usb.o
                                0x725 (size before relaxing)
 .debug_str     0x000038fe      0x681 ./src/lib/cube_f103/Middlewares/ST/STM32_USB_Device_Library/Class/CDC/Src/usbd_cdc.o
                                0xc31 (size before relaxing)
 .debug_str     0x00003f7f      0x29f ./src/lib/cube_f103/Middlewares/ST/STM32_USB_Device_Library/Core/Src/usbd_core.o
                                0x831 (size before relaxing)
 .debug_str     0x0000421e      0x143 ./src/lib/cube_f103/Middlewares/ST/STM32_USB_Device_Library/Core/Src/usbd_ctlreq.o
                                0x763 (size before relaxing)
 .debug_str     0x00004361       0x63 ./src/lib/cube_f103/Middlewares/ST/STM32_USB_Device_Library/Core/Src/usbd_ioreq.o
                                0x678 (size before relaxing)
 .debug_str     0x000043c4       0x5d ./src/lib/cube_f103/USB_DEVICE/App/usb_device.o
                                0x659 (size before relaxing)
 .debug_str     0x00004421      0x114 ./src/lib/cube_f103/USB_DEVICE/App/usbd_cdc_if.o
                                0x7f6 (size before relaxing)
 .debug_str     0x00004535      0x182 ./src/lib/cube_f103/USB_DEVICE/App/usbd_desc.o
                                0x451 (size before relaxing)
 .debug_str     0x000046b7       0x8a ./src/lib/cube_f103/USB_DEVICE/Target/usbd_conf.o
                               0x11b1 (size before relaxing)
 .debug_str     0x00004741       0x13 ./src/main.o
                                0x186 (size before relaxing)

.comment        0x00000000       0x43
 .comment       0x00000000       0x43 ./src/ap/ap.o
                                 0x44 (size before relaxing)
 .comment       0x00000043       0x44 ./src/bsp/bsp.o
 .comment       0x00000043       0x44 ./src/bsp/stm32f1xx_hal_msp.o
 .comment       0x00000043       0x44 ./src/bsp/stm32f1xx_it.o
 .comment       0x00000043       0x44 ./src/bsp/system_stm32f1xx.o
 .comment       0x00000043       0x44 ./src/common/core/qbuffer.o
 .comment       0x00000043       0x44 ./src/hw/driver/flash.o
 .comment       0x00000043       0x44 ./src/hw/driver/led.o
 .comment       0x00000043       0x44 ./src/hw/driver/reset.o
 .comment       0x00000043       0x44 ./src/hw/driver/rtc.o
 .comment       0x00000043       0x44 ./src/hw/driver/uart.o
 .comment       0x00000043       0x44 ./src/hw/driver/usb.o
 .comment       0x00000043       0x44 ./src/hw/hw.o
 .comment       0x00000043       0x44 ./src/lib/cube_f103/Drivers/STM32F1xx_HAL_Driver/Src/stm32f1xx_hal.o
 .comment       0x00000043       0x44 ./src/lib/cube_f103/Drivers/STM32F1xx_HAL_Driver/Src/stm32f1xx_hal_cortex.o
 .comment       0x00000043       0x44 ./src/lib/cube_f103/Drivers/STM32F1xx_HAL_Driver/Src/stm32f1xx_hal_dma.o
 .comment       0x00000043       0x44 ./src/lib/cube_f103/Drivers/STM32F1xx_HAL_Driver/Src/stm32f1xx_hal_gpio.o
 .comment       0x00000043       0x44 ./src/lib/cube_f103/Drivers/STM32F1xx_HAL_Driver/Src/stm32f1xx_hal_pcd.o
 .comment       0x00000043       0x44 ./src/lib/cube_f103/Drivers/STM32F1xx_HAL_Driver/Src/stm32f1xx_hal_pcd_ex.o
 .comment       0x00000043       0x44 ./src/lib/cube_f103/Drivers/STM32F1xx_HAL_Driver/Src/stm32f1xx_hal_pwr.o
 .comment       0x00000043       0x44 ./src/lib/cube_f103/Drivers/STM32F1xx_HAL_Driver/Src/stm32f1xx_hal_rcc.o
 .comment       0x00000043       0x44 ./src/lib/cube_f103/Drivers/STM32F1xx_HAL_Driver/Src/stm32f1xx_hal_rcc_ex.o
 .comment       0x00000043       0x44 ./src/lib/cube_f103/Drivers/STM32F1xx_HAL_Driver/Src/stm32f1xx_hal_rtc.o
 .comment       0x00000043       0x44 ./src/lib/cube_f103/Drivers/STM32F1xx_HAL_Driver/Src/stm32f1xx_hal_rtc_ex.o
 .comment       0x00000043       0x44 ./src/lib/cube_f103/Drivers/STM32F1xx_HAL_Driver/Src/stm32f1xx_hal_uart.o
 .comment       0x00000043       0x44 ./src/lib/cube_f103/Drivers/STM32F1xx_HAL_Driver/Src/stm32f1xx_ll_usb.o
 .comment       0x00000043       0x44 ./src/lib/cube_f103/Middlewares/ST/STM32_USB_Device_Library/Class/CDC/Src/usbd_cdc.o
 .comment       0x00000043       0x44 ./src/lib/cube_f103/Middlewares/ST/STM32_USB_Device_Library/Core/Src/usbd_core.o
 .comment       0x00000043       0x44 ./src/lib/cube_f103/Middlewares/ST/STM32_USB_Device_Library/Core/Src/usbd_ctlreq.o
 .comment       0x00000043       0x44 ./src/lib/cube_f103/Middlewares/ST/STM32_USB_Device_Library/Core/Src/usbd_ioreq.o
 .comment       0x00000043       0x44 ./src/lib/cube_f103/USB_DEVICE/App/usb_device.o
 .comment       0x00000043       0x44 ./src/lib/cube_f103/USB_DEVICE/App/usbd_cdc_if.o
 .comment       0x00000043       0x44 ./src/lib/cube_f103/USB_DEVICE/App/usbd_desc.o
 .comment       0x00000043       0x44 ./src/lib/cube_f103/USB_DEVICE/Target/usbd_conf.o
 .comment       0x00000043       0x44 ./src/main.o

.debug_frame    0x00000000     0x2668
 .debug_frame   0x00000000       0x44 ./src/ap/ap.o
 .debug_frame   0x00000044       0x9c ./src/bsp/bsp.o